<html>
<body>
<pre>
<h1>µVision Build Log</h1>
<h2>Tool Versions:</h2>
IDE-Version: µVision V5.29.0.0
Copyright (C) 2019 ARM Ltd and ARM Germany GmbH. All rights reserved.
License Information: Amit Microsoft, Microsoft, LIC=----
 
Tool Versions:
Toolchain:       MDK-Lite  Version: 5.29.0.0
Toolchain Path:  C:\Keil_v5\ARM\ARMCC\Bin
C Compiler:      Armcc.exe V5.06 update 6 (build 750)
Assembler:       Armasm.exe V5.06 update 6 (build 750)
Linker/Locator:  ArmLink.exe V5.06 update 6 (build 750)
Library Manager: ArmAr.exe V5.06 update 6 (build 750)
Hex Converter:   FromElf.exe V5.06 update 6 (build 750)
CPU DLL:         SARMCM3.DLL V5.29.0.0
Dialog DLL:      DCM.DLL V1.17.3.0
Target DLL:      lmidk-agdi.dll V???
Dialog DLL:      TCM.DLL V1.36.5.0
 
<h2>Project:</h2>
D:\GitHub\TIVA-FreeRTOS\FreeRTOS\Blinky.uvprojx
Project File Date:  08/12/2020

<h2>Output:</h2>
*** Using Compiler 'V5.06 update 6 (build 750)', folder: 'C:\Keil_v5\ARM\ARMCC\Bin'
Build target 'Target 1'
compiling HAL_UART.c...
src\HAL_UART.c(113): warning:  #1-D: last line of file ends without a newline
  		 
src\HAL_UART.c: 1 warning, 0 errors
compiling main.c...
main.c(13): warning:  #177-D: variable "array"  was declared but never referenced
  	uint8_t array[5] = {1,3,5,7,9};
main.c(14): warning:  #177-D: variable "delay"  was declared but never referenced
   	const TickType_t delay =  pdMS_TO_TICKS(1000);
main.c(29): warning:  #177-D: variable "array"  was declared but never referenced
  	uint8_t array[5] = {2,4,6,8,10};
main.c: 3 warnings, 0 errors
linking...
Program Size: Code=11260 RO-data=652 RW-data=176 ZI-data=11240  
".\Objects\Blinky.axf" - 0 Error(s), 4 Warning(s).

<h2>Software Packages used:</h2>

Package Vendor: ARM
                http://www.keil.com/pack/ARM.CMSIS.5.6.0.pack
                ARM.CMSIS.5.6.0
                CMSIS (Cortex Microcontroller Software Interface Standard)
   * Component: RTOS2 Version: 2.1.3
   * Component: CORE Version: 5.3.0

Package Vendor: ARM
                http://www.keil.com/pack/ARM.CMSIS-FreeRTOS.10.0.1.pack
                ARM.CMSIS-FreeRTOS.10.0.1
                Bundle of FreeRTOS for Cortex-M and Cortex-A
   * Component: Config Variant: CMSIS RTOS2 Version: 10.0.1
   * Component: Core Version: 10.0.1
   * Component: Event Groups Version: 10.0.1
   * Component: Heap Variant: Heap_4 Version: 10.0.1
   * Component: Timers Version: 10.0.1
   * Component: FreeRTOS Version: 10.0.1

Package Vendor: Keil
                http://www.keil.com/pack/Keil.TM4C_DFP.1.1.0.pack
                Keil.TM4C_DFP.1.1.0
                Texas Instruments Tiva C Series Device Support and Examples
   * Component: Startup Version: 1.0.1

<h2>Collection of Component include folders:</h2>
  .\RTE\RTOS
  .\RTE\_Target_1
  C:\Keil_v5\ARM\PACK\ARM\CMSIS-FreeRTOS\10.0.1\CMSIS\RTOS2\FreeRTOS\Include
  C:\Keil_v5\ARM\PACK\ARM\CMSIS-FreeRTOS\10.0.1\Source\include
  C:\Keil_v5\ARM\PACK\ARM\CMSIS-FreeRTOS\10.0.1\Source\portable\RVDS\ARM_CM4F
  C:\Keil_v5\ARM\PACK\ARM\CMSIS\5.6.0\CMSIS\Core\Include
  C:\Keil_v5\ARM\PACK\ARM\CMSIS\5.6.0\CMSIS\RTOS2\Include
  C:\Keil_v5\ARM\PACK\Keil\TM4C_DFP\1.1.0\Device\Include\TM4C123

<h2>Collection of Component Files used:</h2>

   * Component: ::CMSIS:RTOS2:2.1.3 (API)
      Include file:  CMSIS\RTOS2\Include\cmsis_os2.h

   * Component: ARM.FreeRTOS::RTOS:Config:CMSIS RTOS2:10.0.1
      Include file:  CMSIS\RTOS2\FreeRTOS\Config\ARMCM\FreeRTOSConfig.h

   * Component: ARM.FreeRTOS::RTOS:Core:10.0.1
      Include file:  Source\include\FreeRTOS.h
      Include file:  Source\include\queue.h
      Include file:  Source\include\semphr.h
      Include file:  Source\include\task.h
      Source file:   Source\list.c
      Source file:   Source\queue.c
      Source file:   Source\tasks.c
      Source file:   Source\portable\RVDS\ARM_CM4F\port.c
      Include file:  CMSIS\RTOS2\FreeRTOS\Include\freertos_evr.h
      Source file:   CMSIS\RTOS2\FreeRTOS\Source\freertos_evr.c

   * Component: ARM.FreeRTOS::RTOS:Event Groups:10.0.1
      Include file:  Source\include\event_groups.h
      Source file:   Source\event_groups.c

   * Component: ARM.FreeRTOS::RTOS:Heap:Heap_4:10.0.1
      Source file:   Source\portable\MemMang\heap_4.c

   * Component: ARM.FreeRTOS::RTOS:Timers:10.0.1
      Include file:  Source\include\timers.h
      Source file:   Source\timers.c

   * Component: ARM::CMSIS:CORE:5.3.0

   * Component: ARM::CMSIS:RTOS2:FreeRTOS:10.0.1
      Source file:   CMSIS\RTOS2\FreeRTOS\Source\cmsis_os2.c
      Source file:   CMSIS\RTOS2\FreeRTOS\Source\ARM\clib_arm.c
      Source file:   CMSIS\RTOS2\FreeRTOS\Source\os_systick.c

   * Component: Keil::Device:Startup:1.0.1
      Include file:  Device\Include\TM4C123\TM4C123.h
      Source file:   Device\Source\ARM\startup_TM4C123.s
      Source file:   Device\Source\system_TM4C123.c
Build Time Elapsed:  00:00:01
</pre>
</body>
</html>
