Component: ARM Compiler 5.06 update 6 (build 750) Tool: armlink [4d35ed]

==============================================================================

Section Cross References

    main.o(i.main) refers to main.o(i.prvSetupHardware) for prvSetupHardware
    main.o(i.main) refers to hal_uart.o(i.UART_CharWrite) for UART_CharWrite
    main.o(i.main) refers to system_tm4c123.o(.data) for SystemCoreClock
    main.o(i.prvSetupHardware) refers to hal_uart.o(i.UART_Init) for UART_Init
    main.o(i.vBlinky) refers to hal_gpio.o(i.GPIO_PinWrite) for GPIO_PinWrite
    main.o(i.vBlinky1) refers to hal_gpio.o(i.GPIO_PinWrite) for GPIO_PinWrite
    main.o(i.vBlinky1) refers to tasks.o(i.vTaskDelay) for vTaskDelay
    hal_gpio.o(i.GPIO_EnableAltDigital) refers to hal_gpio.o(.data) for GPIOBaseAddress
    hal_gpio.o(i.GPIO_EnableDI) refers to hal_gpio.o(i.GPIO_InitPort) for GPIO_InitPort
    hal_gpio.o(i.GPIO_EnableDI) refers to hal_gpio.o(.data) for GPIOBaseAddress
    hal_gpio.o(i.GPIO_EnableDO) refers to hal_gpio.o(.data) for GPIOBaseAddress
    hal_gpio.o(i.GPIO_PinWrite) refers to hal_gpio.o(.data) for GPIOBaseAddress
    hal_uart.o(i.UART_CharWrite) refers to hal_uart.o(.data) for UART_BaseAddress
    hal_uart.o(i.UART_Init) refers to hal_gpio.o(i.GPIO_InitPort) for GPIO_InitPort
    hal_uart.o(i.UART_Init) refers to hal_gpio.o(i.GPIO_EnableAltDigital) for GPIO_EnableAltDigital
    hal_uart.o(i.UART_Init) refers to dflt_clz.o(x$fpl$dfltu) for __aeabi_ui2d
    hal_uart.o(i.UART_Init) refers to daddsub_clz.o(x$fpl$dadd) for __aeabi_dadd
    hal_uart.o(i.UART_Init) refers to dfixu.o(x$fpl$dfixu) for __aeabi_d2uiz
    hal_uart.o(i.UART_Init) refers to hal_uart.o(.data) for UART_BaseAddress
    hal_uart.o(i.UART_Init) refers to system_tm4c123.o(.data) for SystemCoreClock
    hal_uart.o(i.UART_StringWrite) refers to hal_uart.o(i.UART_CharWrite) for UART_CharWrite
    clib_arm.o(i.__user_perthread_libspace) refers to clib_arm.o(i.os_kernel_is_active) for os_kernel_is_active
    clib_arm.o(i.__user_perthread_libspace) refers to tasks.o(i.xTaskGetCurrentTaskHandle) for xTaskGetCurrentTaskHandle
    clib_arm.o(i.__user_perthread_libspace) refers to clib_arm.o(.bss) for os_libspace
    clib_arm.o(i._mutex_acquire) refers to clib_arm.o(i.os_kernel_is_active) for os_kernel_is_active
    clib_arm.o(i._mutex_acquire) refers to queue.o(i.xQueueSemaphoreTake) for xQueueSemaphoreTake
    clib_arm.o(i._mutex_free) refers to queue.o(i.vQueueDelete) for vQueueDelete
    clib_arm.o(i._mutex_free) refers to clib_arm.o(.bss) for clib_mutex_id
    clib_arm.o(i._mutex_initialize) refers to queue.o(i.xQueueCreateMutexStatic) for xQueueCreateMutexStatic
    clib_arm.o(i._mutex_initialize) refers to clib_arm.o(i.os_kernel_is_active) for os_kernel_is_active
    clib_arm.o(i._mutex_initialize) refers to queue.o(i.xQueueCreateMutex) for xQueueCreateMutex
    clib_arm.o(i._mutex_initialize) refers to clib_arm.o(.bss) for clib_mutex_id
    clib_arm.o(i._mutex_release) refers to clib_arm.o(i.os_kernel_is_active) for os_kernel_is_active
    clib_arm.o(i._mutex_release) refers to queue.o(i.xQueueGenericSend) for xQueueGenericSend
    clib_arm.o(i.os_kernel_is_active) refers to tasks.o(i.xTaskGetSchedulerState) for xTaskGetSchedulerState
    clib_arm.o(i.os_kernel_is_active) refers to clib_arm.o(.data) for os_kernel_active
    cmsis_os2.o(i.SysTick_Handler) refers to tasks.o(i.xTaskGetSchedulerState) for xTaskGetSchedulerState
    cmsis_os2.o(i.SysTick_Handler) refers to port.o(i.xPortSysTickHandler) for xPortSysTickHandler
    cmsis_os2.o(i.TimerCallback) refers to timers.o(i.pvTimerGetTimerID) for pvTimerGetTimerID
    cmsis_os2.o(i.osDelay) refers to cmsis_os2.o(i.__get_IPSR) for __get_IPSR
    cmsis_os2.o(i.osDelay) refers to cmsis_os2.o(i.__get_PRIMASK) for __get_PRIMASK
    cmsis_os2.o(i.osDelay) refers to cmsis_os2.o(i.__get_BASEPRI) for __get_BASEPRI
    cmsis_os2.o(i.osDelay) refers to tasks.o(i.vTaskDelay) for vTaskDelay
    cmsis_os2.o(i.osDelay) refers to cmsis_os2.o(.data) for KernelState
    cmsis_os2.o(i.osDelayUntil) refers to cmsis_os2.o(i.__get_IPSR) for __get_IPSR
    cmsis_os2.o(i.osDelayUntil) refers to cmsis_os2.o(i.__get_PRIMASK) for __get_PRIMASK
    cmsis_os2.o(i.osDelayUntil) refers to cmsis_os2.o(i.__get_BASEPRI) for __get_BASEPRI
    cmsis_os2.o(i.osDelayUntil) refers to tasks.o(i.xTaskGetTickCount) for xTaskGetTickCount
    cmsis_os2.o(i.osDelayUntil) refers to tasks.o(i.vTaskDelayUntil) for vTaskDelayUntil
    cmsis_os2.o(i.osDelayUntil) refers to cmsis_os2.o(.data) for KernelState
    cmsis_os2.o(i.osEventFlagsClear) refers to cmsis_os2.o(i.__get_IPSR) for __get_IPSR
    cmsis_os2.o(i.osEventFlagsClear) refers to cmsis_os2.o(i.__get_PRIMASK) for __get_PRIMASK
    cmsis_os2.o(i.osEventFlagsClear) refers to cmsis_os2.o(i.__get_BASEPRI) for __get_BASEPRI
[...]
    Removing cmsis_os2.o(i.osSemaphoreNew), (204 bytes).
    Removing cmsis_os2.o(i.osSemaphoreRelease), (116 bytes).
    Removing cmsis_os2.o(i.osThreadEnumerate), (132 bytes).
    Removing cmsis_os2.o(i.osThreadExit), (10 bytes).
    Removing cmsis_os2.o(i.osThreadFlagsClear), (112 bytes).
    Removing cmsis_os2.o(i.osThreadFlagsGet), (72 bytes).
    Removing cmsis_os2.o(i.osThreadFlagsSet), (152 bytes).
    Removing cmsis_os2.o(i.osThreadFlagsWait), (204 bytes).
    Removing cmsis_os2.o(i.osThreadGetCount), (48 bytes).
    Removing cmsis_os2.o(i.osThreadGetId), (12 bytes).
    Removing cmsis_os2.o(i.osThreadGetName), (56 bytes).
    Removing cmsis_os2.o(i.osThreadGetPriority), (56 bytes).
    Removing cmsis_os2.o(i.osThreadGetStackSpace), (56 bytes).
    Removing cmsis_os2.o(i.osThreadGetState), (96 bytes).
    Removing cmsis_os2.o(i.osThreadNew), (212 bytes).
    Removing cmsis_os2.o(i.osThreadResume), (64 bytes).
    Removing cmsis_os2.o(i.osThreadSetPriority), (80 bytes).
    Removing cmsis_os2.o(i.osThreadSuspend), (64 bytes).
    Removing cmsis_os2.o(i.osThreadTerminate), (84 bytes).
    Removing cmsis_os2.o(i.osThreadYield), (64 bytes).
    Removing cmsis_os2.o(i.osTimerDelete), (96 bytes).
    Removing cmsis_os2.o(i.osTimerGetName), (56 bytes).
    Removing cmsis_os2.o(i.osTimerIsRunning), (56 bytes).
    Removing cmsis_os2.o(i.osTimerNew), (212 bytes).
    Removing cmsis_os2.o(i.osTimerStart), (84 bytes).
    Removing cmsis_os2.o(i.osTimerStop), (96 bytes).
    Removing cmsis_os2.o(i.vApplicationGetIdleTaskMemory), (24 bytes).
    Removing cmsis_os2.o(i.vApplicationGetTimerTaskMemory), (24 bytes).
    Removing cmsis_os2.o(.bss), (1016 bytes).
    Removing cmsis_os2.o(.data), (4 bytes).
    Removing os_systick.o(.rev16_text), (4 bytes).
    Removing os_systick.o(.revsh_text), (4 bytes).
    Removing os_systick.o(.rrx_text), (6 bytes).
    Removing os_systick.o(i.OS_Tick_AcknowledgeIRQ), (8 bytes).
    Removing os_systick.o(i.OS_Tick_Disable), (52 bytes).
    Removing os_systick.o(i.OS_Tick_Enable), (48 bytes).
    Removing os_systick.o(i.OS_Tick_GetClock), (12 bytes).
    Removing os_systick.o(i.OS_Tick_GetCount), (12 bytes).
    Removing os_systick.o(i.OS_Tick_GetIRQn), (6 bytes).
    Removing os_systick.o(i.OS_Tick_GetInterval), (10 bytes).
    Removing os_systick.o(i.OS_Tick_GetOverflow), (12 bytes).
    Removing os_systick.o(i.OS_Tick_Setup), (112 bytes).
    Removing os_systick.o(.data), (1 bytes).
    Removing system_tm4c123.o(.rev16_text), (4 bytes).
    Removing system_tm4c123.o(.revsh_text), (4 bytes).
    Removing system_tm4c123.o(.rrx_text), (6 bytes).
    Removing system_tm4c123.o(i.SystemCoreClockUpdate), (196 bytes).
    Removing system_tm4c123.o(i.getOscClk), (244 bytes).
    Removing freertos_evr.o(.rev16_text), (4 bytes).
    Removing freertos_evr.o(.revsh_text), (4 bytes).
    Removing freertos_evr.o(.rrx_text), (6 bytes).
    Removing event_groups.o(.rev16_text), (4 bytes).
    Removing event_groups.o(.revsh_text), (4 bytes).
    Removing event_groups.o(.rrx_text), (6 bytes).
    Removing event_groups.o(i.prvTestWaitCondition), (30 bytes).
    Removing event_groups.o(i.uxEventGroupGetNumber), (14 bytes).
    Removing event_groups.o(i.vEventGroupClearBitsCallback), (16 bytes).
    Removing event_groups.o(i.vEventGroupDelete), (46 bytes).
    Removing event_groups.o(i.vEventGroupSetBitsCallback), (16 bytes).
    Removing event_groups.o(i.vEventGroupSetNumber), (4 bytes).
    Removing event_groups.o(i.xEventGroupClearBits), (32 bytes).
    Removing event_groups.o(i.xEventGroupClearBitsFromISR), (28 bytes).
    Removing event_groups.o(i.xEventGroupCreate), (30 bytes).
    Removing event_groups.o(i.xEventGroupCreateStatic), (26 bytes).
    Removing event_groups.o(i.xEventGroupGetBitsFromISR), (44 bytes).
    Removing event_groups.o(i.xEventGroupSetBits), (146 bytes).
    Removing event_groups.o(i.xEventGroupSetBitsFromISR), (36 bytes).
    Removing event_groups.o(i.xEventGroupSync), (168 bytes).
    Removing event_groups.o(i.xEventGroupWaitBits), (204 bytes).
    Removing list.o(.rev16_text), (4 bytes).
    Removing list.o(.revsh_text), (4 bytes).
    Removing list.o(.rrx_text), (6 bytes).
    Removing list.o(i.vListInitialiseItem), (6 bytes).
    Removing heap_4.o(.rev16_text), (4 bytes).
    Removing heap_4.o(.revsh_text), (4 bytes).
    Removing heap_4.o(.rrx_text), (6 bytes).
    Removing heap_4.o(i.vPortGetHeapStats), (128 bytes).
    Removing heap_4.o(i.vPortInitialiseBlocks), (2 bytes).
    Removing heap_4.o(i.xPortGetFreeHeapSize), (12 bytes).
    Removing heap_4.o(i.xPortGetMinimumEverFreeHeapSize), (12 bytes).
    Removing port.o(.rev16_text), (4 bytes).
    Removing port.o(.revsh_text), (4 bytes).
    Removing port.o(.rrx_text), (6 bytes).
    Removing port.o(i.prvTaskExitError), (22 bytes).
    Removing port.o(i.pxPortInitialiseStack), (44 bytes).
    Removing port.o(i.vPortEndScheduler), (2 bytes).
    Removing port.o(i.vPortSetupTimerInterrupt), (40 bytes).
    Removing port.o(i.xPortStartScheduler), (72 bytes).
    Removing queue.o(.rev16_text), (4 bytes).
    Removing queue.o(.revsh_text), (4 bytes).
    Removing queue.o(.rrx_text), (6 bytes).
    Removing queue.o(i.prvCopyDataFromQueue), (42 bytes).
    Removing queue.o(i.ucQueueGetQueueType), (8 bytes).
    Removing queue.o(i.uxQueueGetQueueNumber), (6 bytes).
    Removing queue.o(i.uxQueueMessagesWaiting), (18 bytes).
    Removing queue.o(i.uxQueueMessagesWaitingFromISR), (8 bytes).
    Removing queue.o(i.uxQueueSpacesAvailable), (24 bytes).
    Removing queue.o(i.vQueueSetQueueNumber), (4 bytes).
    Removing queue.o(i.vQueueWaitForMessageRestricted), (74 bytes).
    Removing queue.o(i.xQueueCreateCountingSemaphore), (26 bytes).
    Removing queue.o(i.xQueueCreateCountingSemaphoreStatic), (34 bytes).
    Removing queue.o(i.xQueueGenericSendFromISR), (138 bytes).
    Removing queue.o(i.xQueueGetMutexHolder), (28 bytes).
    Removing queue.o(i.xQueueGetMutexHolderFromISR), (14 bytes).
    Removing queue.o(i.xQueueGiveFromISR), (120 bytes).
    Removing queue.o(i.xQueueGiveMutexRecursive), (48 bytes).
    Removing queue.o(i.xQueueIsQueueEmptyFromISR), (16 bytes).
    Removing queue.o(i.xQueueIsQueueFullFromISR), (22 bytes).
    Removing queue.o(i.xQueuePeek), (268 bytes).
    Removing queue.o(i.xQueuePeekFromISR), (74 bytes).
    Removing queue.o(i.xQueueReceive), (260 bytes).
    Removing queue.o(i.xQueueReceiveFromISR), (130 bytes).
    Removing queue.o(i.xQueueTakeMutexRecursive), (54 bytes).
    Removing tasks.o(.rev16_text), (4 bytes).
    Removing tasks.o(.revsh_text), (4 bytes).
    Removing tasks.o(.rrx_text), (6 bytes).
    Removing tasks.o(i.eTaskGetState), (124 bytes).
    Removing tasks.o(i.pcTaskGetName), (24 bytes).
    Removing tasks.o(i.prvAddNewTaskToReadyList), (184 bytes).
    Removing tasks.o(i.prvCheckTasksWaitingTermination), (72 bytes).
    Removing tasks.o(i.prvDeleteTCB), (40 bytes).
    Removing tasks.o(i.prvIdleTask), (40 bytes).
    Removing tasks.o(i.prvInitialiseNewTask), (154 bytes).
    Removing tasks.o(i.prvInitialiseTaskLists), (104 bytes).
    Removing tasks.o(i.prvListTasksWithinSingleList), (106 bytes).
    Removing tasks.o(i.prvTaskCheckFreeStackSpace), (22 bytes).
    Removing tasks.o(i.prvTaskIsTaskSuspended), (64 bytes).
    Removing tasks.o(i.ulTaskNotifyTake), (116 bytes).
    Removing tasks.o(i.ulTaskNotifyValueClear), (52 bytes).
    Removing tasks.o(i.uxTaskGetNumberOfTasks), (12 bytes).
    Removing tasks.o(i.uxTaskGetStackHighWaterMark), (40 bytes).
    Removing tasks.o(i.uxTaskGetSystemState), (176 bytes).
    Removing tasks.o(i.uxTaskGetTaskNumber), (14 bytes).
    Removing tasks.o(i.uxTaskPriorityGet), (36 bytes).
    Removing tasks.o(i.uxTaskPriorityGetFromISR), (56 bytes).
    Removing tasks.o(i.uxTaskResetEventItemValue), (28 bytes).
    Removing tasks.o(i.vTaskDelay), (52 bytes).
    Removing tasks.o(i.vTaskDelayUntil), (116 bytes).
    Removing tasks.o(i.vTaskDelete), (160 bytes).
    Removing tasks.o(i.vTaskEndScheduler), (36 bytes).
    Removing tasks.o(i.vTaskGetInfo), (132 bytes).
    Removing tasks.o(i.vTaskNotifyGiveFromISR), (176 bytes).
    Removing tasks.o(i.vTaskPlaceOnEventListRestricted), (40 bytes).
    Removing tasks.o(i.vTaskPlaceOnUnorderedEventList), (44 bytes).
    Removing tasks.o(i.vTaskPrioritySet), (224 bytes).
    Removing tasks.o(i.vTaskRemoveFromUnorderedEventList), (96 bytes).
    Removing tasks.o(i.vTaskResume), (120 bytes).
    Removing tasks.o(i.vTaskSetTaskNumber), (8 bytes).
    Removing tasks.o(i.vTaskSetTimeOutState), (36 bytes).
    Removing tasks.o(i.vTaskStartScheduler), (148 bytes).
    Removing tasks.o(i.vTaskSuspend), (160 bytes).
    Removing tasks.o(i.xTaskCatchUpTicks), (36 bytes).
    Removing tasks.o(i.xTaskCreate), (100 bytes).
    Removing tasks.o(i.xTaskCreateStatic), (78 bytes).
    Removing tasks.o(i.xTaskGenericNotify), (196 bytes).
    Removing tasks.o(i.xTaskGenericNotifyFromISR), (252 bytes).
    Removing tasks.o(i.xTaskGetCurrentTaskHandle), (12 bytes).
    Removing tasks.o(i.xTaskGetTickCount), (12 bytes).
    Removing tasks.o(i.xTaskGetTickCountFromISR), (12 bytes).
    Removing tasks.o(i.xTaskNotifyStateClear), (52 bytes).
    Removing tasks.o(i.xTaskNotifyWait), (160 bytes).
    Removing tasks.o(i.xTaskResumeFromISR), (148 bytes).
    Removing timers.o(.rev16_text), (4 bytes).
    Removing timers.o(.revsh_text), (4 bytes).
    Removing timers.o(.rrx_text), (6 bytes).
    Removing timers.o(i.pcTimerGetName), (8 bytes).
    Removing timers.o(i.prvCheckForValidListAndQueue), (92 bytes).
    Removing timers.o(i.prvGetNextExpireTime), (40 bytes).
    Removing timers.o(i.prvInitialiseNewTimer), (58 bytes).
    Removing timers.o(i.prvInsertTimerInActiveList), (88 bytes).
    Removing timers.o(i.prvProcessExpiredTimer), (92 bytes).
    Removing timers.o(i.prvProcessReceivedCommands), (268 bytes).
    Removing timers.o(i.prvProcessTimerOrBlockTask), (116 bytes).
    Removing timers.o(i.prvSampleTimeNow), (44 bytes).
    Removing timers.o(i.prvSwitchTimerLists), (136 bytes).
    Removing timers.o(i.prvTimerTask), (26 bytes).
    Removing timers.o(i.pvTimerGetTimerID), (20 bytes).
    Removing timers.o(i.uxTimerGetReloadMode), (34 bytes).
    Removing timers.o(i.uxTimerGetTimerNumber), (6 bytes).
    Removing timers.o(i.vTimerSetReloadMode), (46 bytes).
    Removing timers.o(i.vTimerSetTimerID), (20 bytes).
    Removing timers.o(i.vTimerSetTimerNumber), (4 bytes).
    Removing timers.o(i.xTimerCreate), (54 bytes).
    Removing timers.o(i.xTimerCreateStatic), (48 bytes).
    Removing timers.o(i.xTimerCreateTimerTask), (96 bytes).
    Removing timers.o(i.xTimerGenericCommand), (108 bytes).
    Removing timers.o(i.xTimerGetExpiryTime), (8 bytes).
    Removing timers.o(i.xTimerGetPeriod), (8 bytes).
    Removing timers.o(i.xTimerGetTimerDaemonTaskHandle), (12 bytes).
    Removing timers.o(i.xTimerIsTimerActive), (34 bytes).
    Removing timers.o(i.xTimerPendFunctionCall), (52 bytes).
    Removing timers.o(i.xTimerPendFunctionCallFromISR), (52 bytes).
    Removing timers.o(.bss), (200 bytes).
    Removing timers.o(.data), (20 bytes).

268 unused section(s) (total 17829 bytes) removed from the image.

==============================================================================

Image Symbol Table

    Local Symbols

    Symbol Name                              Value     Ov Type        Size  Object(Section)

    RESET                                    0x00000000   Section      620  startup_tm4c123.o(RESET)
    ../clib/angel/boardlib.s                 0x00000000   Number         0  boardinit3.o ABSOLUTE
    ../clib/angel/boardlib.s                 0x00000000   Number         0  boardinit1.o ABSOLUTE
    ../clib/angel/boardlib.s                 0x00000000   Number         0  boardshut.o ABSOLUTE
    ../clib/angel/handlers.s                 0x00000000   Number         0  __scatter_copy.o ABSOLUTE
    ../clib/angel/handlers.s                 0x00000000   Number         0  __scatter_zi.o ABSOLUTE
    ../clib/angel/kernel.s                   0x00000000   Number         0  __rtentry.o ABSOLUTE
    ../clib/angel/kernel.s                   0x00000000   Number         0  __rtentry2.o ABSOLUTE
    ../clib/angel/kernel.s                   0x00000000   Number         0  __rtentry4.o ABSOLUTE
    ../clib/angel/kernel.s                   0x00000000   Number         0  rtexit2.o ABSOLUTE
    ../clib/angel/kernel.s                   0x00000000   Number         0  rtexit.o ABSOLUTE
    ../clib/angel/rt.s                       0x00000000   Number         0  rt_raise.o ABSOLUTE
    ../clib/angel/scatter.s                  0x00000000   Number         0  __scatter.o ABSOLUTE
    ../clib/angel/startup.s                  0x00000000   Number         0  __main.o ABSOLUTE
    ../clib/angel/sys.s                      0x00000000   Number         0  use_no_semi.o ABSOLUTE
    ../clib/angel/sys.s                      0x00000000   Number         0  indicate_semi.o ABSOLUTE
    ../clib/angel/sys.s                      0x00000000   Number         0  sys_stackheap_outer.o ABSOLUTE
    ../clib/angel/sys.s                      0x00000000   Number         0  libspace.o ABSOLUTE
    ../clib/angel/sysapp.c                   0x00000000   Number         0  sys_wrch.o ABSOLUTE
    ../clib/angel/sysapp.c                   0x00000000   Number         0  sys_command.o ABSOLUTE
    ../clib/angel/sysapp.c                   0x00000000   Number         0  sys_exit.o ABSOLUTE
    ../clib/armsys.c                         0x00000000   Number         0  argv_veneer.o ABSOLUTE
    ../clib/armsys.c                         0x00000000   Number         0  no_argv.o ABSOLUTE
    ../clib/armsys.c                         0x00000000   Number         0  _get_argv_nomalloc.o ABSOLUTE
    ../clib/armsys.c                         0x00000000   Number         0  argv_veneer.o ABSOLUTE
    ../clib/heapalloc.c                      0x00000000   Number         0  hrguard.o ABSOLUTE
    ../clib/heapaux.c                        0x00000000   Number         0  heapauxi.o ABSOLUTE
    ../clib/libinit.s                        0x00000000   Number         0  libshutdown.o ABSOLUTE
    ../clib/libinit.s                        0x00000000   Number         0  libinit2.o ABSOLUTE
    ../clib/libinit.s                        0x00000000   Number         0  libshutdown2.o ABSOLUTE
    ../clib/libinit.s                        0x00000000   Number         0  libinit.o ABSOLUTE
    ../clib/memcpset.s                       0x00000000   Number         0  rt_memclr.o ABSOLUTE
    ../clib/memcpset.s                       0x00000000   Number         0  rt_memclr_w.o ABSOLUTE
    ../clib/memcpset.s                       0x00000000   Number         0  rt_memcpy_w.o ABSOLUTE
    ../clib/memcpset.s                       0x00000000   Number         0  aeabi_memset.o ABSOLUTE
    ../clib/memcpset.s                       0x00000000   Number         0  rt_memcpy_v6.o ABSOLUTE
    ../clib/signal.c                         0x00000000   Number         0  defsig_segv_inner.o ABSOLUTE
    ../clib/signal.c                         0x00000000   Number         0  defsig_cppl_inner.o ABSOLUTE
    ../clib/signal.c                         0x00000000   Number         0  defsig_pvfn_inner.o ABSOLUTE
    ../clib/signal.c                         0x00000000   Number         0  defsig_rtmem_outer.o ABSOLUTE
    ../clib/signal.c                         0x00000000   Number         0  defsig_stak_inner.o ABSOLUTE
    ../clib/signal.c                         0x00000000   Number         0  defsig_rtred_inner.o ABSOLUTE
    ../clib/signal.c                         0x00000000   Number         0  defsig_fpe_inner.o ABSOLUTE
    ../clib/signal.c                         0x00000000   Number         0  defsig_rtmem_formal.o ABSOLUTE
    ../clib/signal.c                         0x00000000   Number         0  defsig_abrt_inner.o ABSOLUTE
    ../clib/signal.c                         0x00000000   Number         0  defsig_other.o ABSOLUTE
    ../clib/signal.c                         0x00000000   Number         0  defsig_general.o ABSOLUTE
    ../clib/signal.c                         0x00000000   Number         0  defsig_rtmem_inner.o ABSOLUTE
    ../clib/signal.c                         0x00000000   Number         0  defsig_exit.o ABSOLUTE
    ../clib/signal.c                         0x00000000   Number         0  __raise.o ABSOLUTE
    ../clib/signal.s                         0x00000000   Number         0  defsig.o ABSOLUTE
    ../clib/stdlib.c                         0x00000000   Number         0  exit.o ABSOLUTE
    ../fplib/daddsub.s                       0x00000000   Number         0  daddsub_clz.o ABSOLUTE
    ../fplib/dfixu.s                         0x00000000   Number         0  dfixu.o ABSOLUTE
    ../fplib/dflt.s                          0x00000000   Number         0  dflt_clz.o ABSOLUTE
    ../fplib/dnaninf.s                       0x00000000   Number         0  dnaninf.o ABSOLUTE
    ../fplib/dretinf.s                       0x00000000   Number         0  dretinf.o ABSOLUTE
    ../fplib/fpinit.s                        0x00000000   Number         0  fpinit.o ABSOLUTE
    ../fplib/usenofp.s                       0x00000000   Number         0  usenofp.o ABSOLUTE
    RTE\Device\TM4C123GH6PM\startup_TM4C123.s 0x00000000   Number         0  startup_tm4c123.o ABSOLUTE
    RTE\Device\TM4C123GH6PM\system_TM4C123.c 0x00000000   Number         0  system_tm4c123.o ABSOLUTE
    RTE\\Device\\TM4C123GH6PM\\system_TM4C123.c 0x00000000   Number         0  system_tm4c123.o ABSOLUTE
    d:\Users\admin.INTERFACEAUTO\AppData\Local\Arm\Packs\ARM\CMSIS-FreeRTOS\10.3.1\CMSIS\RTOS2\FreeRTOS\Source\ARM\clib_arm.c 0x00000000   Number         0  clib_arm.o ABSOLUTE
    d:\Users\admin.INTERFACEAUTO\AppData\Local\Arm\Packs\ARM\CMSIS-FreeRTOS\10.3.1\CMSIS\RTOS2\FreeRTOS\Source\cmsis_os2.c 0x00000000   Number         0  cmsis_os2.o ABSOLUTE
    d:\Users\admin.INTERFACEAUTO\AppData\Local\Arm\Packs\ARM\CMSIS-FreeRTOS\10.3.1\CMSIS\RTOS2\FreeRTOS\Source\freertos_evr.c 0x00000000   Number         0  freertos_evr.o ABSOLUTE
    d:\Users\admin.INTERFACEAUTO\AppData\Local\Arm\Packs\ARM\CMSIS-FreeRTOS\10.3.1\CMSIS\RTOS2\FreeRTOS\Source\os_systick.c 0x00000000   Number         0  os_systick.o ABSOLUTE
    d:\Users\admin.INTERFACEAUTO\AppData\Local\Arm\Packs\ARM\CMSIS-FreeRTOS\10.3.1\Source\event_groups.c 0x00000000   Number         0  event_groups.o ABSOLUTE
    d:\Users\admin.INTERFACEAUTO\AppData\Local\Arm\Packs\ARM\CMSIS-FreeRTOS\10.3.1\Source\list.c 0x00000000   Number         0  list.o ABSOLUTE
    d:\Users\admin.INTERFACEAUTO\AppData\Local\Arm\Packs\ARM\CMSIS-FreeRTOS\10.3.1\Source\portable\MemMang\heap_4.c 0x00000000   Number         0  heap_4.o ABSOLUTE
    d:\Users\admin.INTERFACEAUTO\AppData\Local\Arm\Packs\ARM\CMSIS-FreeRTOS\10.3.1\Source\portable\RVDS\ARM_CM4F\port.c 0x00000000   Number         0  port.o ABSOLUTE
    d:\Users\admin.INTERFACEAUTO\AppData\Local\Arm\Packs\ARM\CMSIS-FreeRTOS\10.3.1\Source\queue.c 0x00000000   Number         0  queue.o ABSOLUTE
    d:\Users\admin.INTERFACEAUTO\AppData\Local\Arm\Packs\ARM\CMSIS-FreeRTOS\10.3.1\Source\tasks.c 0x00000000   Number         0  tasks.o ABSOLUTE
    d:\Users\admin.INTERFACEAUTO\AppData\Local\Arm\Packs\ARM\CMSIS-FreeRTOS\10.3.1\Source\timers.c 0x00000000   Number         0  timers.o ABSOLUTE
    d:\\Users\\admin.INTERFACEAUTO\\AppData\\Local\\Arm\\Packs\\ARM\\CMSIS-FreeRTOS\\10.3.1\\CMSIS\\RTOS2\\FreeRTOS\\Source\\ARM\\clib_arm.c 0x00000000   Number         0  clib_arm.o ABSOLUTE
    d:\\Users\\admin.INTERFACEAUTO\\AppData\\Local\\Arm\\Packs\\ARM\\CMSIS-FreeRTOS\\10.3.1\\CMSIS\\RTOS2\\FreeRTOS\\Source\\cmsis_os2.c 0x00000000   Number         0  cmsis_os2.o ABSOLUTE
    d:\\Users\\admin.INTERFACEAUTO\\AppData\\Local\\Arm\\Packs\\ARM\\CMSIS-FreeRTOS\\10.3.1\\CMSIS\\RTOS2\\FreeRTOS\\Source\\freertos_evr.c 0x00000000   Number         0  freertos_evr.o ABSOLUTE
    d:\\Users\\admin.INTERFACEAUTO\\AppData\\Local\\Arm\\Packs\\ARM\\CMSIS-FreeRTOS\\10.3.1\\CMSIS\\RTOS2\\FreeRTOS\\Source\\os_systick.c 0x00000000   Number         0  os_systick.o ABSOLUTE
    d:\\Users\\admin.INTERFACEAUTO\\AppData\\Local\\Arm\\Packs\\ARM\\CMSIS-FreeRTOS\\10.3.1\\Source\\event_groups.c 0x00000000   Number         0  event_groups.o ABSOLUTE
    d:\\Users\\admin.INTERFACEAUTO\\AppData\\Local\\Arm\\Packs\\ARM\\CMSIS-FreeRTOS\\10.3.1\\Source\\list.c 0x00000000   Number         0  list.o ABSOLUTE
    d:\\Users\\admin.INTERFACEAUTO\\AppData\\Local\\Arm\\Packs\\ARM\\CMSIS-FreeRTOS\\10.3.1\\Source\\portable\\MemMang\\heap_4.c 0x00000000   Number         0  heap_4.o ABSOLUTE
    d:\\Users\\admin.INTERFACEAUTO\\AppData\\Local\\Arm\\Packs\\ARM\\CMSIS-FreeRTOS\\10.3.1\\Source\\portable\\RVDS\\ARM_CM4F\\port.c 0x00000000   Number         0  port.o ABSOLUTE
    d:\\Users\\admin.INTERFACEAUTO\\AppData\\Local\\Arm\\Packs\\ARM\\CMSIS-FreeRTOS\\10.3.1\\Source\\queue.c 0x00000000   Number         0  queue.o ABSOLUTE
    d:\\Users\\admin.INTERFACEAUTO\\AppData\\Local\\Arm\\Packs\\ARM\\CMSIS-FreeRTOS\\10.3.1\\Source\\tasks.c 0x00000000   Number         0  tasks.o ABSOLUTE
    d:\\Users\\admin.INTERFACEAUTO\\AppData\\Local\\Arm\\Packs\\ARM\\CMSIS-FreeRTOS\\10.3.1\\Source\\timers.c 0x00000000   Number         0  timers.o ABSOLUTE
    dc.s                                     0x00000000   Number         0  dc.o ABSOLUTE
    main.c                                   0x00000000   Number         0  main.o ABSOLUTE
    main.c                                   0x00000000   Number         0  main.o ABSOLUTE
    src\HAL_GPIO.c                           0x00000000   Number         0  hal_gpio.o ABSOLUTE
    src\HAL_UART.c                           0x00000000   Number         0  hal_uart.o ABSOLUTE
    src\\HAL_GPIO.c                          0x00000000   Number         0  hal_gpio.o ABSOLUTE
    src\\HAL_UART.c                          0x00000000   Number         0  hal_uart.o ABSOLUTE
    !!!main                                  0x0000026c   Section        8  __main.o(!!!main)
    !!!scatter                               0x00000274   Section       52  __scatter.o(!!!scatter)
    !!handler_copy                           0x000002a8   Section       26  __scatter_copy.o(!!handler_copy)
    !!handler_zi                             0x000002c4   Section       28  __scatter_zi.o(!!handler_zi)
    .ARM.Collect$$libinit$$00000000          0x000002e0   Section        2  libinit.o(.ARM.Collect$$libinit$$00000000)
    .ARM.Collect$$libinit$$00000001          0x000002e2   Section        4  libinit2.o(.ARM.Collect$$libinit$$00000001)
    .ARM.Collect$$libinit$$00000004          0x000002e6   Section        0  libinit2.o(.ARM.Collect$$libinit$$00000004)
    .ARM.Collect$$libinit$$0000000A          0x000002e6   Section        0  libinit2.o(.ARM.Collect$$libinit$$0000000A)
    .ARM.Collect$$libinit$$0000000C          0x000002e6   Section        0  libinit2.o(.ARM.Collect$$libinit$$0000000C)
    .ARM.Collect$$libinit$$0000000E          0x000002e6   Section        0  libinit2.o(.ARM.Collect$$libinit$$0000000E)
    .ARM.Collect$$libinit$$00000011          0x000002e6   Section        0  libinit2.o(.ARM.Collect$$libinit$$00000011)
    .ARM.Collect$$libinit$$00000013          0x000002e6   Section        0  libinit2.o(.ARM.Collect$$libinit$$00000013)
    .ARM.Collect$$libinit$$00000015          0x000002e6   Section        0  libinit2.o(.ARM.Collect$$libinit$$00000015)
    .ARM.Collect$$libinit$$00000017          0x000002e6   Section        0  libinit2.o(.ARM.Collect$$libinit$$00000017)
    .ARM.Collect$$libinit$$00000019          0x000002e6   Section        0  libinit2.o(.ARM.Collect$$libinit$$00000019)
    .ARM.Collect$$libinit$$0000001B          0x000002e6   Section        0  libinit2.o(.ARM.Collect$$libinit$$0000001B)
    .ARM.Collect$$libinit$$0000001D          0x000002e6   Section        0  libinit2.o(.ARM.Collect$$libinit$$0000001D)
    .ARM.Collect$$libinit$$0000001F          0x000002e6   Section        0  libinit2.o(.ARM.Collect$$libinit$$0000001F)
    .ARM.Collect$$libinit$$00000021          0x000002e6   Section        0  libinit2.o(.ARM.Collect$$libinit$$00000021)
    .ARM.Collect$$libinit$$00000023          0x000002e6   Section        0  libinit2.o(.ARM.Collect$$libinit$$00000023)
    .ARM.Collect$$libinit$$00000025          0x000002e6   Section        0  libinit2.o(.ARM.Collect$$libinit$$00000025)
    .ARM.Collect$$libinit$$0000002C          0x000002e6   Section        0  libinit2.o(.ARM.Collect$$libinit$$0000002C)
    .ARM.Collect$$libinit$$0000002E          0x000002e6   Section        0  libinit2.o(.ARM.Collect$$libinit$$0000002E)
    .ARM.Collect$$libinit$$00000030          0x000002e6   Section        0  libinit2.o(.ARM.Collect$$libinit$$00000030)
    .ARM.Collect$$libinit$$00000032          0x000002e6   Section        0  libinit2.o(.ARM.Collect$$libinit$$00000032)
    .ARM.Collect$$libinit$$00000033          0x000002e6   Section        2  libinit2.o(.ARM.Collect$$libinit$$00000033)
    .ARM.Collect$$libshutdown$$00000000      0x000002e8   Section        2  libshutdown.o(.ARM.Collect$$libshutdown$$00000000)
    .ARM.Collect$$libshutdown$$00000002      0x000002ea   Section        0  libshutdown2.o(.ARM.Collect$$libshutdown$$00000002)
    .ARM.Collect$$libshutdown$$00000004      0x000002ea   Section        0  libshutdown2.o(.ARM.Collect$$libshutdown$$00000004)
    .ARM.Collect$$libshutdown$$00000007      0x000002ea   Section        0  libshutdown2.o(.ARM.Collect$$libshutdown$$00000007)
    .ARM.Collect$$libshutdown$$0000000A      0x000002ea   Section        0  libshutdown2.o(.ARM.Collect$$libshutdown$$0000000A)
    .ARM.Collect$$libshutdown$$0000000C      0x000002ea   Section        0  libshutdown2.o(.ARM.Collect$$libshutdown$$0000000C)
    .ARM.Collect$$libshutdown$$0000000F      0x000002ea   Section        0  libshutdown2.o(.ARM.Collect$$libshutdown$$0000000F)
    .ARM.Collect$$libshutdown$$00000010      0x000002ea   Section        2  libshutdown2.o(.ARM.Collect$$libshutdown$$00000010)
    .ARM.Collect$$rtentry$$00000000          0x000002ec   Section        0  __rtentry.o(.ARM.Collect$$rtentry$$00000000)
    .ARM.Collect$$rtentry$$00000002          0x000002ec   Section        0  __rtentry2.o(.ARM.Collect$$rtentry$$00000002)
    .ARM.Collect$$rtentry$$00000004          0x000002ec   Section        6  __rtentry4.o(.ARM.Collect$$rtentry$$00000004)
    .ARM.Collect$$rtentry$$00000008          0x000002f2   Section        8  __rtentry2.o(.ARM.Collect$$rtentry$$00000008)
    .ARM.Collect$$rtentry$$0000000A          0x000002fa   Section        4  __rtentry2.o(.ARM.Collect$$rtentry$$0000000A)
    .ARM.Collect$$rtentry$$0000000C          0x000002fe   Section        0  __rtentry2.o(.ARM.Collect$$rtentry$$0000000C)
    .ARM.Collect$$rtentry$$0000000D          0x000002fe   Section        8  __rtentry2.o(.ARM.Collect$$rtentry$$0000000D)
    .ARM.Collect$$rtexit$$00000000           0x00000306   Section        2  rtexit.o(.ARM.Collect$$rtexit$$00000000)
    .ARM.Collect$$rtexit$$00000002           0x00000308   Section        0  rtexit2.o(.ARM.Collect$$rtexit$$00000002)
    .ARM.Collect$$rtexit$$00000003           0x00000308   Section        4  rtexit2.o(.ARM.Collect$$rtexit$$00000003)
    .ARM.Collect$$rtexit$$00000004           0x0000030c   Section        6  rtexit2.o(.ARM.Collect$$rtexit$$00000004)
    .emb_text                                0x00000314   Section      190  port.o(.emb_text)
    $v0                                      0x00000314   Number         0  port.o(.emb_text)
    .text                                    0x000003d4   Section      276  startup_tm4c123.o(.text)
    $v0                                      0x000003d4   Number         0  startup_tm4c123.o(.text)
    .text                                    0x000004e8   Section      138  rt_memcpy_v6.o(.text)
    .text                                    0x00000572   Section        0  heapauxi.o(.text)
    .text                                    0x00000578   Section      100  rt_memcpy_w.o(.text)
    .text                                    0x000005dc   Section       74  sys_stackheap_outer.o(.text)
    .text                                    0x00000626   Section        0  exit.o(.text)
    .text                                    0x00000638   Section        8  libspace.o(.text)
    .text                                    0x00000640   Section        0  sys_exit.o(.text)
    .text                                    0x0000064c   Section        2  use_no_semi.o(.text)
    .text                                    0x0000064e   Section        0  indicate_semi.o(.text)
    i.GPIO_EnableAltDigital                  0x00000650   Section        0  hal_gpio.o(i.GPIO_EnableAltDigital)
    i.GPIO_InitPort                          0x000006c4   Section        0  hal_gpio.o(i.GPIO_InitPort)
    i.SysTick_Handler                        0x000006f0   Section        0  cmsis_os2.o(i.SysTick_Handler)
    i.SystemInit                             0x00000708   Section        0  system_tm4c123.o(i.SystemInit)
    i.UART_CharWrite                         0x000007a0   Section        0  hal_uart.o(i.UART_CharWrite)
    i.UART_Init                              0x000007bc   Section        0  hal_uart.o(i.UART_Init)
    i._mutex_acquire                         0x000008d8   Section        0  clib_arm.o(i._mutex_acquire)
    __tagsym$$used                           0x000008d9   Number         0  clib_arm.o(i._mutex_acquire)
    i._mutex_free                            0x000008f0   Section        0  clib_arm.o(i._mutex_free)
    __tagsym$$used                           0x000008f1   Number         0  clib_arm.o(i._mutex_free)
    i._mutex_initialize                      0x00000924   Section        0  clib_arm.o(i._mutex_initialize)
    __tagsym$$used                           0x00000925   Number         0  clib_arm.o(i._mutex_initialize)
    i._mutex_release                         0x00000984   Section        0  clib_arm.o(i._mutex_release)
    __tagsym$$used                           0x00000985   Number         0  clib_arm.o(i._mutex_release)
    i._platform_post_stackheap_init          0x0000099c   Section        0  clib_arm.o(i._platform_post_stackheap_init)
    i.main                                   0x000009a0   Section        0  main.o(i.main)
    i.os_kernel_is_active                    0x000009c0   Section        0  clib_arm.o(i.os_kernel_is_active)
    os_kernel_is_active                      0x000009c1   Thumb Code    32  clib_arm.o(i.os_kernel_is_active)
    i.prvAddCurrentTaskToDelayedList         0x000009e4   Section        0  tasks.o(i.prvAddCurrentTaskToDelayedList)
    prvAddCurrentTaskToDelayedList           0x000009e5   Thumb Code   100  tasks.o(i.prvAddCurrentTaskToDelayedList)
    i.prvCopyDataToQueue                     0x00000a60   Section        0  queue.o(i.prvCopyDataToQueue)
    prvCopyDataToQueue                       0x00000a61   Thumb Code   126  queue.o(i.prvCopyDataToQueue)
    i.prvGetDisinheritPriorityAfterTimeout   0x00000ade   Section        0  queue.o(i.prvGetDisinheritPriorityAfterTimeout)
    prvGetDisinheritPriorityAfterTimeout     0x00000adf   Thumb Code    20  queue.o(i.prvGetDisinheritPriorityAfterTimeout)
    i.prvHeapInit                            0x00000af4   Section        0  heap_4.o(i.prvHeapInit)
    prvHeapInit                              0x00000af5   Thumb Code    98  heap_4.o(i.prvHeapInit)
    i.prvInitialiseMutex                     0x00000b70   Section        0  queue.o(i.prvInitialiseMutex)
    prvInitialiseMutex                       0x00000b71   Thumb Code    30  queue.o(i.prvInitialiseMutex)
    i.prvInitialiseNewQueue                  0x00000b8e   Section        0  queue.o(i.prvInitialiseNewQueue)
    prvInitialiseNewQueue                    0x00000b8f   Thumb Code    42  queue.o(i.prvInitialiseNewQueue)
    i.prvInsertBlockIntoFreeList             0x00000bb8   Section        0  heap_4.o(i.prvInsertBlockIntoFreeList)
    prvInsertBlockIntoFreeList               0x00000bb9   Thumb Code    96  heap_4.o(i.prvInsertBlockIntoFreeList)
    i.prvIsQueueEmpty                        0x00000c20   Section        0  queue.o(i.prvIsQueueEmpty)
    prvIsQueueEmpty                          0x00000c21   Thumb Code    26  queue.o(i.prvIsQueueEmpty)
    i.prvIsQueueFull                         0x00000c3a   Section        0  queue.o(i.prvIsQueueFull)
    prvIsQueueFull                           0x00000c3b   Thumb Code    30  queue.o(i.prvIsQueueFull)
    i.prvResetNextTaskUnblockTime            0x00000c58   Section        0  tasks.o(i.prvResetNextTaskUnblockTime)
    prvResetNextTaskUnblockTime              0x00000c59   Thumb Code    42  tasks.o(i.prvResetNextTaskUnblockTime)
    i.prvSetupHardware                       0x00000c8c   Section        0  main.o(i.prvSetupHardware)
    i.prvUnlockQueue                         0x00000c9c   Section        0  queue.o(i.prvUnlockQueue)
    prvUnlockQueue                           0x00000c9d   Thumb Code   126  queue.o(i.prvUnlockQueue)
    i.pvPortMalloc                           0x00000d1c   Section        0  heap_4.o(i.pvPortMalloc)
    i.pvTaskIncrementMutexHeldCount          0x00000dfc   Section        0  tasks.o(i.pvTaskIncrementMutexHeldCount)
    i.uxListRemove                           0x00000e1c   Section        0  list.o(i.uxListRemove)
    i.vApplicationStackOverflowHook          0x00000e44   Section        0  cmsis_os2.o(i.vApplicationStackOverflowHook)
    i.vListInitialise                        0x00000e46   Section        0  list.o(i.vListInitialise)
    i.vListInsert                            0x00000e60   Section        0  list.o(i.vListInsert)
    i.vListInsertEnd                         0x00000e94   Section        0  list.o(i.vListInsertEnd)
    i.vPortEnterCritical                     0x00000eac   Section        0  port.o(i.vPortEnterCritical)
    i.vPortExitCritical                      0x00000ed0   Section        0  port.o(i.vPortExitCritical)
    i.vPortFree                              0x00000ef0   Section        0  heap_4.o(i.vPortFree)
    i.vQueueDelete                           0x00000f48   Section        0  queue.o(i.vQueueDelete)
    i.vTaskInternalSetTimeOutState           0x00000f5c   Section        0  tasks.o(i.vTaskInternalSetTimeOutState)
    i.vTaskMissedYield                       0x00000f74   Section        0  tasks.o(i.vTaskMissedYield)
    i.vTaskPlaceOnEventList                  0x00000f80   Section        0  tasks.o(i.vTaskPlaceOnEventList)
    i.vTaskPriorityDisinheritAfterTimeout    0x00000fa0   Section        0  tasks.o(i.vTaskPriorityDisinheritAfterTimeout)
    i.vTaskSuspendAll                        0x0000102c   Section        0  tasks.o(i.vTaskSuspendAll)
    i.vTaskSwitchContext                     0x0000103c   Section        0  tasks.o(i.vTaskSwitchContext)
    i.xPortSysTickHandler                    0x000010ec   Section        0  port.o(i.xPortSysTickHandler)
    i.xQueueCreateMutex                      0x00001120   Section        0  queue.o(i.xQueueCreateMutex)
    i.xQueueCreateMutexStatic                0x00001142   Section        0  queue.o(i.xQueueCreateMutexStatic)
    i.xQueueGenericCreate                    0x0000116c   Section        0  queue.o(i.xQueueGenericCreate)
    i.xQueueGenericCreateStatic              0x000011a6   Section        0  queue.o(i.xQueueGenericCreateStatic)
    i.xQueueGenericReset                     0x000011d4   Section        0  queue.o(i.xQueueGenericReset)
    i.xQueueGenericSend                      0x00001254   Section        0  queue.o(i.xQueueGenericSend)
    i.xQueueSemaphoreTake                    0x0000136c   Section        0  queue.o(i.xQueueSemaphoreTake)
    i.xTaskCheckForTimeOut                   0x0000149c   Section        0  tasks.o(i.xTaskCheckForTimeOut)
    i.xTaskGetSchedulerState                 0x000014f8   Section        0  tasks.o(i.xTaskGetSchedulerState)
    i.xTaskIncrementTick                     0x00001518   Section        0  tasks.o(i.xTaskIncrementTick)
    i.xTaskPriorityDisinherit                0x00001630   Section        0  tasks.o(i.xTaskPriorityDisinherit)
    i.xTaskPriorityInherit                   0x00001690   Section        0  tasks.o(i.xTaskPriorityInherit)
    i.xTaskRemoveFromEventList               0x00001734   Section        0  tasks.o(i.xTaskRemoveFromEventList)
    i.xTaskResumeAll                         0x000017b4   Section        0  tasks.o(i.xTaskResumeAll)
    x$fpl$dadd                               0x0000189c   Section      336  daddsub_clz.o(x$fpl$dadd)
    $v0                                      0x0000189c   Number         0  daddsub_clz.o(x$fpl$dadd)
    _dadd1                                   0x000018ad   Thumb Code     0  daddsub_clz.o(x$fpl$dadd)
    x$fpl$dfixu                              0x000019ec   Section       90  dfixu.o(x$fpl$dfixu)
    $v0                                      0x000019ec   Number         0  dfixu.o(x$fpl$dfixu)
    x$fpl$dfltu                              0x00001a46   Section       38  dflt_clz.o(x$fpl$dfltu)
    $v0                                      0x00001a46   Number         0  dflt_clz.o(x$fpl$dfltu)
    x$fpl$dnaninf                            0x00001a6c   Section      156  dnaninf.o(x$fpl$dnaninf)
    $v0                                      0x00001a6c   Number         0  dnaninf.o(x$fpl$dnaninf)
    x$fpl$dretinf                            0x00001b08   Section       12  dretinf.o(x$fpl$dretinf)
    $v0                                      0x00001b08   Number         0  dretinf.o(x$fpl$dretinf)
    x$fpl$dsub                               0x00001b14   Section      468  daddsub_clz.o(x$fpl$dsub)
    $v0                                      0x00001b14   Number         0  daddsub_clz.o(x$fpl$dsub)
    _dsub1                                   0x00001b25   Thumb Code     0  daddsub_clz.o(x$fpl$dsub)
    x$fpl$fpinit                             0x00001ce8   Section       10  fpinit.o(x$fpl$fpinit)
    $v0                                      0x00001ce8   Number         0  fpinit.o(x$fpl$fpinit)
    x$fpl$usenofp                            0x00001cf2   Section        0  usenofp.o(x$fpl$usenofp)
    .data                                    0x20000000   Section       24  hal_gpio.o(.data)
    .data                                    0x20000018   Section       32  hal_uart.o(.data)
    .data                                    0x20000038   Section        1  clib_arm.o(.data)
    os_kernel_active                         0x20000038   Data           1  clib_arm.o(.data)
    .data                                    0x2000003c   Section        4  system_tm4c123.o(.data)
    .data                                    0x20000040   Section       32  heap_4.o(.data)
    xStart                                   0x20000040   Data           8  heap_4.o(.data)
    pxEnd                                    0x20000048   Data           4  heap_4.o(.data)
    xFreeBytesRemaining                      0x2000004c   Data           4  heap_4.o(.data)
    xMinimumEverFreeBytesRemaining           0x20000050   Data           4  heap_4.o(.data)
    xNumberOfSuccessfulAllocations           0x20000054   Data           4  heap_4.o(.data)
    xNumberOfSuccessfulFrees                 0x20000058   Data           4  heap_4.o(.data)
    xBlockAllocatedBit                       0x2000005c   Data           4  heap_4.o(.data)
    .data                                    0x20000060   Section        4  port.o(.data)
    uxCriticalNesting                        0x20000060   Data           4  port.o(.data)
    .data                                    0x20000064   Section       60  tasks.o(.data)
    pxDelayedTaskList                        0x20000068   Data           4  tasks.o(.data)
    pxOverflowDelayedTaskList                0x2000006c   Data           4  tasks.o(.data)
    uxDeletedTasksWaitingCleanUp             0x20000070   Data           4  tasks.o(.data)
    uxCurrentNumberOfTasks                   0x20000074   Data           4  tasks.o(.data)
    xTickCount                               0x20000078   Data           4  tasks.o(.data)
    uxTopReadyPriority                       0x2000007c   Data           4  tasks.o(.data)
    xSchedulerRunning                        0x20000080   Data           4  tasks.o(.data)
    xPendedTicks                             0x20000084   Data           4  tasks.o(.data)
    xYieldPending                            0x20000088   Data           4  tasks.o(.data)
    xNumOfOverflows                          0x2000008c   Data           4  tasks.o(.data)
    uxTaskNumber                             0x20000090   Data           4  tasks.o(.data)
    xNextTaskUnblockTime                     0x20000094   Data           4  tasks.o(.data)
    xIdleTaskHandle                          0x20000098   Data           4  tasks.o(.data)
    uxSchedulerSuspended                     0x2000009c   Data           4  tasks.o(.data)
    .bss                                     0x200000a0   Section      916  clib_arm.o(.bss)
    os_libspace                              0x200000a0   Data         480  clib_arm.o(.bss)
    os_libspace_id                           0x20000280   Data          16  clib_arm.o(.bss)
    clib_mutex_cb                            0x20000290   Data         400  clib_arm.o(.bss)
    clib_mutex_id                            0x20000420   Data          20  clib_arm.o(.bss)
    .bss                                     0x20000434   Section     8192  heap_4.o(.bss)
    ucHeap                                   0x20000434   Data        8192  heap_4.o(.bss)
    .bss                                     0x20002434   Section     1220  tasks.o(.bss)
    pxReadyTasksLists                        0x20002434   Data        1120  tasks.o(.bss)
    xDelayedTaskList1                        0x20002894   Data          20  tasks.o(.bss)
    xDelayedTaskList2                        0x200028a8   Data          20  tasks.o(.bss)
    xPendingReadyList                        0x200028bc   Data          20  tasks.o(.bss)
    xTasksWaitingTermination                 0x200028d0   Data          20  tasks.o(.bss)
    xSuspendedTaskList                       0x200028e4   Data          20  tasks.o(.bss)
    .bss                                     0x200028f8   Section       96  libspace.o(.bss)
    HEAP                                     0x20002958   Section        0  startup_tm4c123.o(HEAP)
    STACK                                    0x20002958   Section      512  startup_tm4c123.o(STACK)
    Heap_Mem                                 0x20002958   Data           0  startup_tm4c123.o(HEAP)
    Stack_Mem                                0x20002958   Data         512  startup_tm4c123.o(STACK)
    __initial_sp                             0x20002b58   Data           0  startup_tm4c123.o(STACK)

    Global Symbols

    Symbol Name                              Value     Ov Type        Size  Object(Section)

    BuildAttributes$$THM_ISAv4$E$P$D$K$B$S$7EM$VFPi3$EXTD16$VFPS$VFMA$PE$A:L22UL41UL21$X:L11$S22US41US21$IEEE1$IW$USESV6$~STKCKD$USESV7$~SHL$OSPACE$ROPI$EBA8$UX$STANDARDLIB$REQ8$PRES8$EABIv2 0x00000000   Number         0  anon$$obj.o ABSOLUTE
    __ARM_use_no_argv                        0x00000000   Number         0  main.o ABSOLUTE
    __Vectors                                0x00000000   Data           4  startup_tm4c123.o(RESET)
    __ARM_exceptions_init                     - Undefined Weak Reference
    __alloca_initialize                       - Undefined Weak Reference
    __arm_preinit_                            - Undefined Weak Reference
    __cpp_initialize__aeabi_                  - Undefined Weak Reference
    __cxa_finalize                            - Undefined Weak Reference
    __rt_locale                               - Undefined Weak Reference
    __sigvec_lookup                           - Undefined Weak Reference
    _atexit_init                              - Undefined Weak Reference
    _call_atexit_fns                          - Undefined Weak Reference
    _clock_init                               - Undefined Weak Reference
    _fp_trap_init                             - Undefined Weak Reference
    _fp_trap_shutdown                         - Undefined Weak Reference
    _get_lc_collate                           - Undefined Weak Reference
    _get_lc_ctype                             - Undefined Weak Reference
    _get_lc_monetary                          - Undefined Weak Reference
    _get_lc_numeric                           - Undefined Weak Reference
    _get_lc_time                              - Undefined Weak Reference
    _getenv_init                              - Undefined Weak Reference
    _handle_redirection                       - Undefined Weak Reference
    _init_alloc                               - Undefined Weak Reference
    _init_user_alloc                          - Undefined Weak Reference
    _initio                                   - Undefined Weak Reference
    _rand_init                                - Undefined Weak Reference
    _signal_finish                            - Undefined Weak Reference
    _signal_init                              - Undefined Weak Reference
    _terminate_alloc                          - Undefined Weak Reference
    _terminate_user_alloc                     - Undefined Weak Reference
    _terminateio                              - Undefined Weak Reference
    __Vectors_End                            0x0000026c   Data           0  startup_tm4c123.o(RESET)
    __Vectors_Size                           0x0000026c   Number         0  startup_tm4c123.o ABSOLUTE
    __main                                   0x0000026d   Thumb Code     8  __main.o(!!!main)
    __scatterload                            0x00000275   Thumb Code     0  __scatter.o(!!!scatter)
    __scatterload_rt2                        0x00000275   Thumb Code    44  __scatter.o(!!!scatter)
    __scatterload_rt2_thumb_only             0x00000275   Thumb Code     0  __scatter.o(!!!scatter)
    __scatterload_null                       0x00000283   Thumb Code     0  __scatter.o(!!!scatter)
    __scatterload_copy                       0x000002a9   Thumb Code    26  __scatter_copy.o(!!handler_copy)
    __scatterload_zeroinit                   0x000002c5   Thumb Code    28  __scatter_zi.o(!!handler_zi)
    __rt_lib_init                            0x000002e1   Thumb Code     0  libinit.o(.ARM.Collect$$libinit$$00000000)
    __rt_lib_init_fp_1                       0x000002e3   Thumb Code     0  libinit2.o(.ARM.Collect$$libinit$$00000001)
    __rt_lib_init_alloca_1                   0x000002e7   Thumb Code     0  libinit2.o(.ARM.Collect$$libinit$$0000002E)
    __rt_lib_init_argv_1                     0x000002e7   Thumb Code     0  libinit2.o(.ARM.Collect$$libinit$$0000002C)
    __rt_lib_init_atexit_1                   0x000002e7   Thumb Code     0  libinit2.o(.ARM.Collect$$libinit$$0000001B)
    __rt_lib_init_clock_1                    0x000002e7   Thumb Code     0  libinit2.o(.ARM.Collect$$libinit$$00000021)
    __rt_lib_init_cpp_1                      0x000002e7   Thumb Code     0  libinit2.o(.ARM.Collect$$libinit$$00000032)
    __rt_lib_init_exceptions_1               0x000002e7   Thumb Code     0  libinit2.o(.ARM.Collect$$libinit$$00000030)
    __rt_lib_init_fp_trap_1                  0x000002e7   Thumb Code     0  libinit2.o(.ARM.Collect$$libinit$$0000001F)
    __rt_lib_init_getenv_1                   0x000002e7   Thumb Code     0  libinit2.o(.ARM.Collect$$libinit$$00000023)
    __rt_lib_init_heap_1                     0x000002e7   Thumb Code     0  libinit2.o(.ARM.Collect$$libinit$$0000000A)
    __rt_lib_init_lc_collate_1               0x000002e7   Thumb Code     0  libinit2.o(.ARM.Collect$$libinit$$00000011)
    __rt_lib_init_lc_ctype_1                 0x000002e7   Thumb Code     0  libinit2.o(.ARM.Collect$$libinit$$00000013)
    __rt_lib_init_lc_monetary_1              0x000002e7   Thumb Code     0  libinit2.o(.ARM.Collect$$libinit$$00000015)
    __rt_lib_init_lc_numeric_1               0x000002e7   Thumb Code     0  libinit2.o(.ARM.Collect$$libinit$$00000017)
    __rt_lib_init_lc_time_1                  0x000002e7   Thumb Code     0  libinit2.o(.ARM.Collect$$libinit$$00000019)
    __rt_lib_init_preinit_1                  0x000002e7   Thumb Code     0  libinit2.o(.ARM.Collect$$libinit$$00000004)
    __rt_lib_init_rand_1                     0x000002e7   Thumb Code     0  libinit2.o(.ARM.Collect$$libinit$$0000000E)
    __rt_lib_init_return                     0x000002e7   Thumb Code     0  libinit2.o(.ARM.Collect$$libinit$$00000033)
    __rt_lib_init_signal_1                   0x000002e7   Thumb Code     0  libinit2.o(.ARM.Collect$$libinit$$0000001D)
    __rt_lib_init_stdio_1                    0x000002e7   Thumb Code     0  libinit2.o(.ARM.Collect$$libinit$$00000025)
    __rt_lib_init_user_alloc_1               0x000002e7   Thumb Code     0  libinit2.o(.ARM.Collect$$libinit$$0000000C)
    __rt_lib_shutdown                        0x000002e9   Thumb Code     0  libshutdown.o(.ARM.Collect$$libshutdown$$00000000)
    __rt_lib_shutdown_cpp_1                  0x000002eb   Thumb Code     0  libshutdown2.o(.ARM.Collect$$libshutdown$$00000002)
    __rt_lib_shutdown_fp_trap_1              0x000002eb   Thumb Code     0  libshutdown2.o(.ARM.Collect$$libshutdown$$00000007)
    __rt_lib_shutdown_heap_1                 0x000002eb   Thumb Code     0  libshutdown2.o(.ARM.Collect$$libshutdown$$0000000F)
    __rt_lib_shutdown_return                 0x000002eb   Thumb Code     0  libshutdown2.o(.ARM.Collect$$libshutdown$$00000010)
    __rt_lib_shutdown_signal_1               0x000002eb   Thumb Code     0  libshutdown2.o(.ARM.Collect$$libshutdown$$0000000A)
    __rt_lib_shutdown_stdio_1                0x000002eb   Thumb Code     0  libshutdown2.o(.ARM.Collect$$libshutdown$$00000004)
    __rt_lib_shutdown_user_alloc_1           0x000002eb   Thumb Code     0  libshutdown2.o(.ARM.Collect$$libshutdown$$0000000C)
    __rt_entry                               0x000002ed   Thumb Code     0  __rtentry.o(.ARM.Collect$$rtentry$$00000000)
    __rt_entry_presh_1                       0x000002ed   Thumb Code     0  __rtentry2.o(.ARM.Collect$$rtentry$$00000002)
    __rt_entry_sh                            0x000002ed   Thumb Code     0  __rtentry4.o(.ARM.Collect$$rtentry$$00000004)
    __rt_entry_postsh_1                      0x000002f3   Thumb Code     0  __rtentry2.o(.ARM.Collect$$rtentry$$00000008)
    __rt_entry_li                            0x000002fb   Thumb Code     0  __rtentry2.o(.ARM.Collect$$rtentry$$0000000A)
    __rt_entry_main                          0x000002ff   Thumb Code     0  __rtentry2.o(.ARM.Collect$$rtentry$$0000000D)
    __rt_entry_postli_1                      0x000002ff   Thumb Code     0  __rtentry2.o(.ARM.Collect$$rtentry$$0000000C)
    __rt_exit                                0x00000307   Thumb Code     0  rtexit.o(.ARM.Collect$$rtexit$$00000000)
    __rt_exit_ls                             0x00000309   Thumb Code     0  rtexit2.o(.ARM.Collect$$rtexit$$00000003)
    __rt_exit_prels_1                        0x00000309   Thumb Code     0  rtexit2.o(.ARM.Collect$$rtexit$$00000002)
    __rt_exit_exit                           0x0000030d   Thumb Code     0  rtexit2.o(.ARM.Collect$$rtexit$$00000004)
    SVC_Handler                              0x00000315   Thumb Code    28  port.o(.emb_text)
    __asm___6_port_c_39a90d8d__prvStartFirstTask 0x00000335   Thumb Code    36  port.o(.emb_text)
    __asm___6_port_c_39a90d8d__prvEnableVFP  0x0000035d   Thumb Code    16  port.o(.emb_text)
    PendSV_Handler                           0x00000371   Thumb Code    88  port.o(.emb_text)
    vPortGetIPSR                             0x000003cd   Thumb Code     6  port.o(.emb_text)
    Reset_Handler                            0x000003d5   Thumb Code     8  startup_tm4c123.o(.text)
    NMI_Handler                              0x000003dd   Thumb Code     2  startup_tm4c123.o(.text)
    HardFault_Handler                        0x000003df   Thumb Code     2  startup_tm4c123.o(.text)
    MemManage_Handler                        0x000003e1   Thumb Code     2  startup_tm4c123.o(.text)
    BusFault_Handler                         0x000003e3   Thumb Code     2  startup_tm4c123.o(.text)
    UsageFault_Handler                       0x000003e5   Thumb Code     2  startup_tm4c123.o(.text)
    DebugMon_Handler                         0x000003e9   Thumb Code     2  startup_tm4c123.o(.text)
    GPIOA_Handler                            0x000003ef   Thumb Code     2  startup_tm4c123.o(.text)
    GPIOB_Handler                            0x000003f1   Thumb Code     2  startup_tm4c123.o(.text)
    GPIOC_Handler                            0x000003f3   Thumb Code     2  startup_tm4c123.o(.text)
    GPIOD_Handler                            0x000003f5   Thumb Code     2  startup_tm4c123.o(.text)
    GPIOE_Handler                            0x000003f7   Thumb Code     2  startup_tm4c123.o(.text)
    UART0_Handler                            0x000003f9   Thumb Code     2  startup_tm4c123.o(.text)
    UART1_Handler                            0x000003fb   Thumb Code     2  startup_tm4c123.o(.text)
    SSI0_Handler                             0x000003fd   Thumb Code     2  startup_tm4c123.o(.text)
    I2C0_Handler                             0x000003ff   Thumb Code     2  startup_tm4c123.o(.text)
    PMW0_FAULT_Handler                       0x00000401   Thumb Code     2  startup_tm4c123.o(.text)
    PWM0_0_Handler                           0x00000403   Thumb Code     2  startup_tm4c123.o(.text)
    PWM0_1_Handler                           0x00000405   Thumb Code     2  startup_tm4c123.o(.text)
    PWM0_2_Handler                           0x00000407   Thumb Code     2  startup_tm4c123.o(.text)
    QEI0_Handler                             0x00000409   Thumb Code     2  startup_tm4c123.o(.text)
    ADC0SS0_Handler                          0x0000040b   Thumb Code     2  startup_tm4c123.o(.text)
    ADC0SS1_Handler                          0x0000040d   Thumb Code     2  startup_tm4c123.o(.text)
    ADC0SS2_Handler                          0x0000040f   Thumb Code     2  startup_tm4c123.o(.text)
    ADC0SS3_Handler                          0x00000411   Thumb Code     2  startup_tm4c123.o(.text)
    WDT0_Handler                             0x00000413   Thumb Code     2  startup_tm4c123.o(.text)
    TIMER0A_Handler                          0x00000415   Thumb Code     2  startup_tm4c123.o(.text)
    TIMER0B_Handler                          0x00000417   Thumb Code     2  startup_tm4c123.o(.text)
    TIMER1A_Handler                          0x00000419   Thumb Code     2  startup_tm4c123.o(.text)
    TIMER1B_Handler                          0x0000041b   Thumb Code     2  startup_tm4c123.o(.text)
    TIMER2A_Handler                          0x0000041d   Thumb Code     2  startup_tm4c123.o(.text)
    TIMER2B_Handler                          0x0000041f   Thumb Code     2  startup_tm4c123.o(.text)
    COMP0_Handler                            0x00000421   Thumb Code     2  startup_tm4c123.o(.text)
    COMP1_Handler                            0x00000423   Thumb Code     2  startup_tm4c123.o(.text)
    COMP2_Handler                            0x00000425   Thumb Code     2  startup_tm4c123.o(.text)
    SYSCTL_Handler                           0x00000427   Thumb Code     2  startup_tm4c123.o(.text)
    FLASH_Handler                            0x00000429   Thumb Code     2  startup_tm4c123.o(.text)
    GPIOF_Handler                            0x0000042b   Thumb Code     2  startup_tm4c123.o(.text)
    GPIOG_Handler                            0x0000042d   Thumb Code     2  startup_tm4c123.o(.text)
    GPIOH_Handler                            0x0000042f   Thumb Code     2  startup_tm4c123.o(.text)
    UART2_Handler                            0x00000431   Thumb Code     2  startup_tm4c123.o(.text)
    SSI1_Handler                             0x00000433   Thumb Code     2  startup_tm4c123.o(.text)
    TIMER3A_Handler                          0x00000435   Thumb Code     2  startup_tm4c123.o(.text)
    TIMER3B_Handler                          0x00000437   Thumb Code     2  startup_tm4c123.o(.text)
    I2C1_Handler                             0x00000439   Thumb Code     2  startup_tm4c123.o(.text)
    QEI1_Handler                             0x0000043b   Thumb Code     2  startup_tm4c123.o(.text)
    CAN0_Handler                             0x0000043d   Thumb Code     2  startup_tm4c123.o(.text)
    CAN1_Handler                             0x0000043f   Thumb Code     2  startup_tm4c123.o(.text)
    CAN2_Handler                             0x00000441   Thumb Code     2  startup_tm4c123.o(.text)
    HIB_Handler                              0x00000443   Thumb Code     2  startup_tm4c123.o(.text)
    USB0_Handler                             0x00000445   Thumb Code     2  startup_tm4c123.o(.text)
    PWM0_3_Handler                           0x00000447   Thumb Code     2  startup_tm4c123.o(.text)
    UDMA_Handler                             0x00000449   Thumb Code     2  startup_tm4c123.o(.text)
    UDMAERR_Handler                          0x0000044b   Thumb Code     2  startup_tm4c123.o(.text)
    ADC1SS0_Handler                          0x0000044d   Thumb Code     2  startup_tm4c123.o(.text)
    ADC1SS1_Handler                          0x0000044f   Thumb Code     2  startup_tm4c123.o(.text)
    ADC1SS2_Handler                          0x00000451   Thumb Code     2  startup_tm4c123.o(.text)
    ADC1SS3_Handler                          0x00000453   Thumb Code     2  startup_tm4c123.o(.text)
    GPIOJ_Handler                            0x00000455   Thumb Code     2  startup_tm4c123.o(.text)
    GPIOK_Handler                            0x00000457   Thumb Code     2  startup_tm4c123.o(.text)
    GPIOL_Handler                            0x00000459   Thumb Code     2  startup_tm4c123.o(.text)
    SSI2_Handler                             0x0000045b   Thumb Code     2  startup_tm4c123.o(.text)
    SSI3_Handler                             0x0000045d   Thumb Code     2  startup_tm4c123.o(.text)
    UART3_Handler                            0x0000045f   Thumb Code     2  startup_tm4c123.o(.text)
    UART4_Handler                            0x00000461   Thumb Code     2  startup_tm4c123.o(.text)
    UART5_Handler                            0x00000463   Thumb Code     2  startup_tm4c123.o(.text)
    UART6_Handler                            0x00000465   Thumb Code     2  startup_tm4c123.o(.text)
    UART7_Handler                            0x00000467   Thumb Code     2  startup_tm4c123.o(.text)
    I2C2_Handler                             0x00000469   Thumb Code     2  startup_tm4c123.o(.text)
    I2C3_Handler                             0x0000046b   Thumb Code     2  startup_tm4c123.o(.text)
    TIMER4A_Handler                          0x0000046d   Thumb Code     2  startup_tm4c123.o(.text)
    TIMER4B_Handler                          0x0000046f   Thumb Code     2  startup_tm4c123.o(.text)
    TIMER5A_Handler                          0x00000471   Thumb Code     2  startup_tm4c123.o(.text)
    TIMER5B_Handler                          0x00000473   Thumb Code     2  startup_tm4c123.o(.text)
    WTIMER0A_Handler                         0x00000475   Thumb Code     2  startup_tm4c123.o(.text)
    WTIMER0B_Handler                         0x00000477   Thumb Code     2  startup_tm4c123.o(.text)
    WTIMER1A_Handler                         0x00000479   Thumb Code     2  startup_tm4c123.o(.text)
    WTIMER1B_Handler                         0x0000047b   Thumb Code     2  startup_tm4c123.o(.text)
    WTIMER2A_Handler                         0x0000047d   Thumb Code     2  startup_tm4c123.o(.text)
    WTIMER2B_Handler                         0x0000047f   Thumb Code     2  startup_tm4c123.o(.text)
    WTIMER3A_Handler                         0x00000481   Thumb Code     2  startup_tm4c123.o(.text)
    WTIMER3B_Handler                         0x00000483   Thumb Code     2  startup_tm4c123.o(.text)
    WTIMER4A_Handler                         0x00000485   Thumb Code     2  startup_tm4c123.o(.text)
    WTIMER4B_Handler                         0x00000487   Thumb Code     2  startup_tm4c123.o(.text)
    WTIMER5A_Handler                         0x00000489   Thumb Code     2  startup_tm4c123.o(.text)
    WTIMER5B_Handler                         0x0000048b   Thumb Code     2  startup_tm4c123.o(.text)
    FPU_Handler                              0x0000048d   Thumb Code     2  startup_tm4c123.o(.text)
    I2C4_Handler                             0x0000048f   Thumb Code     2  startup_tm4c123.o(.text)
    I2C5_Handler                             0x00000491   Thumb Code     2  startup_tm4c123.o(.text)
    GPIOM_Handler                            0x00000493   Thumb Code     2  startup_tm4c123.o(.text)
    GPION_Handler                            0x00000495   Thumb Code     2  startup_tm4c123.o(.text)
    QEI2_Handler                             0x00000497   Thumb Code     2  startup_tm4c123.o(.text)
    GPIOP0_Handler                           0x00000499   Thumb Code     2  startup_tm4c123.o(.text)
    GPIOP1_Handler                           0x0000049b   Thumb Code     2  startup_tm4c123.o(.text)
    GPIOP2_Handler                           0x0000049d   Thumb Code     2  startup_tm4c123.o(.text)
    GPIOP3_Handler                           0x0000049f   Thumb Code     2  startup_tm4c123.o(.text)
    GPIOP4_Handler                           0x000004a1   Thumb Code     2  startup_tm4c123.o(.text)
    GPIOP5_Handler                           0x000004a3   Thumb Code     2  startup_tm4c123.o(.text)
    GPIOP6_Handler                           0x000004a5   Thumb Code     2  startup_tm4c123.o(.text)
    GPIOP7_Handler                           0x000004a7   Thumb Code     2  startup_tm4c123.o(.text)
    GPIOQ0_Handler                           0x000004a9   Thumb Code     2  startup_tm4c123.o(.text)
    GPIOQ1_Handler                           0x000004ab   Thumb Code     2  startup_tm4c123.o(.text)
    GPIOQ2_Handler                           0x000004ad   Thumb Code     2  startup_tm4c123.o(.text)
    GPIOQ3_Handler                           0x000004af   Thumb Code     2  startup_tm4c123.o(.text)
    GPIOQ4_Handler                           0x000004b1   Thumb Code     2  startup_tm4c123.o(.text)
    GPIOQ5_Handler                           0x000004b3   Thumb Code     2  startup_tm4c123.o(.text)
    GPIOQ6_Handler                           0x000004b5   Thumb Code     2  startup_tm4c123.o(.text)
    GPIOQ7_Handler                           0x000004b7   Thumb Code     2  startup_tm4c123.o(.text)
    GPIOR_Handler                            0x000004b9   Thumb Code     2  startup_tm4c123.o(.text)
    GPIOS_Handler                            0x000004bb   Thumb Code     2  startup_tm4c123.o(.text)
    PMW1_0_Handler                           0x000004bd   Thumb Code     2  startup_tm4c123.o(.text)
    PWM1_1_Handler                           0x000004bf   Thumb Code     2  startup_tm4c123.o(.text)
    PWM1_2_Handler                           0x000004c1   Thumb Code     2  startup_tm4c123.o(.text)
    PWM1_3_Handler                           0x000004c3   Thumb Code     2  startup_tm4c123.o(.text)
    PWM1_FAULT_Handler                       0x000004c5   Thumb Code     2  startup_tm4c123.o(.text)
    __user_initial_stackheap                 0x000004c9   Thumb Code     0  startup_tm4c123.o(.text)
    __aeabi_memcpy                           0x000004e9   Thumb Code     0  rt_memcpy_v6.o(.text)
    __rt_memcpy                              0x000004e9   Thumb Code   138  rt_memcpy_v6.o(.text)
    _memcpy_lastbytes                        0x0000054f   Thumb Code     0  rt_memcpy_v6.o(.text)
    __use_two_region_memory                  0x00000573   Thumb Code     2  heapauxi.o(.text)
    __rt_heap_escrow$2region                 0x00000575   Thumb Code     2  heapauxi.o(.text)
    __rt_heap_expand$2region                 0x00000577   Thumb Code     2  heapauxi.o(.text)
    __aeabi_memcpy4                          0x00000579   Thumb Code     0  rt_memcpy_w.o(.text)
    __aeabi_memcpy8                          0x00000579   Thumb Code     0  rt_memcpy_w.o(.text)
    __rt_memcpy_w                            0x00000579   Thumb Code   100  rt_memcpy_w.o(.text)
    _memcpy_lastbytes_aligned                0x000005c1   Thumb Code     0  rt_memcpy_w.o(.text)
    __user_setup_stackheap                   0x000005dd   Thumb Code    74  sys_stackheap_outer.o(.text)
    exit                                     0x00000627   Thumb Code    18  exit.o(.text)
    __user_libspace                          0x00000639   Thumb Code     8  libspace.o(.text)
    __user_perproc_libspace                  0x00000639   Thumb Code     0  libspace.o(.text)
    _sys_exit                                0x00000641   Thumb Code     8  sys_exit.o(.text)
    __I$use$semihosting                      0x0000064d   Thumb Code     0  use_no_semi.o(.text)
    __use_no_semihosting_swi                 0x0000064d   Thumb Code     2  use_no_semi.o(.text)
    __semihosting_library_function           0x0000064f   Thumb Code     0  indicate_semi.o(.text)
    GPIO_EnableAltDigital                    0x00000651   Thumb Code   110  hal_gpio.o(i.GPIO_EnableAltDigital)
    GPIO_InitPort                            0x000006c5   Thumb Code    40  hal_gpio.o(i.GPIO_InitPort)
    SysTick_Handler                          0x000006f1   Thumb Code    22  cmsis_os2.o(i.SysTick_Handler)
    SystemInit                               0x00000709   Thumb Code   112  system_tm4c123.o(i.SystemInit)
    UART_CharWrite                           0x000007a1   Thumb Code    22  hal_uart.o(i.UART_CharWrite)
    UART_Init                                0x000007bd   Thumb Code   264  hal_uart.o(i.UART_Init)
    _mutex_acquire                           0x000008d9   Thumb Code    22  clib_arm.o(i._mutex_acquire)
    _mutex_free                              0x000008f1   Thumb Code    46  clib_arm.o(i._mutex_free)
    _mutex_initialize                        0x00000925   Thumb Code    86  clib_arm.o(i._mutex_initialize)
    _mutex_release                           0x00000985   Thumb Code    24  clib_arm.o(i._mutex_release)
    _platform_post_stackheap_init            0x0000099d   Thumb Code     2  clib_arm.o(i._platform_post_stackheap_init)
    main                                     0x000009a1   Thumb Code    24  main.o(i.main)
    prvSetupHardware                         0x00000c8d   Thumb Code    16  main.o(i.prvSetupHardware)
    pvPortMalloc                             0x00000d1d   Thumb Code   198  heap_4.o(i.pvPortMalloc)
    pvTaskIncrementMutexHeldCount            0x00000dfd   Thumb Code    26  tasks.o(i.pvTaskIncrementMutexHeldCount)
    uxListRemove                             0x00000e1d   Thumb Code    40  list.o(i.uxListRemove)
    vApplicationStackOverflowHook            0x00000e45   Thumb Code     2  cmsis_os2.o(i.vApplicationStackOverflowHook)
    vListInitialise                          0x00000e47   Thumb Code    26  list.o(i.vListInitialise)
    vListInsert                              0x00000e61   Thumb Code    52  list.o(i.vListInsert)
    vListInsertEnd                           0x00000e95   Thumb Code    24  list.o(i.vListInsertEnd)
    vPortEnterCritical                       0x00000ead   Thumb Code    30  port.o(i.vPortEnterCritical)
    vPortExitCritical                        0x00000ed1   Thumb Code    28  port.o(i.vPortExitCritical)
    vPortFree                                0x00000ef1   Thumb Code    74  heap_4.o(i.vPortFree)
    vQueueDelete                             0x00000f49   Thumb Code    20  queue.o(i.vQueueDelete)
    vTaskInternalSetTimeOutState             0x00000f5d   Thumb Code    14  tasks.o(i.vTaskInternalSetTimeOutState)
    vTaskMissedYield                         0x00000f75   Thumb Code     8  tasks.o(i.vTaskMissedYield)
    vTaskPlaceOnEventList                    0x00000f81   Thumb Code    28  tasks.o(i.vTaskPlaceOnEventList)
    vTaskPriorityDisinheritAfterTimeout      0x00000fa1   Thumb Code   130  tasks.o(i.vTaskPriorityDisinheritAfterTimeout)
    vTaskSuspendAll                          0x0000102d   Thumb Code    12  tasks.o(i.vTaskSuspendAll)
    vTaskSwitchContext                       0x0000103d   Thumb Code   154  tasks.o(i.vTaskSwitchContext)
    xPortSysTickHandler                      0x000010ed   Thumb Code    46  port.o(i.xPortSysTickHandler)
    xQueueCreateMutex                        0x00001121   Thumb Code    34  queue.o(i.xQueueCreateMutex)
    xQueueCreateMutexStatic                  0x00001143   Thumb Code    42  queue.o(i.xQueueCreateMutexStatic)
    xQueueGenericCreate                      0x0000116d   Thumb Code    58  queue.o(i.xQueueGenericCreate)
    xQueueGenericCreateStatic                0x000011a7   Thumb Code    46  queue.o(i.xQueueGenericCreateStatic)
    xQueueGenericReset                       0x000011d5   Thumb Code   122  queue.o(i.xQueueGenericReset)
    xQueueGenericSend                        0x00001255   Thumb Code   276  queue.o(i.xQueueGenericSend)
    xQueueSemaphoreTake                      0x0000136d   Thumb Code   300  queue.o(i.xQueueSemaphoreTake)
    xTaskCheckForTimeOut                     0x0000149d   Thumb Code    84  tasks.o(i.xTaskCheckForTimeOut)
    xTaskGetSchedulerState                   0x000014f9   Thumb Code    24  tasks.o(i.xTaskGetSchedulerState)
    xTaskIncrementTick                       0x00001519   Thumb Code   236  tasks.o(i.xTaskIncrementTick)
    xTaskPriorityDisinherit                  0x00001631   Thumb Code    86  tasks.o(i.xTaskPriorityDisinherit)
    xTaskPriorityInherit                     0x00001691   Thumb Code   150  tasks.o(i.xTaskPriorityInherit)
    xTaskRemoveFromEventList                 0x00001735   Thumb Code   102  tasks.o(i.xTaskRemoveFromEventList)
    xTaskResumeAll                           0x000017b5   Thumb Code   194  tasks.o(i.xTaskResumeAll)
    __aeabi_dadd                             0x0000189d   Thumb Code     0  daddsub_clz.o(x$fpl$dadd)
    _dadd                                    0x0000189d   Thumb Code   332  daddsub_clz.o(x$fpl$dadd)
    __aeabi_d2uiz                            0x000019ed   Thumb Code     0  dfixu.o(x$fpl$dfixu)
    _dfixu                                   0x000019ed   Thumb Code    90  dfixu.o(x$fpl$dfixu)
    __aeabi_ui2d                             0x00001a47   Thumb Code     0  dflt_clz.o(x$fpl$dfltu)
    _dfltu                                   0x00001a47   Thumb Code    38  dflt_clz.o(x$fpl$dfltu)
    __fpl_dnaninf                            0x00001a6d   Thumb Code   156  dnaninf.o(x$fpl$dnaninf)
    __fpl_dretinf                            0x00001b09   Thumb Code    12  dretinf.o(x$fpl$dretinf)
    __aeabi_dsub                             0x00001b15   Thumb Code     0  daddsub_clz.o(x$fpl$dsub)
    _dsub                                    0x00001b15   Thumb Code   464  daddsub_clz.o(x$fpl$dsub)
    _fp_init                                 0x00001ce9   Thumb Code    10  fpinit.o(x$fpl$fpinit)
    __fplib_config_fpu_vfp                   0x00001cf1   Thumb Code     0  fpinit.o(x$fpl$fpinit)
    __fplib_config_pureend_doubles           0x00001cf1   Thumb Code     0  fpinit.o(x$fpl$fpinit)
    __I$use$fp                               0x00001cf2   Number         0  usenofp.o(x$fpl$usenofp)
    Region$$Table$$Base                      0x00001cf4   Number         0  anon$$obj.o(Region$$Table)
    Region$$Table$$Limit                     0x00001d14   Number         0  anon$$obj.o(Region$$Table)
    GPIOBaseAddress                          0x20000000   Data          24  hal_gpio.o(.data)
    UART_BaseAddress                         0x20000018   Data          32  hal_uart.o(.data)
    SystemCoreClock                          0x2000003c   Data           4  system_tm4c123.o(.data)
    pxCurrentTCB                             0x20000064   Data           4  tasks.o(.data)
    __libspace_start                         0x200028f8   Data          96  libspace.o(.bss)
    __temporary_stack_top$libspace           0x20002958   Data           0  libspace.o(.bss)



==============================================================================

Memory Map of the image

  Image Entry point : 0x000003d5

  Load Region LR_1 (Base: 0x00000000, Size: 0x00001db4, Max: 0xffffffff, ABSOLUTE)

    Execution Region ER_RO (Exec base: 0x00000000, Load base: 0x00000000, Size: 0x00001d14, Max: 0xffffffff, ABSOLUTE)

    Exec Addr    Load Addr    Size         Type   Attr      Idx    E Section Name        Object

    0x00000000   0x00000000   0x0000026c   Data   RO          916    RESET               startup_tm4c123.o
    0x0000026c   0x0000026c   0x00000008   Code   RO         2148  * !!!main             c_w.l(__main.o)
    0x00000274   0x00000274   0x00000034   Code   RO         2330    !!!scatter          c_w.l(__scatter.o)
    0x000002a8   0x000002a8   0x0000001a   Code   RO         2332    !!handler_copy      c_w.l(__scatter_copy.o)
    0x000002c2   0x000002c2   0x00000002   PAD
    0x000002c4   0x000002c4   0x0000001c   Code   RO         2334    !!handler_zi        c_w.l(__scatter_zi.o)
    0x000002e0   0x000002e0   0x00000002   Code   RO         2200    .ARM.Collect$$libinit$$00000000  c_w.l(libinit.o)
    0x000002e2   0x000002e2   0x00000004   Code   RO         2206    .ARM.Collect$$libinit$$00000001  c_w.l(libinit2.o)
    0x000002e6   0x000002e6   0x00000000   Code   RO         2209    .ARM.Collect$$libinit$$00000004  c_w.l(libinit2.o)
    0x000002e6   0x000002e6   0x00000000   Code   RO         2212    .ARM.Collect$$libinit$$0000000A  c_w.l(libinit2.o)
    0x000002e6   0x000002e6   0x00000000   Code   RO         2214    .ARM.Collect$$libinit$$0000000C  c_w.l(libinit2.o)
    0x000002e6   0x000002e6   0x00000000   Code   RO         2216    .ARM.Collect$$libinit$$0000000E  c_w.l(libinit2.o)
    0x000002e6   0x000002e6   0x00000000   Code   RO         2219    .ARM.Collect$$libinit$$00000011  c_w.l(libinit2.o)
    0x000002e6   0x000002e6   0x00000000   Code   RO         2221    .ARM.Collect$$libinit$$00000013  c_w.l(libinit2.o)
    0x000002e6   0x000002e6   0x00000000   Code   RO         2223    .ARM.Collect$$libinit$$00000015  c_w.l(libinit2.o)
    0x000002e6   0x000002e6   0x00000000   Code   RO         2225    .ARM.Collect$$libinit$$00000017  c_w.l(libinit2.o)
    0x000002e6   0x000002e6   0x00000000   Code   RO         2227    .ARM.Collect$$libinit$$00000019  c_w.l(libinit2.o)
    0x000002e6   0x000002e6   0x00000000   Code   RO         2229    .ARM.Collect$$libinit$$0000001B  c_w.l(libinit2.o)
    0x000002e6   0x000002e6   0x00000000   Code   RO         2231    .ARM.Collect$$libinit$$0000001D  c_w.l(libinit2.o)
    0x000002e6   0x000002e6   0x00000000   Code   RO         2233    .ARM.Collect$$libinit$$0000001F  c_w.l(libinit2.o)
    0x000002e6   0x000002e6   0x00000000   Code   RO         2235    .ARM.Collect$$libinit$$00000021  c_w.l(libinit2.o)
    0x000002e6   0x000002e6   0x00000000   Code   RO         2237    .ARM.Collect$$libinit$$00000023  c_w.l(libinit2.o)
    0x000002e6   0x000002e6   0x00000000   Code   RO         2239    .ARM.Collect$$libinit$$00000025  c_w.l(libinit2.o)
    0x000002e6   0x000002e6   0x00000000   Code   RO         2243    .ARM.Collect$$libinit$$0000002C  c_w.l(libinit2.o)
    0x000002e6   0x000002e6   0x00000000   Code   RO         2245    .ARM.Collect$$libinit$$0000002E  c_w.l(libinit2.o)
    0x000002e6   0x000002e6   0x00000000   Code   RO         2247    .ARM.Collect$$libinit$$00000030  c_w.l(libinit2.o)
    0x000002e6   0x000002e6   0x00000000   Code   RO         2249    .ARM.Collect$$libinit$$00000032  c_w.l(libinit2.o)
    0x000002e6   0x000002e6   0x00000002   Code   RO         2250    .ARM.Collect$$libinit$$00000033  c_w.l(libinit2.o)
    0x000002e8   0x000002e8   0x00000002   Code   RO         2270    .ARM.Collect$$libshutdown$$00000000  c_w.l(libshutdown.o)
    0x000002ea   0x000002ea   0x00000000   Code   RO         2283    .ARM.Collect$$libshutdown$$00000002  c_w.l(libshutdown2.o)
    0x000002ea   0x000002ea   0x00000000   Code   RO         2285    .ARM.Collect$$libshutdown$$00000004  c_w.l(libshutdown2.o)
    0x000002ea   0x000002ea   0x00000000   Code   RO         2288    .ARM.Collect$$libshutdown$$00000007  c_w.l(libshutdown2.o)
    0x000002ea   0x000002ea   0x00000000   Code   RO         2291    .ARM.Collect$$libshutdown$$0000000A  c_w.l(libshutdown2.o)
    0x000002ea   0x000002ea   0x00000000   Code   RO         2293    .ARM.Collect$$libshutdown$$0000000C  c_w.l(libshutdown2.o)
    0x000002ea   0x000002ea   0x00000000   Code   RO         2296    .ARM.Collect$$libshutdown$$0000000F  c_w.l(libshutdown2.o)
    0x000002ea   0x000002ea   0x00000002   Code   RO         2297    .ARM.Collect$$libshutdown$$00000010  c_w.l(libshutdown2.o)
    0x000002ec   0x000002ec   0x00000000   Code   RO         2166    .ARM.Collect$$rtentry$$00000000  c_w.l(__rtentry.o)
    0x000002ec   0x000002ec   0x00000000   Code   RO         2177    .ARM.Collect$$rtentry$$00000002  c_w.l(__rtentry2.o)
    0x000002ec   0x000002ec   0x00000006   Code   RO         2189    .ARM.Collect$$rtentry$$00000004  c_w.l(__rtentry4.o)
    0x000002f2   0x000002f2   0x00000008   Code   RO         2178    .ARM.Collect$$rtentry$$00000008  c_w.l(__rtentry2.o)
    0x000002fa   0x000002fa   0x00000004   Code   RO         2180    .ARM.Collect$$rtentry$$0000000A  c_w.l(__rtentry2.o)
    0x000002fe   0x000002fe   0x00000000   Code   RO         2182    .ARM.Collect$$rtentry$$0000000C  c_w.l(__rtentry2.o)
    0x000002fe   0x000002fe   0x00000008   Code   RO         2183    .ARM.Collect$$rtentry$$0000000D  c_w.l(__rtentry2.o)
    0x00000306   0x00000306   0x00000002   Code   RO         2204    .ARM.Collect$$rtexit$$00000000  c_w.l(rtexit.o)
    0x00000308   0x00000308   0x00000000   Code   RO         2252    .ARM.Collect$$rtexit$$00000002  c_w.l(rtexit2.o)
    0x00000308   0x00000308   0x00000004   Code   RO         2253    .ARM.Collect$$rtexit$$00000003  c_w.l(rtexit2.o)
    0x0000030c   0x0000030c   0x00000006   Code   RO         2254    .ARM.Collect$$rtexit$$00000004  c_w.l(rtexit2.o)
    0x00000312   0x00000312   0x00000002   PAD
    0x00000314   0x00000314   0x000000be   Code   RO         1251    .emb_text           port.o
    0x000003d2   0x000003d2   0x00000002   PAD
    0x000003d4   0x000003d4   0x00000114   Code   RO          917  * .text               startup_tm4c123.o
    0x000004e8   0x000004e8   0x0000008a   Code   RO         2142    .text               c_w.l(rt_memcpy_v6.o)
    0x00000572   0x00000572   0x00000006   Code   RO         2146    .text               c_w.l(heapauxi.o)
    0x00000578   0x00000578   0x00000064   Code   RO         2167    .text               c_w.l(rt_memcpy_w.o)
    0x000005dc   0x000005dc   0x0000004a   Code   RO         2193    .text               c_w.l(sys_stackheap_outer.o)
    0x00000626   0x00000626   0x00000012   Code   RO         2195    .text               c_w.l(exit.o)
    0x00000638   0x00000638   0x00000008   Code   RO         2201    .text               c_w.l(libspace.o)
    0x00000640   0x00000640   0x0000000c   Code   RO         2262    .text               c_w.l(sys_exit.o)
    0x0000064c   0x0000064c   0x00000002   Code   RO         2273    .text               c_w.l(use_no_semi.o)
    0x0000064e   0x0000064e   0x00000000   Code   RO         2275    .text               c_w.l(indicate_semi.o)
    0x0000064e   0x0000064e   0x00000002   PAD
    0x00000650   0x00000650   0x00000074   Code   RO          132    i.GPIO_EnableAltDigital  hal_gpio.o
    0x000006c4   0x000006c4   0x0000002c   Code   RO          135    i.GPIO_InitPort     hal_gpio.o
    0x000006f0   0x000006f0   0x00000016   Code   RO          297    i.SysTick_Handler   cmsis_os2.o
    0x00000706   0x00000706   0x00000002   PAD
    0x00000708   0x00000708   0x00000098   Code   RO          925    i.SystemInit        system_tm4c123.o
    0x000007a0   0x000007a0   0x0000001c   Code   RO          183    i.UART_CharWrite    hal_uart.o
    0x000007bc   0x000007bc   0x0000011c   Code   RO          184    i.UART_Init         hal_uart.o
    0x000008d8   0x000008d8   0x00000016   Code   RO          227    i._mutex_acquire    clib_arm.o
    0x000008ee   0x000008ee   0x00000002   PAD
    0x000008f0   0x000008f0   0x00000034   Code   RO          228    i._mutex_free       clib_arm.o
    0x00000924   0x00000924   0x00000060   Code   RO          229    i._mutex_initialize  clib_arm.o
    0x00000984   0x00000984   0x00000018   Code   RO          230    i._mutex_release    clib_arm.o
    0x0000099c   0x0000099c   0x00000002   Code   RO          231    i._platform_post_stackheap_init  clib_arm.o
    0x0000099e   0x0000099e   0x00000002   PAD
    0x000009a0   0x000009a0   0x00000020   Code   RO            4    i.main              main.o
    0x000009c0   0x000009c0   0x00000024   Code   RO          232    i.os_kernel_is_active  clib_arm.o
    0x000009e4   0x000009e4   0x0000007c   Code   RO         1571    i.prvAddCurrentTaskToDelayedList  tasks.o
    0x00000a60   0x00000a60   0x0000007e   Code   RO         1335    i.prvCopyDataToQueue  queue.o
    0x00000ade   0x00000ade   0x00000014   Code   RO         1336    i.prvGetDisinheritPriorityAfterTimeout  queue.o
    0x00000af2   0x00000af2   0x00000002   PAD
    0x00000af4   0x00000af4   0x0000007c   Code   RO         1184    i.prvHeapInit       heap_4.o
    0x00000b70   0x00000b70   0x0000001e   Code   RO         1337    i.prvInitialiseMutex  queue.o
    0x00000b8e   0x00000b8e   0x0000002a   Code   RO         1338    i.prvInitialiseNewQueue  queue.o
    0x00000bb8   0x00000bb8   0x00000068   Code   RO         1185    i.prvInsertBlockIntoFreeList  heap_4.o
    0x00000c20   0x00000c20   0x0000001a   Code   RO         1339    i.prvIsQueueEmpty   queue.o
    0x00000c3a   0x00000c3a   0x0000001e   Code   RO         1340    i.prvIsQueueFull    queue.o
    0x00000c58   0x00000c58   0x00000034   Code   RO         1579    i.prvResetNextTaskUnblockTime  tasks.o
    0x00000c8c   0x00000c8c   0x00000010   Code   RO            5    i.prvSetupHardware  main.o
    0x00000c9c   0x00000c9c   0x0000007e   Code   RO         1341    i.prvUnlockQueue    queue.o
    0x00000d1a   0x00000d1a   0x00000002   PAD
    0x00000d1c   0x00000d1c   0x000000e0   Code   RO         1186    i.pvPortMalloc      heap_4.o
    0x00000dfc   0x00000dfc   0x00000020   Code   RO         1582    i.pvTaskIncrementMutexHeldCount  tasks.o
    0x00000e1c   0x00000e1c   0x00000028   Code   RO         1133    i.uxListRemove      list.o
    0x00000e44   0x00000e44   0x00000002   Code   RO          375    i.vApplicationStackOverflowHook  cmsis_os2.o
    0x00000e46   0x00000e46   0x0000001a   Code   RO         1134    i.vListInitialise   list.o
    0x00000e60   0x00000e60   0x00000034   Code   RO         1136    i.vListInsert       list.o
    0x00000e94   0x00000e94   0x00000018   Code   RO         1137    i.vListInsertEnd    list.o
    0x00000eac   0x00000eac   0x00000024   Code   RO         1255    i.vPortEnterCritical  port.o
    0x00000ed0   0x00000ed0   0x00000020   Code   RO         1256    i.vPortExitCritical  port.o
    0x00000ef0   0x00000ef0   0x00000058   Code   RO         1187    i.vPortFree         heap_4.o
    0x00000f48   0x00000f48   0x00000014   Code   RO         1347    i.vQueueDelete      queue.o
    0x00000f5c   0x00000f5c   0x00000018   Code   RO         1597    i.vTaskInternalSetTimeOutState  tasks.o
    0x00000f74   0x00000f74   0x0000000c   Code   RO         1598    i.vTaskMissedYield  tasks.o
    0x00000f80   0x00000f80   0x00000020   Code   RO         1600    i.vTaskPlaceOnEventList  tasks.o
    0x00000fa0   0x00000fa0   0x0000008c   Code   RO         1603    i.vTaskPriorityDisinheritAfterTimeout  tasks.o
    0x0000102c   0x0000102c   0x00000010   Code   RO         1611    i.vTaskSuspendAll   tasks.o
    0x0000103c   0x0000103c   0x000000b0   Code   RO         1612    i.vTaskSwitchContext  tasks.o
    0x000010ec   0x000010ec   0x00000034   Code   RO         1259    i.xPortSysTickHandler  port.o
    0x00001120   0x00001120   0x00000022   Code   RO         1352    i.xQueueCreateMutex  queue.o
    0x00001142   0x00001142   0x0000002a   Code   RO         1353    i.xQueueCreateMutexStatic  queue.o
    0x0000116c   0x0000116c   0x0000003a   Code   RO         1354    i.xQueueGenericCreate  queue.o
    0x000011a6   0x000011a6   0x0000002e   Code   RO         1355    i.xQueueGenericCreateStatic  queue.o
    0x000011d4   0x000011d4   0x00000080   Code   RO         1356    i.xQueueGenericReset  queue.o
    0x00001254   0x00001254   0x00000118   Code   RO         1357    i.xQueueGenericSend  queue.o
    0x0000136c   0x0000136c   0x00000130   Code   RO         1369    i.xQueueSemaphoreTake  queue.o
    0x0000149c   0x0000149c   0x0000005c   Code   RO         1614    i.xTaskCheckForTimeOut  tasks.o
    0x000014f8   0x000014f8   0x00000020   Code   RO         1620    i.xTaskGetSchedulerState  tasks.o
    0x00001518   0x00001518   0x00000118   Code   RO         1623    i.xTaskIncrementTick  tasks.o
    0x00001630   0x00001630   0x00000060   Code   RO         1626    i.xTaskPriorityDisinherit  tasks.o
    0x00001690   0x00001690   0x000000a4   Code   RO         1627    i.xTaskPriorityInherit  tasks.o
    0x00001734   0x00001734   0x00000080   Code   RO         1628    i.xTaskRemoveFromEventList  tasks.o
    0x000017b4   0x000017b4   0x000000e8   Code   RO         1629    i.xTaskResumeAll    tasks.o
    0x0000189c   0x0000189c   0x00000150   Code   RO         2150    x$fpl$dadd          fz_wm.l(daddsub_clz.o)
    0x000019ec   0x000019ec   0x0000005a   Code   RO         2156    x$fpl$dfixu         fz_wm.l(dfixu.o)
    0x00001a46   0x00001a46   0x00000026   Code   RO         2160    x$fpl$dfltu         fz_wm.l(dflt_clz.o)
    0x00001a6c   0x00001a6c   0x0000009c   Code   RO         2171    x$fpl$dnaninf       fz_wm.l(dnaninf.o)
    0x00001b08   0x00001b08   0x0000000c   Code   RO         2173    x$fpl$dretinf       fz_wm.l(dretinf.o)
    0x00001b14   0x00001b14   0x000001d4   Code   RO         2152    x$fpl$dsub          fz_wm.l(daddsub_clz.o)
    0x00001ce8   0x00001ce8   0x0000000a   Code   RO         2260    x$fpl$fpinit        fz_wm.l(fpinit.o)
    0x00001cf2   0x00001cf2   0x00000000   Code   RO         2175    x$fpl$usenofp       fz_wm.l(usenofp.o)
    0x00001cf2   0x00001cf2   0x00000002   PAD
    0x00001cf4   0x00001cf4   0x00000020   Data   RO         2328    Region$$Table       anon$$obj.o


    Execution Region ER_RW (Exec base: 0x20000000, Load base: 0x00001d14, Size: 0x000000a0, Max: 0xffffffff, ABSOLUTE)

    Exec Addr    Load Addr    Size         Type   Attr      Idx    E Section Name        Object

    0x20000000   0x00001d14   0x00000018   Data   RW          137    .data               hal_gpio.o
    0x20000018   0x00001d2c   0x00000020   Data   RW          186    .data               hal_uart.o
    0x20000038   0x00001d4c   0x00000001   Data   RW          234    .data               clib_arm.o
    0x20000039   0x00001d4d   0x00000003   PAD
    0x2000003c   0x00001d50   0x00000004   Data   RW          927    .data               system_tm4c123.o
    0x20000040   0x00001d54   0x00000020   Data   RW         1193    .data               heap_4.o
    0x20000060   0x00001d74   0x00000004   Data   RW         1260    .data               port.o
    0x20000064   0x00001d78   0x0000003c   Data   RW         1632    .data               tasks.o


    Execution Region ER_ZI (Exec base: 0x200000a0, Load base: 0x00001db4, Size: 0x00002ab8, Max: 0xffffffff, ABSOLUTE)

    Exec Addr    Load Addr    Size         Type   Attr      Idx    E Section Name        Object

    0x200000a0        -       0x00000394   Zero   RW          233    .bss                clib_arm.o
    0x20000434        -       0x00002000   Zero   RW         1192    .bss                heap_4.o
    0x20002434        -       0x000004c4   Zero   RW         1631    .bss                tasks.o
    0x200028f8        -       0x00000060   Zero   RW         2202    .bss                c_w.l(libspace.o)
    0x20002958        -       0x00000000   Zero   RW          915    HEAP                startup_tm4c123.o
    0x20002958        -       0x00000200   Zero   RW          914    STACK               startup_tm4c123.o


==============================================================================

Image component sizes


      Code (inc. data)   RO Data    RW Data    ZI Data      Debug   Object Name

       232         20          0          1        916      10856   clib_arm.o
        24          0          0          0          0       9342   cmsis_os2.o
         0          0          0          0          0      11680   event_groups.o
       160         10          0         24          0       2242   hal_gpio.o
       312         34          0         32          0       2220   hal_uart.o
       540         74          0         32       8192       4695   heap_4.o
       142          0          0          0          0       3372   list.o
        48          8          0          0          0      48970   main.o
       310         32          0          4          0       5483   port.o
      1312         14          0          0          0      17106   queue.o
       276         24        620          0        512       5468   startup_tm4c123.o
       152         40          0          4          0       3935   system_tm4c123.o
      1632        242          0         60       1220      33368   tasks.o

    ----------------------------------------------------------------------
      5152        498        652        160      10840     158737   Object Totals
         0          0         32          0          0          0   (incl. Generated)
        12          0          0          3          0          0   (incl. Padding)

    ----------------------------------------------------------------------

      Code (inc. data)   RO Data    RW Data    ZI Data      Debug   Library Member Name

         8          0          0          0          0         68   __main.o
         0          0          0          0          0          0   __rtentry.o
        20          0          0          0          0          0   __rtentry2.o
         6          0          0          0          0          0   __rtentry4.o
        52          8          0          0          0          0   __scatter.o
        26          0          0          0          0          0   __scatter_copy.o
        28          0          0          0          0          0   __scatter_zi.o
        18          0          0          0          0         80   exit.o
         6          0          0          0          0        152   heapauxi.o
         0          0          0          0          0          0   indicate_semi.o
         2          0          0          0          0          0   libinit.o
         6          0          0          0          0          0   libinit2.o
         2          0          0          0          0          0   libshutdown.o
         2          0          0          0          0          0   libshutdown2.o
         8          4          0          0         96         68   libspace.o
       138          0          0          0          0         68   rt_memcpy_v6.o
       100          0          0          0          0         80   rt_memcpy_w.o
         2          0          0          0          0          0   rtexit.o
        10          0          0          0          0          0   rtexit2.o
        12          4          0          0          0         68   sys_exit.o
        74          0          0          0          0         80   sys_stackheap_outer.o
         2          0          0          0          0         68   use_no_semi.o
       804         16          0          0          0        368   daddsub_clz.o
        90          4          0          0          0        140   dfixu.o
        38          0          0          0          0        116   dflt_clz.o
       156          4          0          0          0        140   dnaninf.o
        12          0          0          0          0        116   dretinf.o
        10          0          0          0          0        116   fpinit.o
         0          0          0          0          0          0   usenofp.o

    ----------------------------------------------------------------------
      1640         40          0          0         96       1728   Library Totals
         8          0          0          0          0          0   (incl. Padding)

    ----------------------------------------------------------------------

      Code (inc. data)   RO Data    RW Data    ZI Data      Debug   Library Name

       522         16          0          0         96        732   c_w.l
      1110         24          0          0          0        996   fz_wm.l

    ----------------------------------------------------------------------
      1640         40          0          0         96       1728   Library Totals

    ----------------------------------------------------------------------

==============================================================================


      Code (inc. data)   RO Data    RW Data    ZI Data      Debug   

      6792        538        652        160      10936     154205   Grand Totals
      6792        538        652        160      10936     154205   ELF Image Totals
      6792        538        652        160          0          0   ROM Totals

==============================================================================

    Total RO  Size (Code + RO Data)                 7444 (   7.27kB)
    Total RW  Size (RW Data + ZI Data)             11096 (  10.84kB)
    Total ROM Size (Code + RO Data + RW Data)       7604 (   7.43kB)

==============================================================================

