Component: ARM Compiler 5.06 update 6 (build 750) Tool: armlink [4d35ed]

==============================================================================

Section Cross References

    main.o(i.main) refers to main.o(i.prvSetupHardware) for prvSetupHardware
    main.o(i.main) refers to tasks.o(i.xTaskCreate) for xTaskCreate
    main.o(i.main) refers to tasks.o(i.vTaskStartScheduler) for vTaskStartScheduler
    main.o(i.main) refers to system_tm4c123.o(.data) for SystemCoreClock
    main.o(i.main) refers to main.o(i.vBlinky) for vBlinky
    main.o(i.main) refers to main.o(i.vBlinky1) for vBlinky1
    main.o(i.prvSetupHardware) refers to hal_gpio.o(i.GPIO_InitPort) for GPIO_InitPort
    main.o(i.prvSetupHardware) refers to hal_gpio.o(i.GPIO_EnableDO) for GPIO_EnableDO
    main.o(i.prvSetupHardware) refers to hal_uart.o(i.UART_Init) for UART_Init
    main.o(i.vBlinky) refers to hal_gpio.o(i.GPIO_PinWrite) for GPIO_PinWrite
    main.o(i.vBlinky1) refers to hal_gpio.o(i.GPIO_PinWrite) for GPIO_PinWrite
    main.o(i.vBlinky1) refers to tasks.o(i.vTaskDelay) for vTaskDelay
    hal_gpio.o(i.GPIO_EnableAltDigital) refers to hal_gpio.o(i.GPIO_InitPort) for GPIO_InitPort
    hal_gpio.o(i.GPIO_EnableAltDigital) refers to hal_gpio.o(.data) for GPIOBaseAddress
    hal_gpio.o(i.GPIO_EnableDI) refers to hal_gpio.o(i.GPIO_InitPort) for GPIO_InitPort
    hal_gpio.o(i.GPIO_EnableDI) refers to hal_gpio.o(.data) for GPIOBaseAddress
    hal_gpio.o(i.GPIO_EnableDO) refers to hal_gpio.o(.data) for GPIOBaseAddress
    hal_gpio.o(i.GPIO_PinWrite) refers to hal_gpio.o(.data) for GPIOBaseAddress
    hal_uart.o(i.UART_Init) refers to hal_gpio.o(i.GPIO_InitPort) for GPIO_InitPort
    hal_uart.o(i.UART_Init) refers to hal_gpio.o(i.GPIO_EnableAltDigital) for GPIO_EnableAltDigital
    hal_uart.o(i.UART_Init) refers to dflt_clz.o(x$fpl$dfltu) for __aeabi_ui2d
    hal_uart.o(i.UART_Init) refers to modf.o(i.__hardfp_modf) for __hardfp_modf
    hal_uart.o(i.UART_Init) refers to dfixu.o(x$fpl$dfixu) for __aeabi_d2uiz
    hal_uart.o(i.UART_Init) refers to dmul.o(x$fpl$dmul) for __aeabi_dmul
    hal_uart.o(i.UART_Init) refers to daddsub_clz.o(x$fpl$dadd) for __aeabi_dadd
    hal_uart.o(i.UART_Init) refers to hal_uart.o(.data) for UART_BaseAddress
    hal_uart.o(i.UART_Init) refers to system_tm4c123.o(.data) for SystemCoreClock
    clib_arm.o(i.__user_perthread_libspace) refers to clib_arm.o(i.os_kernel_is_active) for os_kernel_is_active
    clib_arm.o(i.__user_perthread_libspace) refers to cmsis_os2.o(i.osThreadGetId) for osThreadGetId
    clib_arm.o(i.__user_perthread_libspace) refers to clib_arm.o(.bss) for os_libspace
    clib_arm.o(i._mutex_acquire) refers to clib_arm.o(i.os_kernel_is_active) for os_kernel_is_active
    clib_arm.o(i._mutex_acquire) refers to cmsis_os2.o(i.osMutexAcquire) for osMutexAcquire
    clib_arm.o(i._mutex_free) refers to cmsis_os2.o(i.osMutexDelete) for osMutexDelete
    clib_arm.o(i._mutex_initialize) refers to cmsis_os2.o(i.osMutexNew) for osMutexNew
    clib_arm.o(i._mutex_release) refers to clib_arm.o(i.os_kernel_is_active) for os_kernel_is_active
    clib_arm.o(i._mutex_release) refers to cmsis_os2.o(i.osMutexRelease) for osMutexRelease
    clib_arm.o(i._platform_post_stackheap_init) refers to cmsis_os2.o(i.osKernelInitialize) for osKernelInitialize
    clib_arm.o(i.os_kernel_is_active) refers to cmsis_os2.o(i.osKernelGetState) for osKernelGetState
    clib_arm.o(i.os_kernel_is_active) refers to clib_arm.o(.data) for os_kernel_active
    cmsis_os2.o(i.SysTick_Handler) refers to port.o(i.xPortSysTickHandler) for xPortSysTickHandler
    cmsis_os2.o(i.TimerCallback) refers to timers.o(i.pvTimerGetTimerID) for pvTimerGetTimerID
    cmsis_os2.o(i.osDelay) refers to cmsis_os2.o(i.__get_IPSR) for __get_IPSR
    cmsis_os2.o(i.osDelay) refers to cmsis_os2.o(i.__get_PRIMASK) for __get_PRIMASK
    cmsis_os2.o(i.osDelay) refers to cmsis_os2.o(i.__get_BASEPRI) for __get_BASEPRI
    cmsis_os2.o(i.osDelay) refers to tasks.o(i.vTaskDelay) for vTaskDelay
    cmsis_os2.o(i.osDelay) refers to cmsis_os2.o(.data) for KernelState
    cmsis_os2.o(i.osDelayUntil) refers to cmsis_os2.o(i.__get_IPSR) for __get_IPSR
    cmsis_os2.o(i.osDelayUntil) refers to cmsis_os2.o(i.__get_PRIMASK) for __get_PRIMASK
    cmsis_os2.o(i.osDelayUntil) refers to cmsis_os2.o(i.__get_BASEPRI) for __get_BASEPRI
    cmsis_os2.o(i.osDelayUntil) refers to tasks.o(i.xTaskGetTickCount) for xTaskGetTickCount
    cmsis_os2.o(i.osDelayUntil) refers to tasks.o(i.vTaskDelayUntil) for vTaskDelayUntil
    cmsis_os2.o(i.osDelayUntil) refers to cmsis_os2.o(.data) for KernelState
    cmsis_os2.o(i.osEventFlagsClear) refers to cmsis_os2.o(i.__get_IPSR) for __get_IPSR
    cmsis_os2.o(i.osEventFlagsClear) refers to cmsis_os2.o(i.__get_PRIMASK) for __get_PRIMASK
    cmsis_os2.o(i.osEventFlagsClear) refers to cmsis_os2.o(i.__get_BASEPRI) for __get_BASEPRI
    cmsis_os2.o(i.osEventFlagsClear) refers to event_groups.o(i.xEventGroupGetBitsFromISR) for xEventGroupGetBitsFromISR
[...]
    C:\Keil_v5\ARM\PACK\ARM\CMSIS-FreeRTOS\10.0.1\Source\portable\RVDS\ARM_CM4F\port.c 0x00000000   Number         0  port.o ABSOLUTE
    C:\Keil_v5\ARM\PACK\ARM\CMSIS-FreeRTOS\10.0.1\Source\queue.c 0x00000000   Number         0  queue.o ABSOLUTE
    C:\Keil_v5\ARM\PACK\ARM\CMSIS-FreeRTOS\10.0.1\Source\tasks.c 0x00000000   Number         0  tasks.o ABSOLUTE
    C:\Keil_v5\ARM\PACK\ARM\CMSIS-FreeRTOS\10.0.1\Source\timers.c 0x00000000   Number         0  timers.o ABSOLUTE
    C:\\Keil_v5\\ARM\\PACK\\ARM\\CMSIS-FreeRTOS\\10.0.1\\CMSIS\\RTOS2\\FreeRTOS\\Source\\ARM\\clib_arm.c 0x00000000   Number         0  clib_arm.o ABSOLUTE
    C:\\Keil_v5\\ARM\\PACK\\ARM\\CMSIS-FreeRTOS\\10.0.1\\CMSIS\\RTOS2\\FreeRTOS\\Source\\cmsis_os2.c 0x00000000   Number         0  cmsis_os2.o ABSOLUTE
    C:\\Keil_v5\\ARM\\PACK\\ARM\\CMSIS-FreeRTOS\\10.0.1\\CMSIS\\RTOS2\\FreeRTOS\\Source\\freertos_evr.c 0x00000000   Number         0  freertos_evr.o ABSOLUTE
    C:\\Keil_v5\\ARM\\PACK\\ARM\\CMSIS-FreeRTOS\\10.0.1\\CMSIS\\RTOS2\\FreeRTOS\\Source\\os_systick.c 0x00000000   Number         0  os_systick.o ABSOLUTE
    C:\\Keil_v5\\ARM\\PACK\\ARM\\CMSIS-FreeRTOS\\10.0.1\\Source\\event_groups.c 0x00000000   Number         0  event_groups.o ABSOLUTE
    C:\\Keil_v5\\ARM\\PACK\\ARM\\CMSIS-FreeRTOS\\10.0.1\\Source\\list.c 0x00000000   Number         0  list.o ABSOLUTE
    C:\\Keil_v5\\ARM\\PACK\\ARM\\CMSIS-FreeRTOS\\10.0.1\\Source\\portable\\MemMang\\heap_4.c 0x00000000   Number         0  heap_4.o ABSOLUTE
    C:\\Keil_v5\\ARM\\PACK\\ARM\\CMSIS-FreeRTOS\\10.0.1\\Source\\portable\\RVDS\\ARM_CM4F\\port.c 0x00000000   Number         0  port.o ABSOLUTE
    C:\\Keil_v5\\ARM\\PACK\\ARM\\CMSIS-FreeRTOS\\10.0.1\\Source\\queue.c 0x00000000   Number         0  queue.o ABSOLUTE
    C:\\Keil_v5\\ARM\\PACK\\ARM\\CMSIS-FreeRTOS\\10.0.1\\Source\\tasks.c 0x00000000   Number         0  tasks.o ABSOLUTE
    C:\\Keil_v5\\ARM\\PACK\\ARM\\CMSIS-FreeRTOS\\10.0.1\\Source\\timers.c 0x00000000   Number         0  timers.o ABSOLUTE
    RTE\Device\TM4C123GH6PM\startup_TM4C123.s 0x00000000   Number         0  startup_tm4c123.o ABSOLUTE
    RTE\Device\TM4C123GH6PM\system_TM4C123.c 0x00000000   Number         0  system_tm4c123.o ABSOLUTE
    RTE\\Device\\TM4C123GH6PM\\system_TM4C123.c 0x00000000   Number         0  system_tm4c123.o ABSOLUTE
    dc.s                                     0x00000000   Number         0  dc.o ABSOLUTE
    main.c                                   0x00000000   Number         0  main.o ABSOLUTE
    main.c                                   0x00000000   Number         0  main.o ABSOLUTE
    src\HAL_GPIO.c                           0x00000000   Number         0  hal_gpio.o ABSOLUTE
    src\HAL_UART.c                           0x00000000   Number         0  hal_uart.o ABSOLUTE
    src\\HAL_GPIO.c                          0x00000000   Number         0  hal_gpio.o ABSOLUTE
    src\\HAL_UART.c                          0x00000000   Number         0  hal_uart.o ABSOLUTE
    !!!main                                  0x0000026c   Section        8  __main.o(!!!main)
    !!!scatter                               0x00000274   Section       52  __scatter.o(!!!scatter)
    !!handler_copy                           0x000002a8   Section       26  __scatter_copy.o(!!handler_copy)
    !!handler_zi                             0x000002c4   Section       28  __scatter_zi.o(!!handler_zi)
    .ARM.Collect$$libinit$$00000000          0x000002e0   Section        2  libinit.o(.ARM.Collect$$libinit$$00000000)
    .ARM.Collect$$libinit$$00000001          0x000002e2   Section        4  libinit2.o(.ARM.Collect$$libinit$$00000001)
    .ARM.Collect$$libinit$$00000004          0x000002e6   Section        0  libinit2.o(.ARM.Collect$$libinit$$00000004)
    .ARM.Collect$$libinit$$0000000A          0x000002e6   Section        0  libinit2.o(.ARM.Collect$$libinit$$0000000A)
    .ARM.Collect$$libinit$$0000000C          0x000002e6   Section        0  libinit2.o(.ARM.Collect$$libinit$$0000000C)
    .ARM.Collect$$libinit$$0000000E          0x000002e6   Section        0  libinit2.o(.ARM.Collect$$libinit$$0000000E)
    .ARM.Collect$$libinit$$00000011          0x000002e6   Section        0  libinit2.o(.ARM.Collect$$libinit$$00000011)
    .ARM.Collect$$libinit$$00000013          0x000002e6   Section        0  libinit2.o(.ARM.Collect$$libinit$$00000013)
    .ARM.Collect$$libinit$$00000015          0x000002e6   Section        0  libinit2.o(.ARM.Collect$$libinit$$00000015)
    .ARM.Collect$$libinit$$00000017          0x000002e6   Section        0  libinit2.o(.ARM.Collect$$libinit$$00000017)
    .ARM.Collect$$libinit$$00000019          0x000002e6   Section        0  libinit2.o(.ARM.Collect$$libinit$$00000019)
    .ARM.Collect$$libinit$$0000001B          0x000002e6   Section        0  libinit2.o(.ARM.Collect$$libinit$$0000001B)
    .ARM.Collect$$libinit$$0000001D          0x000002e6   Section        0  libinit2.o(.ARM.Collect$$libinit$$0000001D)
    .ARM.Collect$$libinit$$0000001F          0x000002e6   Section        0  libinit2.o(.ARM.Collect$$libinit$$0000001F)
    .ARM.Collect$$libinit$$00000021          0x000002e6   Section        0  libinit2.o(.ARM.Collect$$libinit$$00000021)
    .ARM.Collect$$libinit$$00000023          0x000002e6   Section        0  libinit2.o(.ARM.Collect$$libinit$$00000023)
    .ARM.Collect$$libinit$$00000025          0x000002e6   Section        0  libinit2.o(.ARM.Collect$$libinit$$00000025)
    .ARM.Collect$$libinit$$0000002C          0x000002e6   Section        0  libinit2.o(.ARM.Collect$$libinit$$0000002C)
    .ARM.Collect$$libinit$$0000002E          0x000002e6   Section        0  libinit2.o(.ARM.Collect$$libinit$$0000002E)
    .ARM.Collect$$libinit$$00000030          0x000002e6   Section        0  libinit2.o(.ARM.Collect$$libinit$$00000030)
    .ARM.Collect$$libinit$$00000032          0x000002e6   Section        0  libinit2.o(.ARM.Collect$$libinit$$00000032)
    .ARM.Collect$$libinit$$00000033          0x000002e6   Section        2  libinit2.o(.ARM.Collect$$libinit$$00000033)
    .ARM.Collect$$libshutdown$$00000000      0x000002e8   Section        2  libshutdown.o(.ARM.Collect$$libshutdown$$00000000)
    .ARM.Collect$$libshutdown$$00000002      0x000002ea   Section        0  libshutdown2.o(.ARM.Collect$$libshutdown$$00000002)
    .ARM.Collect$$libshutdown$$00000004      0x000002ea   Section        0  libshutdown2.o(.ARM.Collect$$libshutdown$$00000004)
    .ARM.Collect$$libshutdown$$00000007      0x000002ea   Section        0  libshutdown2.o(.ARM.Collect$$libshutdown$$00000007)
    .ARM.Collect$$libshutdown$$0000000A      0x000002ea   Section        0  libshutdown2.o(.ARM.Collect$$libshutdown$$0000000A)
    .ARM.Collect$$libshutdown$$0000000C      0x000002ea   Section        0  libshutdown2.o(.ARM.Collect$$libshutdown$$0000000C)
    .ARM.Collect$$libshutdown$$0000000F      0x000002ea   Section        0  libshutdown2.o(.ARM.Collect$$libshutdown$$0000000F)
    .ARM.Collect$$libshutdown$$00000010      0x000002ea   Section        2  libshutdown2.o(.ARM.Collect$$libshutdown$$00000010)
    .ARM.Collect$$rtentry$$00000000          0x000002ec   Section        0  __rtentry.o(.ARM.Collect$$rtentry$$00000000)
    .ARM.Collect$$rtentry$$00000002          0x000002ec   Section        0  __rtentry2.o(.ARM.Collect$$rtentry$$00000002)
    .ARM.Collect$$rtentry$$00000004          0x000002ec   Section        6  __rtentry4.o(.ARM.Collect$$rtentry$$00000004)
    .ARM.Collect$$rtentry$$00000008          0x000002f2   Section        8  __rtentry2.o(.ARM.Collect$$rtentry$$00000008)
    .ARM.Collect$$rtentry$$0000000A          0x000002fa   Section        4  __rtentry2.o(.ARM.Collect$$rtentry$$0000000A)
    .ARM.Collect$$rtentry$$0000000C          0x000002fe   Section        0  __rtentry2.o(.ARM.Collect$$rtentry$$0000000C)
    .ARM.Collect$$rtentry$$0000000D          0x000002fe   Section        8  __rtentry2.o(.ARM.Collect$$rtentry$$0000000D)
    .ARM.Collect$$rtexit$$00000000           0x00000306   Section        2  rtexit.o(.ARM.Collect$$rtexit$$00000000)
    .ARM.Collect$$rtexit$$00000002           0x00000308   Section        0  rtexit2.o(.ARM.Collect$$rtexit$$00000002)
    .ARM.Collect$$rtexit$$00000003           0x00000308   Section        4  rtexit2.o(.ARM.Collect$$rtexit$$00000003)
    .ARM.Collect$$rtexit$$00000004           0x0000030c   Section        6  rtexit2.o(.ARM.Collect$$rtexit$$00000004)
    .emb_text                                0x00000314   Section      190  port.o(.emb_text)
    $v0                                      0x00000314   Number         0  port.o(.emb_text)
    .text                                    0x000003d4   Section      276  startup_tm4c123.o(.text)
    $v0                                      0x000003d4   Number         0  startup_tm4c123.o(.text)
    .text                                    0x000004e8   Section      138  rt_memcpy_v6.o(.text)
    .text                                    0x00000572   Section       16  aeabi_memset.o(.text)
    .text                                    0x00000582   Section        0  heapauxi.o(.text)
    .text                                    0x00000588   Section      100  rt_memcpy_w.o(.text)
    .text                                    0x000005ec   Section       68  rt_memclr.o(.text)
    .text                                    0x00000630   Section       78  rt_memclr_w.o(.text)
    .text                                    0x0000067e   Section       74  sys_stackheap_outer.o(.text)
    .text                                    0x000006c8   Section        0  exit.o(.text)
    .text                                    0x000006dc   Section        8  libspace.o(.text)
    .text                                    0x000006e4   Section        0  sys_exit.o(.text)
    .text                                    0x000006f0   Section        2  use_no_semi.o(.text)
    .text                                    0x000006f2   Section        0  indicate_semi.o(.text)
    i.GPIO_EnableAltDigital                  0x000006f4   Section        0  hal_gpio.o(i.GPIO_EnableAltDigital)
    i.GPIO_EnableDO                          0x00000768   Section        0  hal_gpio.o(i.GPIO_EnableDO)
    i.GPIO_InitPort                          0x00000828   Section        0  hal_gpio.o(i.GPIO_InitPort)
    i.GPIO_PinWrite                          0x00000854   Section        0  hal_gpio.o(i.GPIO_PinWrite)
    i.SysTick_Handler                        0x0000087c   Section        0  cmsis_os2.o(i.SysTick_Handler)
    i.SystemInit                             0x0000088c   Section        0  system_tm4c123.o(i.SystemInit)
    i.UART_Init                              0x00000924   Section        0  hal_uart.o(i.UART_Init)
    i.__get_BASEPRI                          0x00000a60   Section        0  cmsis_os2.o(i.__get_BASEPRI)
    __get_BASEPRI                            0x00000a61   Thumb Code     6  cmsis_os2.o(i.__get_BASEPRI)
    i.__get_IPSR                             0x00000a66   Section        0  cmsis_os2.o(i.__get_IPSR)
    __get_IPSR                               0x00000a67   Thumb Code     6  cmsis_os2.o(i.__get_IPSR)
    i.__get_PRIMASK                          0x00000a6c   Section        0  cmsis_os2.o(i.__get_PRIMASK)
    __get_PRIMASK                            0x00000a6d   Thumb Code     6  cmsis_os2.o(i.__get_PRIMASK)
    i.__hardfp_modf                          0x00000a74   Section        0  modf.o(i.__hardfp_modf)
    i._mutex_acquire                         0x00000b44   Section        0  clib_arm.o(i._mutex_acquire)
    __tagsym$$used                           0x00000b45   Number         0  clib_arm.o(i._mutex_acquire)
    i._mutex_free                            0x00000b5a   Section        0  clib_arm.o(i._mutex_free)
    __tagsym$$used                           0x00000b5b   Number         0  clib_arm.o(i._mutex_free)
    i._mutex_initialize                      0x00000b66   Section        0  clib_arm.o(i._mutex_initialize)
    __tagsym$$used                           0x00000b67   Number         0  clib_arm.o(i._mutex_initialize)
    i._mutex_release                         0x00000b7e   Section        0  clib_arm.o(i._mutex_release)
    __tagsym$$used                           0x00000b7f   Number         0  clib_arm.o(i._mutex_release)
    i._platform_post_stackheap_init          0x00000b90   Section        0  clib_arm.o(i._platform_post_stackheap_init)
    i.main                                   0x00000b98   Section        0  main.o(i.main)
    i.osKernelGetState                       0x00000bf0   Section        0  cmsis_os2.o(i.osKernelGetState)
    i.osKernelInitialize                     0x00000c24   Section        0  cmsis_os2.o(i.osKernelInitialize)
    i.osMutexAcquire                         0x00000c64   Section        0  cmsis_os2.o(i.osMutexAcquire)
    i.osMutexDelete                          0x00000ce0   Section        0  cmsis_os2.o(i.osMutexDelete)
    i.osMutexNew                             0x00000d20   Section        0  cmsis_os2.o(i.osMutexNew)
    i.osMutexRelease                         0x00000dd8   Section        0  cmsis_os2.o(i.osMutexRelease)
    i.os_kernel_is_active                    0x00000e40   Section        0  clib_arm.o(i.os_kernel_is_active)
    os_kernel_is_active                      0x00000e41   Thumb Code    32  clib_arm.o(i.os_kernel_is_active)
    i.prvAddCurrentTaskToDelayedList         0x00000e64   Section        0  tasks.o(i.prvAddCurrentTaskToDelayedList)
    prvAddCurrentTaskToDelayedList           0x00000e65   Thumb Code   100  tasks.o(i.prvAddCurrentTaskToDelayedList)
    i.prvAddNewTaskToReadyList               0x00000ee0   Section        0  tasks.o(i.prvAddNewTaskToReadyList)
    prvAddNewTaskToReadyList                 0x00000ee1   Thumb Code   154  tasks.o(i.prvAddNewTaskToReadyList)
    i.prvCheckForValidListAndQueue           0x00000f98   Section        0  timers.o(i.prvCheckForValidListAndQueue)
    prvCheckForValidListAndQueue             0x00000f99   Thumb Code    62  timers.o(i.prvCheckForValidListAndQueue)
    i.prvCheckTasksWaitingTermination        0x00000ff4   Section        0  tasks.o(i.prvCheckTasksWaitingTermination)
    prvCheckTasksWaitingTermination          0x00000ff5   Thumb Code    60  tasks.o(i.prvCheckTasksWaitingTermination)
    i.prvCopyDataFromQueue                   0x0000103c   Section        0  queue.o(i.prvCopyDataFromQueue)
    prvCopyDataFromQueue                     0x0000103d   Thumb Code    42  queue.o(i.prvCopyDataFromQueue)
    i.prvCopyDataToQueue                     0x00001066   Section        0  queue.o(i.prvCopyDataToQueue)
    prvCopyDataToQueue                       0x00001067   Thumb Code   124  queue.o(i.prvCopyDataToQueue)
    i.prvDeleteTCB                           0x000010e2   Section        0  tasks.o(i.prvDeleteTCB)
    prvDeleteTCB                             0x000010e3   Thumb Code    40  tasks.o(i.prvDeleteTCB)
    i.prvGetDisinheritPriorityAfterTimeout   0x0000110a   Section        0  queue.o(i.prvGetDisinheritPriorityAfterTimeout)
    prvGetDisinheritPriorityAfterTimeout     0x0000110b   Thumb Code    20  queue.o(i.prvGetDisinheritPriorityAfterTimeout)
    i.prvGetNextExpireTime                   0x00001120   Section        0  timers.o(i.prvGetNextExpireTime)
    prvGetNextExpireTime                     0x00001121   Thumb Code    36  timers.o(i.prvGetNextExpireTime)
    i.prvHeapInit                            0x00001148   Section        0  heap_4.o(i.prvHeapInit)
    prvHeapInit                              0x00001149   Thumb Code    98  heap_4.o(i.prvHeapInit)
    i.prvIdleTask                            0x000011c4   Section        0  tasks.o(i.prvIdleTask)
    prvIdleTask                              0x000011c5   Thumb Code    32  tasks.o(i.prvIdleTask)
    i.prvInitialiseMutex                     0x000011ec   Section        0  queue.o(i.prvInitialiseMutex)
    prvInitialiseMutex                       0x000011ed   Thumb Code    28  queue.o(i.prvInitialiseMutex)
    i.prvInitialiseNewQueue                  0x00001208   Section        0  queue.o(i.prvInitialiseNewQueue)
    prvInitialiseNewQueue                    0x00001209   Thumb Code    42  queue.o(i.prvInitialiseNewQueue)
    i.prvInitialiseNewTask                   0x00001232   Section        0  tasks.o(i.prvInitialiseNewTask)
    prvInitialiseNewTask                     0x00001233   Thumb Code   144  tasks.o(i.prvInitialiseNewTask)
    i.prvInitialiseTaskLists                 0x000012c4   Section        0  tasks.o(i.prvInitialiseTaskLists)
    prvInitialiseTaskLists                   0x000012c5   Thumb Code    70  tasks.o(i.prvInitialiseTaskLists)
    i.prvInsertBlockIntoFreeList             0x0000132c   Section        0  heap_4.o(i.prvInsertBlockIntoFreeList)
    prvInsertBlockIntoFreeList               0x0000132d   Thumb Code    96  heap_4.o(i.prvInsertBlockIntoFreeList)
    i.prvInsertTimerInActiveList             0x00001394   Section        0  timers.o(i.prvInsertTimerInActiveList)
    prvInsertTimerInActiveList               0x00001395   Thumb Code    80  timers.o(i.prvInsertTimerInActiveList)
    i.prvIsQueueEmpty                        0x000013ec   Section        0  queue.o(i.prvIsQueueEmpty)
    prvIsQueueEmpty                          0x000013ed   Thumb Code    26  queue.o(i.prvIsQueueEmpty)
    i.prvIsQueueFull                         0x00001406   Section        0  queue.o(i.prvIsQueueFull)
    prvIsQueueFull                           0x00001407   Thumb Code    30  queue.o(i.prvIsQueueFull)
    i.prvProcessExpiredTimer                 0x00001424   Section        0  timers.o(i.prvProcessExpiredTimer)
    prvProcessExpiredTimer                   0x00001425   Thumb Code    70  timers.o(i.prvProcessExpiredTimer)
    i.prvProcessReceivedCommands             0x00001470   Section        0  timers.o(i.prvProcessReceivedCommands)
    prvProcessReceivedCommands               0x00001471   Thumb Code   206  timers.o(i.prvProcessReceivedCommands)
    i.prvProcessTimerOrBlockTask             0x00001544   Section        0  timers.o(i.prvProcessTimerOrBlockTask)
    prvProcessTimerOrBlockTask               0x00001545   Thumb Code   102  timers.o(i.prvProcessTimerOrBlockTask)
    i.prvResetNextTaskUnblockTime            0x000015b8   Section        0  tasks.o(i.prvResetNextTaskUnblockTime)
    prvResetNextTaskUnblockTime              0x000015b9   Thumb Code    42  tasks.o(i.prvResetNextTaskUnblockTime)
    i.prvSampleTimeNow                       0x000015ec   Section        0  timers.o(i.prvSampleTimeNow)
    prvSampleTimeNow                         0x000015ed   Thumb Code    40  timers.o(i.prvSampleTimeNow)
    i.prvSetupHardware                       0x00001618   Section        0  main.o(i.prvSetupHardware)
    i.prvSwitchTimerLists                    0x0000163c   Section        0  timers.o(i.prvSwitchTimerLists)
    prvSwitchTimerLists                      0x0000163d   Thumb Code   122  timers.o(i.prvSwitchTimerLists)
    i.prvTaskExitError                       0x000016c0   Section        0  port.o(i.prvTaskExitError)
    prvTaskExitError                         0x000016c1   Thumb Code    22  port.o(i.prvTaskExitError)
    i.prvTimerTask                           0x000016d6   Section        0  timers.o(i.prvTimerTask)
    prvTimerTask                             0x000016d7   Thumb Code    26  timers.o(i.prvTimerTask)
    i.prvUnlockQueue                         0x000016f0   Section        0  queue.o(i.prvUnlockQueue)
    prvUnlockQueue                           0x000016f1   Thumb Code   126  queue.o(i.prvUnlockQueue)
    i.pvPortMalloc                           0x00001770   Section        0  heap_4.o(i.pvPortMalloc)
    i.pvTaskIncrementMutexHeldCount          0x00001840   Section        0  tasks.o(i.pvTaskIncrementMutexHeldCount)
    i.pxPortInitialiseStack                  0x00001860   Section        0  port.o(i.pxPortInitialiseStack)
    i.uxListRemove                           0x0000188c   Section        0  list.o(i.uxListRemove)
    i.vApplicationGetIdleTaskMemory          0x000018b4   Section        0  cmsis_os2.o(i.vApplicationGetIdleTaskMemory)
    i.vApplicationGetTimerTaskMemory         0x000018cc   Section        0  cmsis_os2.o(i.vApplicationGetTimerTaskMemory)
    i.vApplicationStackOverflowHook          0x000018e4   Section        0  cmsis_os2.o(i.vApplicationStackOverflowHook)
    i.vBlinky                                0x000018e8   Section        0  main.o(i.vBlinky)
    i.vBlinky1                               0x0000190c   Section        0  main.o(i.vBlinky1)
    i.vListInitialise                        0x00001938   Section        0  list.o(i.vListInitialise)
    i.vListInitialiseItem                    0x00001952   Section        0  list.o(i.vListInitialiseItem)
    i.vListInsert                            0x00001958   Section        0  list.o(i.vListInsert)
    i.vListInsertEnd                         0x0000198c   Section        0  list.o(i.vListInsertEnd)
    i.vPortEnterCritical                     0x000019a4   Section        0  port.o(i.vPortEnterCritical)
    i.vPortExitCritical                      0x000019c8   Section        0  port.o(i.vPortExitCritical)
    i.vPortFree                              0x000019e8   Section        0  heap_4.o(i.vPortFree)
    i.vPortSetupTimerInterrupt               0x00001a30   Section        0  port.o(i.vPortSetupTimerInterrupt)
    i.vQueueDelete                           0x00001a58   Section        0  queue.o(i.vQueueDelete)
    i.vQueueWaitForMessageRestricted         0x00001a6c   Section        0  queue.o(i.vQueueWaitForMessageRestricted)
    i.vTaskDelay                             0x00001ab8   Section        0  tasks.o(i.vTaskDelay)
    i.vTaskInternalSetTimeOutState           0x00001aec   Section        0  tasks.o(i.vTaskInternalSetTimeOutState)
    i.vTaskMissedYield                       0x00001b04   Section        0  tasks.o(i.vTaskMissedYield)
    i.vTaskPlaceOnEventList                  0x00001b10   Section        0  tasks.o(i.vTaskPlaceOnEventList)
    i.vTaskPlaceOnEventListRestricted        0x00001b30   Section        0  tasks.o(i.vTaskPlaceOnEventListRestricted)
    i.vTaskPriorityDisinheritAfterTimeout    0x00001b58   Section        0  tasks.o(i.vTaskPriorityDisinheritAfterTimeout)
    i.vTaskStartScheduler                    0x00001be0   Section        0  tasks.o(i.vTaskStartScheduler)
    i.vTaskSuspendAll                        0x00001c74   Section        0  tasks.o(i.vTaskSuspendAll)
    i.vTaskSwitchContext                     0x00001c84   Section        0  tasks.o(i.vTaskSwitchContext)
    i.xPortStartScheduler                    0x00001d34   Section        0  port.o(i.xPortStartScheduler)
    i.xPortSysTickHandler                    0x00001d7c   Section        0  port.o(i.xPortSysTickHandler)
    i.xQueueCreateMutex                      0x00001db0   Section        0  queue.o(i.xQueueCreateMutex)
    i.xQueueCreateMutexStatic                0x00001dd2   Section        0  queue.o(i.xQueueCreateMutexStatic)
    i.xQueueGenericCreate                    0x00001dfc   Section        0  queue.o(i.xQueueGenericCreate)
    i.xQueueGenericCreateStatic              0x00001e3a   Section        0  queue.o(i.xQueueGenericCreateStatic)
    i.xQueueGenericReset                     0x00001e68   Section        0  queue.o(i.xQueueGenericReset)
    i.xQueueGenericSend                      0x00001ee8   Section        0  queue.o(i.xQueueGenericSend)
    i.xQueueGenericSendFromISR               0x00002000   Section        0  queue.o(i.xQueueGenericSendFromISR)
    i.xQueueGiveMutexRecursive               0x00002086   Section        0  queue.o(i.xQueueGiveMutexRecursive)
    i.xQueueReceive                          0x000020b8   Section        0  queue.o(i.xQueueReceive)
    i.xQueueSemaphoreTake                    0x000021bc   Section        0  queue.o(i.xQueueSemaphoreTake)
    i.xQueueTakeMutexRecursive               0x000022ec   Section        0  queue.o(i.xQueueTakeMutexRecursive)
    i.xTaskCheckForTimeOut                   0x00002324   Section        0  tasks.o(i.xTaskCheckForTimeOut)
    i.xTaskCreate                            0x00002380   Section        0  tasks.o(i.xTaskCreate)
    i.xTaskCreateStatic                      0x000023e4   Section        0  tasks.o(i.xTaskCreateStatic)
    i.xTaskGetCurrentTaskHandle              0x00002434   Section        0  tasks.o(i.xTaskGetCurrentTaskHandle)
    i.xTaskGetSchedulerState                 0x00002440   Section        0  tasks.o(i.xTaskGetSchedulerState)
    i.xTaskGetTickCount                      0x00002460   Section        0  tasks.o(i.xTaskGetTickCount)
    i.xTaskIncrementTick                     0x0000246c   Section        0  tasks.o(i.xTaskIncrementTick)
    i.xTaskPriorityDisinherit                0x00002584   Section        0  tasks.o(i.xTaskPriorityDisinherit)
    i.xTaskPriorityInherit                   0x000025e4   Section        0  tasks.o(i.xTaskPriorityInherit)
    i.xTaskRemoveFromEventList               0x00002688   Section        0  tasks.o(i.xTaskRemoveFromEventList)
    i.xTaskResumeAll                         0x00002708   Section        0  tasks.o(i.xTaskResumeAll)
    i.xTimerCreateTimerTask                  0x000027f0   Section        0  timers.o(i.xTimerCreateTimerTask)
    i.xTimerGenericCommand                   0x00002850   Section        0  timers.o(i.xTimerGenericCommand)
    x$fpl$dadd                               0x000028bc   Section      336  daddsub_clz.o(x$fpl$dadd)
    $v0                                      0x000028bc   Number         0  daddsub_clz.o(x$fpl$dadd)
    _dadd1                                   0x000028cd   Thumb Code     0  daddsub_clz.o(x$fpl$dadd)
    x$fpl$dfixu                              0x00002a0c   Section       90  dfixu.o(x$fpl$dfixu)
    $v0                                      0x00002a0c   Number         0  dfixu.o(x$fpl$dfixu)
    x$fpl$dfltu                              0x00002a66   Section       38  dflt_clz.o(x$fpl$dfltu)
    $v0                                      0x00002a66   Number         0  dflt_clz.o(x$fpl$dfltu)
    x$fpl$dmul                               0x00002a8c   Section      340  dmul.o(x$fpl$dmul)
    $v0                                      0x00002a8c   Number         0  dmul.o(x$fpl$dmul)
    x$fpl$dnaninf                            0x00002be0   Section      156  dnaninf.o(x$fpl$dnaninf)
    $v0                                      0x00002be0   Number         0  dnaninf.o(x$fpl$dnaninf)
    x$fpl$dretinf                            0x00002c7c   Section       12  dretinf.o(x$fpl$dretinf)
    $v0                                      0x00002c7c   Number         0  dretinf.o(x$fpl$dretinf)
    x$fpl$dsub                               0x00002c88   Section      468  daddsub_clz.o(x$fpl$dsub)
    $v0                                      0x00002c88   Number         0  daddsub_clz.o(x$fpl$dsub)
    _dsub1                                   0x00002c99   Thumb Code     0  daddsub_clz.o(x$fpl$dsub)
    x$fpl$fpinit                             0x00002e5c   Section       10  fpinit.o(x$fpl$fpinit)
    $v0                                      0x00002e5c   Number         0  fpinit.o(x$fpl$fpinit)
    x$fpl$usenofp                            0x00002e66   Section        0  usenofp.o(x$fpl$usenofp)
    .data                                    0x20000000   Section       24  hal_gpio.o(.data)
    .data                                    0x20000018   Section       32  hal_uart.o(.data)
    .data                                    0x20000038   Section        1  clib_arm.o(.data)
    os_kernel_active                         0x20000038   Data           1  clib_arm.o(.data)
    .data                                    0x2000003c   Section        4  cmsis_os2.o(.data)
    KernelState                              0x2000003c   Data           4  cmsis_os2.o(.data)
    .data                                    0x20000040   Section        4  system_tm4c123.o(.data)
    .data                                    0x20000044   Section       24  heap_4.o(.data)
    xStart                                   0x20000044   Data           8  heap_4.o(.data)
    pxEnd                                    0x2000004c   Data           4  heap_4.o(.data)
    xFreeBytesRemaining                      0x20000050   Data           4  heap_4.o(.data)
    xMinimumEverFreeBytesRemaining           0x20000054   Data           4  heap_4.o(.data)
    xBlockAllocatedBit                       0x20000058   Data           4  heap_4.o(.data)
    .data                                    0x2000005c   Section        4  port.o(.data)
    uxCriticalNesting                        0x2000005c   Data           4  port.o(.data)
    .data                                    0x20000060   Section       60  tasks.o(.data)
    pxDelayedTaskList                        0x20000064   Data           4  tasks.o(.data)
    pxOverflowDelayedTaskList                0x20000068   Data           4  tasks.o(.data)
    uxDeletedTasksWaitingCleanUp             0x2000006c   Data           4  tasks.o(.data)
    uxCurrentNumberOfTasks                   0x20000070   Data           4  tasks.o(.data)
    xTickCount                               0x20000074   Data           4  tasks.o(.data)
    uxTopReadyPriority                       0x20000078   Data           4  tasks.o(.data)
    xSchedulerRunning                        0x2000007c   Data           4  tasks.o(.data)
    uxPendedTicks                            0x20000080   Data           4  tasks.o(.data)
    xYieldPending                            0x20000084   Data           4  tasks.o(.data)
    xNumOfOverflows                          0x20000088   Data           4  tasks.o(.data)
    uxTaskNumber                             0x2000008c   Data           4  tasks.o(.data)
    xNextTaskUnblockTime                     0x20000090   Data           4  tasks.o(.data)
    xIdleTaskHandle                          0x20000094   Data           4  tasks.o(.data)
    uxSchedulerSuspended                     0x20000098   Data           4  tasks.o(.data)
    .data                                    0x2000009c   Section       20  timers.o(.data)
    pxCurrentTimerList                       0x2000009c   Data           4  timers.o(.data)
    pxOverflowTimerList                      0x200000a0   Data           4  timers.o(.data)
    xTimerQueue                              0x200000a4   Data           4  timers.o(.data)
    xTimerTaskHandle                         0x200000a8   Data           4  timers.o(.data)
    xLastTime                                0x200000ac   Data           4  timers.o(.data)
    .bss                                     0x200000b0   Section     1016  cmsis_os2.o(.bss)
    Idle_TCB                                 0x200000b0   Data          92  cmsis_os2.o(.bss)
    Idle_Stack                               0x2000010c   Data         512  cmsis_os2.o(.bss)
    Timer_TCB                                0x2000030c   Data          92  cmsis_os2.o(.bss)
    Timer_Stack                              0x20000368   Data         320  cmsis_os2.o(.bss)
    .bss                                     0x200004a8   Section     8192  heap_4.o(.bss)
    ucHeap                                   0x200004a8   Data        8192  heap_4.o(.bss)
    .bss                                     0x200024a8   Section     1220  tasks.o(.bss)
    pxReadyTasksLists                        0x200024a8   Data        1120  tasks.o(.bss)
    xDelayedTaskList1                        0x20002908   Data          20  tasks.o(.bss)
    xDelayedTaskList2                        0x2000291c   Data          20  tasks.o(.bss)
    xPendingReadyList                        0x20002930   Data          20  tasks.o(.bss)
    xTasksWaitingTermination                 0x20002944   Data          20  tasks.o(.bss)
    xSuspendedTaskList                       0x20002958   Data          20  tasks.o(.bss)
    .bss                                     0x2000296c   Section      200  timers.o(.bss)
    xActiveTimerList1                        0x2000296c   Data          20  timers.o(.bss)
    xActiveTimerList2                        0x20002980   Data          20  timers.o(.bss)
    xStaticTimerQueue                        0x20002994   Data          80  timers.o(.bss)
    ucStaticTimerQueueStorage                0x200029e4   Data          80  timers.o(.bss)
    .bss                                     0x20002a34   Section       96  libspace.o(.bss)
    HEAP                                     0x20002a98   Section        0  startup_tm4c123.o(HEAP)
    STACK                                    0x20002a98   Section      512  startup_tm4c123.o(STACK)
    Heap_Mem                                 0x20002a98   Data           0  startup_tm4c123.o(HEAP)
    Stack_Mem                                0x20002a98   Data         512  startup_tm4c123.o(STACK)
    __initial_sp                             0x20002c98   Data           0  startup_tm4c123.o(STACK)

    Global Symbols

    Symbol Name                              Value     Ov Type        Size  Object(Section)

    BuildAttributes$$THM_ISAv4$E$P$D$K$B$S$7EM$VFPi3$EXTD16$VFPS$VFMA$PE$A:L22UL41UL21$X:L11$S22US41US21$IEEE1$IW$USESV6$~STKCKD$USESV7$~SHL$OTIME$ROPI$IEEEJ$EBA8$UX$STANDARDLIB$REQ8$PRES8$EABIv2 0x00000000   Number         0  anon$$obj.o ABSOLUTE
    __ARM_use_no_argv                        0x00000000   Number         0  main.o ABSOLUTE
    __Vectors                                0x00000000   Data           4  startup_tm4c123.o(RESET)
    __ARM_exceptions_init                     - Undefined Weak Reference
    __alloca_initialize                       - Undefined Weak Reference
    __arm_preinit_                            - Undefined Weak Reference
    __cpp_initialize__aeabi_                  - Undefined Weak Reference
    __cxa_finalize                            - Undefined Weak Reference
    __rt_locale                               - Undefined Weak Reference
    __sigvec_lookup                           - Undefined Weak Reference
    _atexit_init                              - Undefined Weak Reference
    _call_atexit_fns                          - Undefined Weak Reference
    _clock_init                               - Undefined Weak Reference
    _fp_trap_init                             - Undefined Weak Reference
    _fp_trap_shutdown                         - Undefined Weak Reference
    _get_lc_collate                           - Undefined Weak Reference
    _get_lc_ctype                             - Undefined Weak Reference
    _get_lc_monetary                          - Undefined Weak Reference
    _get_lc_numeric                           - Undefined Weak Reference
    _get_lc_time                              - Undefined Weak Reference
    _getenv_init                              - Undefined Weak Reference
    _handle_redirection                       - Undefined Weak Reference
    _init_alloc                               - Undefined Weak Reference
    _init_user_alloc                          - Undefined Weak Reference
    _initio                                   - Undefined Weak Reference
    _rand_init                                - Undefined Weak Reference
    _signal_finish                            - Undefined Weak Reference
    _signal_init                              - Undefined Weak Reference
    _terminate_alloc                          - Undefined Weak Reference
    _terminate_user_alloc                     - Undefined Weak Reference
    _terminateio                              - Undefined Weak Reference
    __Vectors_End                            0x0000026c   Data           0  startup_tm4c123.o(RESET)
    __Vectors_Size                           0x0000026c   Number         0  startup_tm4c123.o ABSOLUTE
    __main                                   0x0000026d   Thumb Code     8  __main.o(!!!main)
    __scatterload                            0x00000275   Thumb Code     0  __scatter.o(!!!scatter)
    __scatterload_rt2                        0x00000275   Thumb Code    44  __scatter.o(!!!scatter)
    __scatterload_rt2_thumb_only             0x00000275   Thumb Code     0  __scatter.o(!!!scatter)
    __scatterload_null                       0x00000283   Thumb Code     0  __scatter.o(!!!scatter)
    __scatterload_copy                       0x000002a9   Thumb Code    26  __scatter_copy.o(!!handler_copy)
    __scatterload_zeroinit                   0x000002c5   Thumb Code    28  __scatter_zi.o(!!handler_zi)
    __rt_lib_init                            0x000002e1   Thumb Code     0  libinit.o(.ARM.Collect$$libinit$$00000000)
    __rt_lib_init_fp_1                       0x000002e3   Thumb Code     0  libinit2.o(.ARM.Collect$$libinit$$00000001)
    __rt_lib_init_alloca_1                   0x000002e7   Thumb Code     0  libinit2.o(.ARM.Collect$$libinit$$0000002E)
    __rt_lib_init_argv_1                     0x000002e7   Thumb Code     0  libinit2.o(.ARM.Collect$$libinit$$0000002C)
    __rt_lib_init_atexit_1                   0x000002e7   Thumb Code     0  libinit2.o(.ARM.Collect$$libinit$$0000001B)
    __rt_lib_init_clock_1                    0x000002e7   Thumb Code     0  libinit2.o(.ARM.Collect$$libinit$$00000021)
    __rt_lib_init_cpp_1                      0x000002e7   Thumb Code     0  libinit2.o(.ARM.Collect$$libinit$$00000032)
    __rt_lib_init_exceptions_1               0x000002e7   Thumb Code     0  libinit2.o(.ARM.Collect$$libinit$$00000030)
    __rt_lib_init_fp_trap_1                  0x000002e7   Thumb Code     0  libinit2.o(.ARM.Collect$$libinit$$0000001F)
    __rt_lib_init_getenv_1                   0x000002e7   Thumb Code     0  libinit2.o(.ARM.Collect$$libinit$$00000023)
    __rt_lib_init_heap_1                     0x000002e7   Thumb Code     0  libinit2.o(.ARM.Collect$$libinit$$0000000A)
    __rt_lib_init_lc_collate_1               0x000002e7   Thumb Code     0  libinit2.o(.ARM.Collect$$libinit$$00000011)
    __rt_lib_init_lc_ctype_1                 0x000002e7   Thumb Code     0  libinit2.o(.ARM.Collect$$libinit$$00000013)
    __rt_lib_init_lc_monetary_1              0x000002e7   Thumb Code     0  libinit2.o(.ARM.Collect$$libinit$$00000015)
    __rt_lib_init_lc_numeric_1               0x000002e7   Thumb Code     0  libinit2.o(.ARM.Collect$$libinit$$00000017)
    __rt_lib_init_lc_time_1                  0x000002e7   Thumb Code     0  libinit2.o(.ARM.Collect$$libinit$$00000019)
    __rt_lib_init_preinit_1                  0x000002e7   Thumb Code     0  libinit2.o(.ARM.Collect$$libinit$$00000004)
    __rt_lib_init_rand_1                     0x000002e7   Thumb Code     0  libinit2.o(.ARM.Collect$$libinit$$0000000E)
    __rt_lib_init_return                     0x000002e7   Thumb Code     0  libinit2.o(.ARM.Collect$$libinit$$00000033)
    __rt_lib_init_signal_1                   0x000002e7   Thumb Code     0  libinit2.o(.ARM.Collect$$libinit$$0000001D)
    __rt_lib_init_stdio_1                    0x000002e7   Thumb Code     0  libinit2.o(.ARM.Collect$$libinit$$00000025)
    __rt_lib_init_user_alloc_1               0x000002e7   Thumb Code     0  libinit2.o(.ARM.Collect$$libinit$$0000000C)
    __rt_lib_shutdown                        0x000002e9   Thumb Code     0  libshutdown.o(.ARM.Collect$$libshutdown$$00000000)
    __rt_lib_shutdown_cpp_1                  0x000002eb   Thumb Code     0  libshutdown2.o(.ARM.Collect$$libshutdown$$00000002)
    __rt_lib_shutdown_fp_trap_1              0x000002eb   Thumb Code     0  libshutdown2.o(.ARM.Collect$$libshutdown$$00000007)
    __rt_lib_shutdown_heap_1                 0x000002eb   Thumb Code     0  libshutdown2.o(.ARM.Collect$$libshutdown$$0000000F)
    __rt_lib_shutdown_return                 0x000002eb   Thumb Code     0  libshutdown2.o(.ARM.Collect$$libshutdown$$00000010)
    __rt_lib_shutdown_signal_1               0x000002eb   Thumb Code     0  libshutdown2.o(.ARM.Collect$$libshutdown$$0000000A)
    __rt_lib_shutdown_stdio_1                0x000002eb   Thumb Code     0  libshutdown2.o(.ARM.Collect$$libshutdown$$00000004)
    __rt_lib_shutdown_user_alloc_1           0x000002eb   Thumb Code     0  libshutdown2.o(.ARM.Collect$$libshutdown$$0000000C)
    __rt_entry                               0x000002ed   Thumb Code     0  __rtentry.o(.ARM.Collect$$rtentry$$00000000)
    __rt_entry_presh_1                       0x000002ed   Thumb Code     0  __rtentry2.o(.ARM.Collect$$rtentry$$00000002)
    __rt_entry_sh                            0x000002ed   Thumb Code     0  __rtentry4.o(.ARM.Collect$$rtentry$$00000004)
    __rt_entry_postsh_1                      0x000002f3   Thumb Code     0  __rtentry2.o(.ARM.Collect$$rtentry$$00000008)
    __rt_entry_li                            0x000002fb   Thumb Code     0  __rtentry2.o(.ARM.Collect$$rtentry$$0000000A)
    __rt_entry_main                          0x000002ff   Thumb Code     0  __rtentry2.o(.ARM.Collect$$rtentry$$0000000D)
    __rt_entry_postli_1                      0x000002ff   Thumb Code     0  __rtentry2.o(.ARM.Collect$$rtentry$$0000000C)
    __rt_exit                                0x00000307   Thumb Code     0  rtexit.o(.ARM.Collect$$rtexit$$00000000)
    __rt_exit_ls                             0x00000309   Thumb Code     0  rtexit2.o(.ARM.Collect$$rtexit$$00000003)
    __rt_exit_prels_1                        0x00000309   Thumb Code     0  rtexit2.o(.ARM.Collect$$rtexit$$00000002)
    __rt_exit_exit                           0x0000030d   Thumb Code     0  rtexit2.o(.ARM.Collect$$rtexit$$00000004)
    SVC_Handler                              0x00000315   Thumb Code    28  port.o(.emb_text)
    __asm___6_port_c_39a90d8d__prvStartFirstTask 0x00000335   Thumb Code    36  port.o(.emb_text)
    __asm___6_port_c_39a90d8d__prvEnableVFP  0x0000035d   Thumb Code    16  port.o(.emb_text)
    PendSV_Handler                           0x00000371   Thumb Code    88  port.o(.emb_text)
    vPortGetIPSR                             0x000003cd   Thumb Code     6  port.o(.emb_text)
    Reset_Handler                            0x000003d5   Thumb Code     8  startup_tm4c123.o(.text)
    NMI_Handler                              0x000003dd   Thumb Code     2  startup_tm4c123.o(.text)
    HardFault_Handler                        0x000003df   Thumb Code     2  startup_tm4c123.o(.text)
    MemManage_Handler                        0x000003e1   Thumb Code     2  startup_tm4c123.o(.text)
    BusFault_Handler                         0x000003e3   Thumb Code     2  startup_tm4c123.o(.text)
    UsageFault_Handler                       0x000003e5   Thumb Code     2  startup_tm4c123.o(.text)
    DebugMon_Handler                         0x000003e9   Thumb Code     2  startup_tm4c123.o(.text)
    GPIOA_Handler                            0x000003ef   Thumb Code     2  startup_tm4c123.o(.text)
    GPIOB_Handler                            0x000003f1   Thumb Code     2  startup_tm4c123.o(.text)
    GPIOC_Handler                            0x000003f3   Thumb Code     2  startup_tm4c123.o(.text)
    GPIOD_Handler                            0x000003f5   Thumb Code     2  startup_tm4c123.o(.text)
    GPIOE_Handler                            0x000003f7   Thumb Code     2  startup_tm4c123.o(.text)
    UART0_Handler                            0x000003f9   Thumb Code     2  startup_tm4c123.o(.text)
    UART1_Handler                            0x000003fb   Thumb Code     2  startup_tm4c123.o(.text)
    SSI0_Handler                             0x000003fd   Thumb Code     2  startup_tm4c123.o(.text)
    I2C0_Handler                             0x000003ff   Thumb Code     2  startup_tm4c123.o(.text)
    PMW0_FAULT_Handler                       0x00000401   Thumb Code     2  startup_tm4c123.o(.text)
    PWM0_0_Handler                           0x00000403   Thumb Code     2  startup_tm4c123.o(.text)
    PWM0_1_Handler                           0x00000405   Thumb Code     2  startup_tm4c123.o(.text)
    PWM0_2_Handler                           0x00000407   Thumb Code     2  startup_tm4c123.o(.text)
    QEI0_Handler                             0x00000409   Thumb Code     2  startup_tm4c123.o(.text)
    ADC0SS0_Handler                          0x0000040b   Thumb Code     2  startup_tm4c123.o(.text)
    ADC0SS1_Handler                          0x0000040d   Thumb Code     2  startup_tm4c123.o(.text)
    ADC0SS2_Handler                          0x0000040f   Thumb Code     2  startup_tm4c123.o(.text)
    ADC0SS3_Handler                          0x00000411   Thumb Code     2  startup_tm4c123.o(.text)
    WDT0_Handler                             0x00000413   Thumb Code     2  startup_tm4c123.o(.text)
    TIMER0A_Handler                          0x00000415   Thumb Code     2  startup_tm4c123.o(.text)
    TIMER0B_Handler                          0x00000417   Thumb Code     2  startup_tm4c123.o(.text)
    TIMER1A_Handler                          0x00000419   Thumb Code     2  startup_tm4c123.o(.text)
    TIMER1B_Handler                          0x0000041b   Thumb Code     2  startup_tm4c123.o(.text)
    TIMER2A_Handler                          0x0000041d   Thumb Code     2  startup_tm4c123.o(.text)
    TIMER2B_Handler                          0x0000041f   Thumb Code     2  startup_tm4c123.o(.text)
    COMP0_Handler                            0x00000421   Thumb Code     2  startup_tm4c123.o(.text)
    COMP1_Handler                            0x00000423   Thumb Code     2  startup_tm4c123.o(.text)
    COMP2_Handler                            0x00000425   Thumb Code     2  startup_tm4c123.o(.text)
    SYSCTL_Handler                           0x00000427   Thumb Code     2  startup_tm4c123.o(.text)
    FLASH_Handler                            0x00000429   Thumb Code     2  startup_tm4c123.o(.text)
    GPIOF_Handler                            0x0000042b   Thumb Code     2  startup_tm4c123.o(.text)
    GPIOG_Handler                            0x0000042d   Thumb Code     2  startup_tm4c123.o(.text)
    GPIOH_Handler                            0x0000042f   Thumb Code     2  startup_tm4c123.o(.text)
    UART2_Handler                            0x00000431   Thumb Code     2  startup_tm4c123.o(.text)
    SSI1_Handler                             0x00000433   Thumb Code     2  startup_tm4c123.o(.text)
    TIMER3A_Handler                          0x00000435   Thumb Code     2  startup_tm4c123.o(.text)
    TIMER3B_Handler                          0x00000437   Thumb Code     2  startup_tm4c123.o(.text)
    I2C1_Handler                             0x00000439   Thumb Code     2  startup_tm4c123.o(.text)
    QEI1_Handler                             0x0000043b   Thumb Code     2  startup_tm4c123.o(.text)
    CAN0_Handler                             0x0000043d   Thumb Code     2  startup_tm4c123.o(.text)
    CAN1_Handler                             0x0000043f   Thumb Code     2  startup_tm4c123.o(.text)
    CAN2_Handler                             0x00000441   Thumb Code     2  startup_tm4c123.o(.text)
    HIB_Handler                              0x00000443   Thumb Code     2  startup_tm4c123.o(.text)
    USB0_Handler                             0x00000445   Thumb Code     2  startup_tm4c123.o(.text)
    PWM0_3_Handler                           0x00000447   Thumb Code     2  startup_tm4c123.o(.text)
    UDMA_Handler                             0x00000449   Thumb Code     2  startup_tm4c123.o(.text)
    UDMAERR_Handler                          0x0000044b   Thumb Code     2  startup_tm4c123.o(.text)
    ADC1SS0_Handler                          0x0000044d   Thumb Code     2  startup_tm4c123.o(.text)
    ADC1SS1_Handler                          0x0000044f   Thumb Code     2  startup_tm4c123.o(.text)
    ADC1SS2_Handler                          0x00000451   Thumb Code     2  startup_tm4c123.o(.text)
    ADC1SS3_Handler                          0x00000453   Thumb Code     2  startup_tm4c123.o(.text)
    GPIOJ_Handler                            0x00000455   Thumb Code     2  startup_tm4c123.o(.text)
    GPIOK_Handler                            0x00000457   Thumb Code     2  startup_tm4c123.o(.text)
    GPIOL_Handler                            0x00000459   Thumb Code     2  startup_tm4c123.o(.text)
    SSI2_Handler                             0x0000045b   Thumb Code     2  startup_tm4c123.o(.text)
    SSI3_Handler                             0x0000045d   Thumb Code     2  startup_tm4c123.o(.text)
    UART3_Handler                            0x0000045f   Thumb Code     2  startup_tm4c123.o(.text)
    UART4_Handler                            0x00000461   Thumb Code     2  startup_tm4c123.o(.text)
    UART5_Handler                            0x00000463   Thumb Code     2  startup_tm4c123.o(.text)
    UART6_Handler                            0x00000465   Thumb Code     2  startup_tm4c123.o(.text)
    UART7_Handler                            0x00000467   Thumb Code     2  startup_tm4c123.o(.text)
    I2C2_Handler                             0x00000469   Thumb Code     2  startup_tm4c123.o(.text)
    I2C3_Handler                             0x0000046b   Thumb Code     2  startup_tm4c123.o(.text)
    TIMER4A_Handler                          0x0000046d   Thumb Code     2  startup_tm4c123.o(.text)
    TIMER4B_Handler                          0x0000046f   Thumb Code     2  startup_tm4c123.o(.text)
    TIMER5A_Handler                          0x00000471   Thumb Code     2  startup_tm4c123.o(.text)
    TIMER5B_Handler                          0x00000473   Thumb Code     2  startup_tm4c123.o(.text)
    WTIMER0A_Handler                         0x00000475   Thumb Code     2  startup_tm4c123.o(.text)
    WTIMER0B_Handler                         0x00000477   Thumb Code     2  startup_tm4c123.o(.text)
    WTIMER1A_Handler                         0x00000479   Thumb Code     2  startup_tm4c123.o(.text)
    WTIMER1B_Handler                         0x0000047b   Thumb Code     2  startup_tm4c123.o(.text)
    WTIMER2A_Handler                         0x0000047d   Thumb Code     2  startup_tm4c123.o(.text)
    WTIMER2B_Handler                         0x0000047f   Thumb Code     2  startup_tm4c123.o(.text)
    WTIMER3A_Handler                         0x00000481   Thumb Code     2  startup_tm4c123.o(.text)
    WTIMER3B_Handler                         0x00000483   Thumb Code     2  startup_tm4c123.o(.text)
    WTIMER4A_Handler                         0x00000485   Thumb Code     2  startup_tm4c123.o(.text)
    WTIMER4B_Handler                         0x00000487   Thumb Code     2  startup_tm4c123.o(.text)
    WTIMER5A_Handler                         0x00000489   Thumb Code     2  startup_tm4c123.o(.text)
    WTIMER5B_Handler                         0x0000048b   Thumb Code     2  startup_tm4c123.o(.text)
    FPU_Handler                              0x0000048d   Thumb Code     2  startup_tm4c123.o(.text)
    I2C4_Handler                             0x0000048f   Thumb Code     2  startup_tm4c123.o(.text)
    I2C5_Handler                             0x00000491   Thumb Code     2  startup_tm4c123.o(.text)
    GPIOM_Handler                            0x00000493   Thumb Code     2  startup_tm4c123.o(.text)
    GPION_Handler                            0x00000495   Thumb Code     2  startup_tm4c123.o(.text)
    QEI2_Handler                             0x00000497   Thumb Code     2  startup_tm4c123.o(.text)
    GPIOP0_Handler                           0x00000499   Thumb Code     2  startup_tm4c123.o(.text)
    GPIOP1_Handler                           0x0000049b   Thumb Code     2  startup_tm4c123.o(.text)
    GPIOP2_Handler                           0x0000049d   Thumb Code     2  startup_tm4c123.o(.text)
    GPIOP3_Handler                           0x0000049f   Thumb Code     2  startup_tm4c123.o(.text)
    GPIOP4_Handler                           0x000004a1   Thumb Code     2  startup_tm4c123.o(.text)
    GPIOP5_Handler                           0x000004a3   Thumb Code     2  startup_tm4c123.o(.text)
    GPIOP6_Handler                           0x000004a5   Thumb Code     2  startup_tm4c123.o(.text)
    GPIOP7_Handler                           0x000004a7   Thumb Code     2  startup_tm4c123.o(.text)
    GPIOQ0_Handler                           0x000004a9   Thumb Code     2  startup_tm4c123.o(.text)
    GPIOQ1_Handler                           0x000004ab   Thumb Code     2  startup_tm4c123.o(.text)
    GPIOQ2_Handler                           0x000004ad   Thumb Code     2  startup_tm4c123.o(.text)
    GPIOQ3_Handler                           0x000004af   Thumb Code     2  startup_tm4c123.o(.text)
    GPIOQ4_Handler                           0x000004b1   Thumb Code     2  startup_tm4c123.o(.text)
    GPIOQ5_Handler                           0x000004b3   Thumb Code     2  startup_tm4c123.o(.text)
    GPIOQ6_Handler                           0x000004b5   Thumb Code     2  startup_tm4c123.o(.text)
    GPIOQ7_Handler                           0x000004b7   Thumb Code     2  startup_tm4c123.o(.text)
    GPIOR_Handler                            0x000004b9   Thumb Code     2  startup_tm4c123.o(.text)
    GPIOS_Handler                            0x000004bb   Thumb Code     2  startup_tm4c123.o(.text)
    PMW1_0_Handler                           0x000004bd   Thumb Code     2  startup_tm4c123.o(.text)
    PWM1_1_Handler                           0x000004bf   Thumb Code     2  startup_tm4c123.o(.text)
    PWM1_2_Handler                           0x000004c1   Thumb Code     2  startup_tm4c123.o(.text)
    PWM1_3_Handler                           0x000004c3   Thumb Code     2  startup_tm4c123.o(.text)
    PWM1_FAULT_Handler                       0x000004c5   Thumb Code     2  startup_tm4c123.o(.text)
    __user_initial_stackheap                 0x000004c9   Thumb Code     0  startup_tm4c123.o(.text)
    __aeabi_memcpy                           0x000004e9   Thumb Code     0  rt_memcpy_v6.o(.text)
    __rt_memcpy                              0x000004e9   Thumb Code   138  rt_memcpy_v6.o(.text)
    _memcpy_lastbytes                        0x0000054f   Thumb Code     0  rt_memcpy_v6.o(.text)
    __aeabi_memset                           0x00000573   Thumb Code    16  aeabi_memset.o(.text)
    __use_two_region_memory                  0x00000583   Thumb Code     2  heapauxi.o(.text)
    __rt_heap_escrow$2region                 0x00000585   Thumb Code     2  heapauxi.o(.text)
    __rt_heap_expand$2region                 0x00000587   Thumb Code     2  heapauxi.o(.text)
    __aeabi_memcpy4                          0x00000589   Thumb Code     0  rt_memcpy_w.o(.text)
    __aeabi_memcpy8                          0x00000589   Thumb Code     0  rt_memcpy_w.o(.text)
    __rt_memcpy_w                            0x00000589   Thumb Code   100  rt_memcpy_w.o(.text)
    _memcpy_lastbytes_aligned                0x000005d1   Thumb Code     0  rt_memcpy_w.o(.text)
    __aeabi_memclr                           0x000005ed   Thumb Code     0  rt_memclr.o(.text)
    __rt_memclr                              0x000005ed   Thumb Code    68  rt_memclr.o(.text)
    _memset                                  0x000005f1   Thumb Code     0  rt_memclr.o(.text)
    __aeabi_memclr4                          0x00000631   Thumb Code     0  rt_memclr_w.o(.text)
    __aeabi_memclr8                          0x00000631   Thumb Code     0  rt_memclr_w.o(.text)
    __rt_memclr_w                            0x00000631   Thumb Code    78  rt_memclr_w.o(.text)
    _memset_w                                0x00000635   Thumb Code     0  rt_memclr_w.o(.text)
    __user_setup_stackheap                   0x0000067f   Thumb Code    74  sys_stackheap_outer.o(.text)
    exit                                     0x000006c9   Thumb Code    18  exit.o(.text)
    __user_libspace                          0x000006dd   Thumb Code     8  libspace.o(.text)
    __user_perproc_libspace                  0x000006dd   Thumb Code     0  libspace.o(.text)
    _sys_exit                                0x000006e5   Thumb Code     8  sys_exit.o(.text)
    __I$use$semihosting                      0x000006f1   Thumb Code     0  use_no_semi.o(.text)
    __use_no_semihosting_swi                 0x000006f1   Thumb Code     2  use_no_semi.o(.text)
    __semihosting_library_function           0x000006f3   Thumb Code     0  indicate_semi.o(.text)
    GPIO_EnableAltDigital                    0x000006f5   Thumb Code   112  hal_gpio.o(i.GPIO_EnableAltDigital)
    GPIO_EnableDO                            0x00000769   Thumb Code   184  hal_gpio.o(i.GPIO_EnableDO)
    GPIO_InitPort                            0x00000829   Thumb Code    40  hal_gpio.o(i.GPIO_InitPort)
    GPIO_PinWrite                            0x00000855   Thumb Code    36  hal_gpio.o(i.GPIO_PinWrite)
    SysTick_Handler                          0x0000087d   Thumb Code    14  cmsis_os2.o(i.SysTick_Handler)
    SystemInit                               0x0000088d   Thumb Code   112  system_tm4c123.o(i.SystemInit)
    UART_Init                                0x00000925   Thumb Code   286  hal_uart.o(i.UART_Init)
    __hardfp_modf                            0x00000a75   Thumb Code   202  modf.o(i.__hardfp_modf)
    _mutex_acquire                           0x00000b45   Thumb Code    22  clib_arm.o(i._mutex_acquire)
    _mutex_free                              0x00000b5b   Thumb Code    12  clib_arm.o(i._mutex_free)
    _mutex_initialize                        0x00000b67   Thumb Code    24  clib_arm.o(i._mutex_initialize)
    _mutex_release                           0x00000b7f   Thumb Code    18  clib_arm.o(i._mutex_release)
    _platform_post_stackheap_init            0x00000b91   Thumb Code     8  clib_arm.o(i._platform_post_stackheap_init)
    main                                     0x00000b99   Thumb Code    60  main.o(i.main)
    osKernelGetState                         0x00000bf1   Thumb Code    48  cmsis_os2.o(i.osKernelGetState)
    osKernelInitialize                       0x00000c25   Thumb Code    58  cmsis_os2.o(i.osKernelInitialize)
    osMutexAcquire                           0x00000c65   Thumb Code   120  cmsis_os2.o(i.osMutexAcquire)
    osMutexDelete                            0x00000ce1   Thumb Code    60  cmsis_os2.o(i.osMutexDelete)
    osMutexNew                               0x00000d21   Thumb Code   180  cmsis_os2.o(i.osMutexNew)
    osMutexRelease                           0x00000dd9   Thumb Code   100  cmsis_os2.o(i.osMutexRelease)
    prvSetupHardware                         0x00001619   Thumb Code    34  main.o(i.prvSetupHardware)
    pvPortMalloc                             0x00001771   Thumb Code   188  heap_4.o(i.pvPortMalloc)
    pvTaskIncrementMutexHeldCount            0x00001841   Thumb Code    26  tasks.o(i.pvTaskIncrementMutexHeldCount)
    pxPortInitialiseStack                    0x00001861   Thumb Code    38  port.o(i.pxPortInitialiseStack)
    uxListRemove                             0x0000188d   Thumb Code    40  list.o(i.uxListRemove)
    vApplicationGetIdleTaskMemory            0x000018b5   Thumb Code    14  cmsis_os2.o(i.vApplicationGetIdleTaskMemory)
    vApplicationGetTimerTaskMemory           0x000018cd   Thumb Code    14  cmsis_os2.o(i.vApplicationGetTimerTaskMemory)
    vApplicationStackOverflowHook            0x000018e5   Thumb Code     2  cmsis_os2.o(i.vApplicationStackOverflowHook)
    vBlinky                                  0x000018e9   Thumb Code    26  main.o(i.vBlinky)
    vBlinky1                                 0x0000190d   Thumb Code    34  main.o(i.vBlinky1)
    vListInitialise                          0x00001939   Thumb Code    26  list.o(i.vListInitialise)
    vListInitialiseItem                      0x00001953   Thumb Code     6  list.o(i.vListInitialiseItem)
    vListInsert                              0x00001959   Thumb Code    52  list.o(i.vListInsert)
    vListInsertEnd                           0x0000198d   Thumb Code    24  list.o(i.vListInsertEnd)
    vPortEnterCritical                       0x000019a5   Thumb Code    30  port.o(i.vPortEnterCritical)
    vPortExitCritical                        0x000019c9   Thumb Code    28  port.o(i.vPortExitCritical)
    vPortFree                                0x000019e9   Thumb Code    64  heap_4.o(i.vPortFree)
    vPortSetupTimerInterrupt                 0x00001a31   Thumb Code    36  port.o(i.vPortSetupTimerInterrupt)
    vQueueDelete                             0x00001a59   Thumb Code    20  queue.o(i.vQueueDelete)
    vQueueWaitForMessageRestricted           0x00001a6d   Thumb Code    74  queue.o(i.vQueueWaitForMessageRestricted)
    vTaskDelay                               0x00001ab9   Thumb Code    46  tasks.o(i.vTaskDelay)
    vTaskInternalSetTimeOutState             0x00001aed   Thumb Code    14  tasks.o(i.vTaskInternalSetTimeOutState)
    vTaskMissedYield                         0x00001b05   Thumb Code     8  tasks.o(i.vTaskMissedYield)
    vTaskPlaceOnEventList                    0x00001b11   Thumb Code    28  tasks.o(i.vTaskPlaceOnEventList)
    vTaskPlaceOnEventListRestricted          0x00001b31   Thumb Code    36  tasks.o(i.vTaskPlaceOnEventListRestricted)
    vTaskPriorityDisinheritAfterTimeout      0x00001b59   Thumb Code   128  tasks.o(i.vTaskPriorityDisinheritAfterTimeout)
    vTaskStartScheduler                      0x00001be1   Thumb Code   120  tasks.o(i.vTaskStartScheduler)
    vTaskSuspendAll                          0x00001c75   Thumb Code    12  tasks.o(i.vTaskSuspendAll)
    vTaskSwitchContext                       0x00001c85   Thumb Code   154  tasks.o(i.vTaskSwitchContext)
    xPortStartScheduler                      0x00001d35   Thumb Code    58  port.o(i.xPortStartScheduler)
    xPortSysTickHandler                      0x00001d7d   Thumb Code    46  port.o(i.xPortSysTickHandler)
    xQueueCreateMutex                        0x00001db1   Thumb Code    34  queue.o(i.xQueueCreateMutex)
    xQueueCreateMutexStatic                  0x00001dd3   Thumb Code    42  queue.o(i.xQueueCreateMutexStatic)
    xQueueGenericCreate                      0x00001dfd   Thumb Code    62  queue.o(i.xQueueGenericCreate)
    xQueueGenericCreateStatic                0x00001e3b   Thumb Code    46  queue.o(i.xQueueGenericCreateStatic)
    xQueueGenericReset                       0x00001e69   Thumb Code   122  queue.o(i.xQueueGenericReset)
    xQueueGenericSend                        0x00001ee9   Thumb Code   276  queue.o(i.xQueueGenericSend)
    xQueueGenericSendFromISR                 0x00002001   Thumb Code   134  queue.o(i.xQueueGenericSendFromISR)
    xQueueGiveMutexRecursive                 0x00002087   Thumb Code    48  queue.o(i.xQueueGiveMutexRecursive)
    xQueueReceive                            0x000020b9   Thumb Code   256  queue.o(i.xQueueReceive)
    xQueueSemaphoreTake                      0x000021bd   Thumb Code   300  queue.o(i.xQueueSemaphoreTake)
    xQueueTakeMutexRecursive                 0x000022ed   Thumb Code    54  queue.o(i.xQueueTakeMutexRecursive)
    xTaskCheckForTimeOut                     0x00002325   Thumb Code    84  tasks.o(i.xTaskCheckForTimeOut)
    xTaskCreate                              0x00002381   Thumb Code   100  tasks.o(i.xTaskCreate)
    xTaskCreateStatic                        0x000023e5   Thumb Code    78  tasks.o(i.xTaskCreateStatic)
    xTaskGetCurrentTaskHandle                0x00002435   Thumb Code     6  tasks.o(i.xTaskGetCurrentTaskHandle)
    xTaskGetSchedulerState                   0x00002441   Thumb Code    24  tasks.o(i.xTaskGetSchedulerState)
    xTaskGetTickCount                        0x00002461   Thumb Code     6  tasks.o(i.xTaskGetTickCount)
    xTaskIncrementTick                       0x0000246d   Thumb Code   236  tasks.o(i.xTaskIncrementTick)
    xTaskPriorityDisinherit                  0x00002585   Thumb Code    86  tasks.o(i.xTaskPriorityDisinherit)
    xTaskPriorityInherit                     0x000025e5   Thumb Code   150  tasks.o(i.xTaskPriorityInherit)
    xTaskRemoveFromEventList                 0x00002689   Thumb Code   102  tasks.o(i.xTaskRemoveFromEventList)
    xTaskResumeAll                           0x00002709   Thumb Code   194  tasks.o(i.xTaskResumeAll)
    xTimerCreateTimerTask                    0x000027f1   Thumb Code    76  timers.o(i.xTimerCreateTimerTask)
    xTimerGenericCommand                     0x00002851   Thumb Code   104  timers.o(i.xTimerGenericCommand)
    __aeabi_dadd                             0x000028bd   Thumb Code     0  daddsub_clz.o(x$fpl$dadd)
    _dadd                                    0x000028bd   Thumb Code   332  daddsub_clz.o(x$fpl$dadd)
    __aeabi_d2uiz                            0x00002a0d   Thumb Code     0  dfixu.o(x$fpl$dfixu)
    _dfixu                                   0x00002a0d   Thumb Code    90  dfixu.o(x$fpl$dfixu)
    __aeabi_ui2d                             0x00002a67   Thumb Code     0  dflt_clz.o(x$fpl$dfltu)
    _dfltu                                   0x00002a67   Thumb Code    38  dflt_clz.o(x$fpl$dfltu)
    __aeabi_dmul                             0x00002a8d   Thumb Code     0  dmul.o(x$fpl$dmul)
    _dmul                                    0x00002a8d   Thumb Code   332  dmul.o(x$fpl$dmul)
    __fpl_dnaninf                            0x00002be1   Thumb Code   156  dnaninf.o(x$fpl$dnaninf)
    __fpl_dretinf                            0x00002c7d   Thumb Code    12  dretinf.o(x$fpl$dretinf)
    __aeabi_dsub                             0x00002c89   Thumb Code     0  daddsub_clz.o(x$fpl$dsub)
    _dsub                                    0x00002c89   Thumb Code   464  daddsub_clz.o(x$fpl$dsub)
    _fp_init                                 0x00002e5d   Thumb Code    10  fpinit.o(x$fpl$fpinit)
    __fplib_config_fpu_vfp                   0x00002e65   Thumb Code     0  fpinit.o(x$fpl$fpinit)
    __fplib_config_pureend_doubles           0x00002e65   Thumb Code     0  fpinit.o(x$fpl$fpinit)
    __I$use$fp                               0x00002e66   Number         0  usenofp.o(x$fpl$usenofp)
    Region$$Table$$Base                      0x00002e68   Number         0  anon$$obj.o(Region$$Table)
    Region$$Table$$Limit                     0x00002e88   Number         0  anon$$obj.o(Region$$Table)
    GPIOBaseAddress                          0x20000000   Data          24  hal_gpio.o(.data)
    UART_BaseAddress                         0x20000018   Data          32  hal_uart.o(.data)
    SystemCoreClock                          0x20000040   Data           4  system_tm4c123.o(.data)
    pxCurrentTCB                             0x20000060   Data           4  tasks.o(.data)
    __libspace_start                         0x20002a34   Data          96  libspace.o(.bss)
    __temporary_stack_top$libspace           0x20002a94   Data           0  libspace.o(.bss)



==============================================================================

Memory Map of the image

  Image Entry point : 0x000003d5

  Load Region LR_1 (Base: 0x00000000, Size: 0x00002f38, Max: 0xffffffff, ABSOLUTE)

    Execution Region ER_RO (Exec base: 0x00000000, Load base: 0x00000000, Size: 0x00002e88, Max: 0xffffffff, ABSOLUTE)

    Exec Addr    Load Addr    Size         Type   Attr      Idx    E Section Name        Object

    0x00000000   0x00000000   0x0000026c   Data   RO          844    RESET               startup_tm4c123.o
    0x0000026c   0x0000026c   0x00000008   Code   RO         2027  * !!!main             c_w.l(__main.o)
    0x00000274   0x00000274   0x00000034   Code   RO         2217    !!!scatter          c_w.l(__scatter.o)
    0x000002a8   0x000002a8   0x0000001a   Code   RO         2219    !!handler_copy      c_w.l(__scatter_copy.o)
    0x000002c2   0x000002c2   0x00000002   PAD
    0x000002c4   0x000002c4   0x0000001c   Code   RO         2221    !!handler_zi        c_w.l(__scatter_zi.o)
    0x000002e0   0x000002e0   0x00000002   Code   RO         2087    .ARM.Collect$$libinit$$00000000  c_w.l(libinit.o)
    0x000002e2   0x000002e2   0x00000004   Code   RO         2093    .ARM.Collect$$libinit$$00000001  c_w.l(libinit2.o)
    0x000002e6   0x000002e6   0x00000000   Code   RO         2096    .ARM.Collect$$libinit$$00000004  c_w.l(libinit2.o)
    0x000002e6   0x000002e6   0x00000000   Code   RO         2099    .ARM.Collect$$libinit$$0000000A  c_w.l(libinit2.o)
    0x000002e6   0x000002e6   0x00000000   Code   RO         2101    .ARM.Collect$$libinit$$0000000C  c_w.l(libinit2.o)
    0x000002e6   0x000002e6   0x00000000   Code   RO         2103    .ARM.Collect$$libinit$$0000000E  c_w.l(libinit2.o)
    0x000002e6   0x000002e6   0x00000000   Code   RO         2106    .ARM.Collect$$libinit$$00000011  c_w.l(libinit2.o)
    0x000002e6   0x000002e6   0x00000000   Code   RO         2108    .ARM.Collect$$libinit$$00000013  c_w.l(libinit2.o)
    0x000002e6   0x000002e6   0x00000000   Code   RO         2110    .ARM.Collect$$libinit$$00000015  c_w.l(libinit2.o)
    0x000002e6   0x000002e6   0x00000000   Code   RO         2112    .ARM.Collect$$libinit$$00000017  c_w.l(libinit2.o)
    0x000002e6   0x000002e6   0x00000000   Code   RO         2114    .ARM.Collect$$libinit$$00000019  c_w.l(libinit2.o)
    0x000002e6   0x000002e6   0x00000000   Code   RO         2116    .ARM.Collect$$libinit$$0000001B  c_w.l(libinit2.o)
    0x000002e6   0x000002e6   0x00000000   Code   RO         2118    .ARM.Collect$$libinit$$0000001D  c_w.l(libinit2.o)
    0x000002e6   0x000002e6   0x00000000   Code   RO         2120    .ARM.Collect$$libinit$$0000001F  c_w.l(libinit2.o)
    0x000002e6   0x000002e6   0x00000000   Code   RO         2122    .ARM.Collect$$libinit$$00000021  c_w.l(libinit2.o)
    0x000002e6   0x000002e6   0x00000000   Code   RO         2124    .ARM.Collect$$libinit$$00000023  c_w.l(libinit2.o)
    0x000002e6   0x000002e6   0x00000000   Code   RO         2126    .ARM.Collect$$libinit$$00000025  c_w.l(libinit2.o)
    0x000002e6   0x000002e6   0x00000000   Code   RO         2130    .ARM.Collect$$libinit$$0000002C  c_w.l(libinit2.o)
    0x000002e6   0x000002e6   0x00000000   Code   RO         2132    .ARM.Collect$$libinit$$0000002E  c_w.l(libinit2.o)
    0x000002e6   0x000002e6   0x00000000   Code   RO         2134    .ARM.Collect$$libinit$$00000030  c_w.l(libinit2.o)
    0x000002e6   0x000002e6   0x00000000   Code   RO         2136    .ARM.Collect$$libinit$$00000032  c_w.l(libinit2.o)
    0x000002e6   0x000002e6   0x00000002   Code   RO         2137    .ARM.Collect$$libinit$$00000033  c_w.l(libinit2.o)
    0x000002e8   0x000002e8   0x00000002   Code   RO         2157    .ARM.Collect$$libshutdown$$00000000  c_w.l(libshutdown.o)
    0x000002ea   0x000002ea   0x00000000   Code   RO         2170    .ARM.Collect$$libshutdown$$00000002  c_w.l(libshutdown2.o)
    0x000002ea   0x000002ea   0x00000000   Code   RO         2172    .ARM.Collect$$libshutdown$$00000004  c_w.l(libshutdown2.o)
    0x000002ea   0x000002ea   0x00000000   Code   RO         2175    .ARM.Collect$$libshutdown$$00000007  c_w.l(libshutdown2.o)
    0x000002ea   0x000002ea   0x00000000   Code   RO         2178    .ARM.Collect$$libshutdown$$0000000A  c_w.l(libshutdown2.o)
    0x000002ea   0x000002ea   0x00000000   Code   RO         2180    .ARM.Collect$$libshutdown$$0000000C  c_w.l(libshutdown2.o)
    0x000002ea   0x000002ea   0x00000000   Code   RO         2183    .ARM.Collect$$libshutdown$$0000000F  c_w.l(libshutdown2.o)
    0x000002ea   0x000002ea   0x00000002   Code   RO         2184    .ARM.Collect$$libshutdown$$00000010  c_w.l(libshutdown2.o)
    0x000002ec   0x000002ec   0x00000000   Code   RO         2053    .ARM.Collect$$rtentry$$00000000  c_w.l(__rtentry.o)
    0x000002ec   0x000002ec   0x00000000   Code   RO         2064    .ARM.Collect$$rtentry$$00000002  c_w.l(__rtentry2.o)
    0x000002ec   0x000002ec   0x00000006   Code   RO         2076    .ARM.Collect$$rtentry$$00000004  c_w.l(__rtentry4.o)
    0x000002f2   0x000002f2   0x00000008   Code   RO         2065    .ARM.Collect$$rtentry$$00000008  c_w.l(__rtentry2.o)
    0x000002fa   0x000002fa   0x00000004   Code   RO         2067    .ARM.Collect$$rtentry$$0000000A  c_w.l(__rtentry2.o)
    0x000002fe   0x000002fe   0x00000000   Code   RO         2069    .ARM.Collect$$rtentry$$0000000C  c_w.l(__rtentry2.o)
    0x000002fe   0x000002fe   0x00000008   Code   RO         2070    .ARM.Collect$$rtentry$$0000000D  c_w.l(__rtentry2.o)
    0x00000306   0x00000306   0x00000002   Code   RO         2091    .ARM.Collect$$rtexit$$00000000  c_w.l(rtexit.o)
    0x00000308   0x00000308   0x00000000   Code   RO         2139    .ARM.Collect$$rtexit$$00000002  c_w.l(rtexit2.o)
    0x00000308   0x00000308   0x00000004   Code   RO         2140    .ARM.Collect$$rtexit$$00000003  c_w.l(rtexit2.o)
    0x0000030c   0x0000030c   0x00000006   Code   RO         2141    .ARM.Collect$$rtexit$$00000004  c_w.l(rtexit2.o)
    0x00000312   0x00000312   0x00000002   PAD
    0x00000314   0x00000314   0x000000be   Code   RO         1169    .emb_text           port.o
    0x000003d2   0x000003d2   0x00000002   PAD
    0x000003d4   0x000003d4   0x00000114   Code   RO          845  * .text               startup_tm4c123.o
    0x000004e8   0x000004e8   0x0000008a   Code   RO         2021    .text               c_w.l(rt_memcpy_v6.o)
    0x00000572   0x00000572   0x00000010   Code   RO         2023    .text               c_w.l(aeabi_memset.o)
    0x00000582   0x00000582   0x00000006   Code   RO         2025    .text               c_w.l(heapauxi.o)
    0x00000588   0x00000588   0x00000064   Code   RO         2054    .text               c_w.l(rt_memcpy_w.o)
    0x000005ec   0x000005ec   0x00000044   Code   RO         2056    .text               c_w.l(rt_memclr.o)
    0x00000630   0x00000630   0x0000004e   Code   RO         2078    .text               c_w.l(rt_memclr_w.o)
    0x0000067e   0x0000067e   0x0000004a   Code   RO         2080    .text               c_w.l(sys_stackheap_outer.o)
    0x000006c8   0x000006c8   0x00000012   Code   RO         2082    .text               c_w.l(exit.o)
    0x000006da   0x000006da   0x00000002   PAD
    0x000006dc   0x000006dc   0x00000008   Code   RO         2088    .text               c_w.l(libspace.o)
    0x000006e4   0x000006e4   0x0000000c   Code   RO         2149    .text               c_w.l(sys_exit.o)
    0x000006f0   0x000006f0   0x00000002   Code   RO         2160    .text               c_w.l(use_no_semi.o)
    0x000006f2   0x000006f2   0x00000000   Code   RO         2162    .text               c_w.l(indicate_semi.o)
    0x000006f2   0x000006f2   0x00000002   PAD
    0x000006f4   0x000006f4   0x00000074   Code   RO          132    i.GPIO_EnableAltDigital  hal_gpio.o
    0x00000768   0x00000768   0x000000c0   Code   RO          134    i.GPIO_EnableDO     hal_gpio.o
    0x00000828   0x00000828   0x0000002c   Code   RO          135    i.GPIO_InitPort     hal_gpio.o
    0x00000854   0x00000854   0x00000028   Code   RO          136    i.GPIO_PinWrite     hal_gpio.o
    0x0000087c   0x0000087c   0x0000000e   Code   RO          288    i.SysTick_Handler   cmsis_os2.o
    0x0000088a   0x0000088a   0x00000002   PAD
    0x0000088c   0x0000088c   0x00000098   Code   RO          853    i.SystemInit        system_tm4c123.o
    0x00000924   0x00000924   0x0000013c   Code   RO          189    i.UART_Init         hal_uart.o
    0x00000a60   0x00000a60   0x00000006   Code   RO          290    i.__get_BASEPRI     cmsis_os2.o
    0x00000a66   0x00000a66   0x00000006   Code   RO          291    i.__get_IPSR        cmsis_os2.o
    0x00000a6c   0x00000a6c   0x00000006   Code   RO          292    i.__get_PRIMASK     cmsis_os2.o
    0x00000a72   0x00000a72   0x00000002   PAD
    0x00000a74   0x00000a74   0x000000d0   Code   RO         2047    i.__hardfp_modf     m_wm.l(modf.o)
    0x00000b44   0x00000b44   0x00000016   Code   RO          221    i._mutex_acquire    clib_arm.o
    0x00000b5a   0x00000b5a   0x0000000c   Code   RO          222    i._mutex_free       clib_arm.o
    0x00000b66   0x00000b66   0x00000018   Code   RO          223    i._mutex_initialize  clib_arm.o
    0x00000b7e   0x00000b7e   0x00000012   Code   RO          224    i._mutex_release    clib_arm.o
    0x00000b90   0x00000b90   0x00000008   Code   RO          225    i._platform_post_stackheap_init  clib_arm.o
    0x00000b98   0x00000b98   0x00000058   Code   RO            4    i.main              main.o
    0x00000bf0   0x00000bf0   0x00000034   Code   RO          302    i.osKernelGetState  cmsis_os2.o
    0x00000c24   0x00000c24   0x00000040   Code   RO          307    i.osKernelInitialize  cmsis_os2.o
    0x00000c64   0x00000c64   0x0000007c   Code   RO          321    i.osMutexAcquire    cmsis_os2.o
    0x00000ce0   0x00000ce0   0x00000040   Code   RO          322    i.osMutexDelete     cmsis_os2.o
    0x00000d20   0x00000d20   0x000000b8   Code   RO          324    i.osMutexNew        cmsis_os2.o
    0x00000dd8   0x00000dd8   0x00000068   Code   RO          325    i.osMutexRelease    cmsis_os2.o
    0x00000e40   0x00000e40   0x00000024   Code   RO          226    i.os_kernel_is_active  clib_arm.o
    0x00000e64   0x00000e64   0x0000007c   Code   RO         1486    i.prvAddCurrentTaskToDelayedList  tasks.o
    0x00000ee0   0x00000ee0   0x000000b8   Code   RO         1487    i.prvAddNewTaskToReadyList  tasks.o
    0x00000f98   0x00000f98   0x0000005c   Code   RO         1862    i.prvCheckForValidListAndQueue  timers.o
    0x00000ff4   0x00000ff4   0x00000048   Code   RO         1488    i.prvCheckTasksWaitingTermination  tasks.o
    0x0000103c   0x0000103c   0x0000002a   Code   RO         1252    i.prvCopyDataFromQueue  queue.o
    0x00001066   0x00001066   0x0000007c   Code   RO         1253    i.prvCopyDataToQueue  queue.o
    0x000010e2   0x000010e2   0x00000028   Code   RO         1489    i.prvDeleteTCB      tasks.o
    0x0000110a   0x0000110a   0x00000014   Code   RO         1254    i.prvGetDisinheritPriorityAfterTimeout  queue.o
    0x0000111e   0x0000111e   0x00000002   PAD
    0x00001120   0x00001120   0x00000028   Code   RO         1863    i.prvGetNextExpireTime  timers.o
    0x00001148   0x00001148   0x0000007c   Code   RO         1108    i.prvHeapInit       heap_4.o
    0x000011c4   0x000011c4   0x00000028   Code   RO         1490    i.prvIdleTask       tasks.o
    0x000011ec   0x000011ec   0x0000001c   Code   RO         1255    i.prvInitialiseMutex  queue.o
    0x00001208   0x00001208   0x0000002a   Code   RO         1256    i.prvInitialiseNewQueue  queue.o
    0x00001232   0x00001232   0x00000090   Code   RO         1491    i.prvInitialiseNewTask  tasks.o
    0x000012c2   0x000012c2   0x00000002   PAD
    0x000012c4   0x000012c4   0x00000068   Code   RO         1492    i.prvInitialiseTaskLists  tasks.o
    0x0000132c   0x0000132c   0x00000068   Code   RO         1109    i.prvInsertBlockIntoFreeList  heap_4.o
    0x00001394   0x00001394   0x00000058   Code   RO         1865    i.prvInsertTimerInActiveList  timers.o
    0x000013ec   0x000013ec   0x0000001a   Code   RO         1257    i.prvIsQueueEmpty   queue.o
    0x00001406   0x00001406   0x0000001e   Code   RO         1258    i.prvIsQueueFull    queue.o
    0x00001424   0x00001424   0x0000004c   Code   RO         1866    i.prvProcessExpiredTimer  timers.o
    0x00001470   0x00001470   0x000000d4   Code   RO         1867    i.prvProcessReceivedCommands  timers.o
    0x00001544   0x00001544   0x00000074   Code   RO         1868    i.prvProcessTimerOrBlockTask  timers.o
    0x000015b8   0x000015b8   0x00000034   Code   RO         1494    i.prvResetNextTaskUnblockTime  tasks.o
    0x000015ec   0x000015ec   0x0000002c   Code   RO         1869    i.prvSampleTimeNow  timers.o
    0x00001618   0x00001618   0x00000022   Code   RO            5    i.prvSetupHardware  main.o
    0x0000163a   0x0000163a   0x00000002   PAD
    0x0000163c   0x0000163c   0x00000084   Code   RO         1870    i.prvSwitchTimerLists  timers.o
    0x000016c0   0x000016c0   0x00000016   Code   RO         1170    i.prvTaskExitError  port.o
    0x000016d6   0x000016d6   0x0000001a   Code   RO         1871    i.prvTimerTask      timers.o
    0x000016f0   0x000016f0   0x0000007e   Code   RO         1259    i.prvUnlockQueue    queue.o
    0x0000176e   0x0000176e   0x00000002   PAD
    0x00001770   0x00001770   0x000000d0   Code   RO         1110    i.pvPortMalloc      heap_4.o
    0x00001840   0x00001840   0x00000020   Code   RO         1497    i.pvTaskIncrementMutexHeldCount  tasks.o
    0x00001860   0x00001860   0x0000002c   Code   RO         1171    i.pxPortInitialiseStack  port.o
    0x0000188c   0x0000188c   0x00000028   Code   RO         1057    i.uxListRemove      list.o
    0x000018b4   0x000018b4   0x00000018   Code   RO          355    i.vApplicationGetIdleTaskMemory  cmsis_os2.o
    0x000018cc   0x000018cc   0x00000018   Code   RO          356    i.vApplicationGetTimerTaskMemory  cmsis_os2.o
    0x000018e4   0x000018e4   0x00000002   Code   RO          357    i.vApplicationStackOverflowHook  cmsis_os2.o
    0x000018e6   0x000018e6   0x00000002   PAD
    0x000018e8   0x000018e8   0x00000024   Code   RO            6    i.vBlinky           main.o
    0x0000190c   0x0000190c   0x0000002c   Code   RO            7    i.vBlinky1          main.o
    0x00001938   0x00001938   0x0000001a   Code   RO         1058    i.vListInitialise   list.o
    0x00001952   0x00001952   0x00000006   Code   RO         1059    i.vListInitialiseItem  list.o
    0x00001958   0x00001958   0x00000034   Code   RO         1060    i.vListInsert       list.o
    0x0000198c   0x0000198c   0x00000018   Code   RO         1061    i.vListInsertEnd    list.o
    0x000019a4   0x000019a4   0x00000024   Code   RO         1173    i.vPortEnterCritical  port.o
    0x000019c8   0x000019c8   0x00000020   Code   RO         1174    i.vPortExitCritical  port.o
    0x000019e8   0x000019e8   0x00000048   Code   RO         1111    i.vPortFree         heap_4.o
    0x00001a30   0x00001a30   0x00000028   Code   RO         1175    i.vPortSetupTimerInterrupt  port.o
    0x00001a58   0x00001a58   0x00000014   Code   RO         1265    i.vQueueDelete      queue.o
    0x00001a6c   0x00001a6c   0x0000004a   Code   RO         1267    i.vQueueWaitForMessageRestricted  queue.o
    0x00001ab6   0x00001ab6   0x00000002   PAD
    0x00001ab8   0x00001ab8   0x00000034   Code   RO         1506    i.vTaskDelay        tasks.o
    0x00001aec   0x00001aec   0x00000018   Code   RO         1511    i.vTaskInternalSetTimeOutState  tasks.o
    0x00001b04   0x00001b04   0x0000000c   Code   RO         1512    i.vTaskMissedYield  tasks.o
    0x00001b10   0x00001b10   0x00000020   Code   RO         1514    i.vTaskPlaceOnEventList  tasks.o
    0x00001b30   0x00001b30   0x00000028   Code   RO         1515    i.vTaskPlaceOnEventListRestricted  tasks.o
    0x00001b58   0x00001b58   0x00000088   Code   RO         1517    i.vTaskPriorityDisinheritAfterTimeout  tasks.o
    0x00001be0   0x00001be0   0x00000094   Code   RO         1523    i.vTaskStartScheduler  tasks.o
    0x00001c74   0x00001c74   0x00000010   Code   RO         1525    i.vTaskSuspendAll   tasks.o
    0x00001c84   0x00001c84   0x000000b0   Code   RO         1526    i.vTaskSwitchContext  tasks.o
    0x00001d34   0x00001d34   0x00000048   Code   RO         1176    i.xPortStartScheduler  port.o
    0x00001d7c   0x00001d7c   0x00000034   Code   RO         1177    i.xPortSysTickHandler  port.o
    0x00001db0   0x00001db0   0x00000022   Code   RO         1270    i.xQueueCreateMutex  queue.o
    0x00001dd2   0x00001dd2   0x0000002a   Code   RO         1271    i.xQueueCreateMutexStatic  queue.o
    0x00001dfc   0x00001dfc   0x0000003e   Code   RO         1272    i.xQueueGenericCreate  queue.o
    0x00001e3a   0x00001e3a   0x0000002e   Code   RO         1273    i.xQueueGenericCreateStatic  queue.o
    0x00001e68   0x00001e68   0x00000080   Code   RO         1274    i.xQueueGenericReset  queue.o
    0x00001ee8   0x00001ee8   0x00000118   Code   RO         1275    i.xQueueGenericSend  queue.o
    0x00002000   0x00002000   0x00000086   Code   RO         1276    i.xQueueGenericSendFromISR  queue.o
    0x00002086   0x00002086   0x00000030   Code   RO         1280    i.xQueueGiveMutexRecursive  queue.o
    0x000020b6   0x000020b6   0x00000002   PAD
    0x000020b8   0x000020b8   0x00000104   Code   RO         1285    i.xQueueReceive     queue.o
    0x000021bc   0x000021bc   0x00000130   Code   RO         1287    i.xQueueSemaphoreTake  queue.o
    0x000022ec   0x000022ec   0x00000036   Code   RO         1288    i.xQueueTakeMutexRecursive  queue.o
    0x00002322   0x00002322   0x00000002   PAD
    0x00002324   0x00002324   0x0000005c   Code   RO         1527    i.xTaskCheckForTimeOut  tasks.o
    0x00002380   0x00002380   0x00000064   Code   RO         1528    i.xTaskCreate       tasks.o
    0x000023e4   0x000023e4   0x0000004e   Code   RO         1529    i.xTaskCreateStatic  tasks.o
    0x00002432   0x00002432   0x00000002   PAD
    0x00002434   0x00002434   0x0000000c   Code   RO         1532    i.xTaskGetCurrentTaskHandle  tasks.o
    0x00002440   0x00002440   0x00000020   Code   RO         1533    i.xTaskGetSchedulerState  tasks.o
    0x00002460   0x00002460   0x0000000c   Code   RO         1534    i.xTaskGetTickCount  tasks.o
    0x0000246c   0x0000246c   0x00000118   Code   RO         1536    i.xTaskIncrementTick  tasks.o
    0x00002584   0x00002584   0x00000060   Code   RO         1539    i.xTaskPriorityDisinherit  tasks.o
    0x000025e4   0x000025e4   0x000000a4   Code   RO         1540    i.xTaskPriorityInherit  tasks.o
    0x00002688   0x00002688   0x00000080   Code   RO         1541    i.xTaskRemoveFromEventList  tasks.o
    0x00002708   0x00002708   0x000000e8   Code   RO         1542    i.xTaskResumeAll    tasks.o
    0x000027f0   0x000027f0   0x00000060   Code   RO         1878    i.xTimerCreateTimerTask  timers.o
    0x00002850   0x00002850   0x0000006c   Code   RO         1879    i.xTimerGenericCommand  timers.o
    0x000028bc   0x000028bc   0x00000150   Code   RO         2029    x$fpl$dadd          fz_wm.l(daddsub_clz.o)
    0x00002a0c   0x00002a0c   0x0000005a   Code   RO         2035    x$fpl$dfixu         fz_wm.l(dfixu.o)
    0x00002a66   0x00002a66   0x00000026   Code   RO         2039    x$fpl$dfltu         fz_wm.l(dflt_clz.o)
    0x00002a8c   0x00002a8c   0x00000154   Code   RO         2045    x$fpl$dmul          fz_wm.l(dmul.o)
    0x00002be0   0x00002be0   0x0000009c   Code   RO         2058    x$fpl$dnaninf       fz_wm.l(dnaninf.o)
    0x00002c7c   0x00002c7c   0x0000000c   Code   RO         2060    x$fpl$dretinf       fz_wm.l(dretinf.o)
    0x00002c88   0x00002c88   0x000001d4   Code   RO         2031    x$fpl$dsub          fz_wm.l(daddsub_clz.o)
    0x00002e5c   0x00002e5c   0x0000000a   Code   RO         2147    x$fpl$fpinit        fz_wm.l(fpinit.o)
    0x00002e66   0x00002e66   0x00000000   Code   RO         2062    x$fpl$usenofp       fz_wm.l(usenofp.o)
    0x00002e66   0x00002e66   0x00000002   PAD
    0x00002e68   0x00002e68   0x00000020   Data   RO         2215    Region$$Table       anon$$obj.o


    Execution Region ER_RW (Exec base: 0x20000000, Load base: 0x00002e88, Size: 0x000000b0, Max: 0xffffffff, ABSOLUTE)

    Exec Addr    Load Addr    Size         Type   Attr      Idx    E Section Name        Object

    0x20000000   0x00002e88   0x00000018   Data   RW          137    .data               hal_gpio.o
    0x20000018   0x00002ea0   0x00000020   Data   RW          190    .data               hal_uart.o
    0x20000038   0x00002ec0   0x00000001   Data   RW          228    .data               clib_arm.o
    0x20000039   0x00002ec1   0x00000003   PAD
    0x2000003c   0x00002ec4   0x00000004   Data   RW          359    .data               cmsis_os2.o
    0x20000040   0x00002ec8   0x00000004   Data   RW          855    .data               system_tm4c123.o
    0x20000044   0x00002ecc   0x00000018   Data   RW         1116    .data               heap_4.o
    0x2000005c   0x00002ee4   0x00000004   Data   RW         1178    .data               port.o
    0x20000060   0x00002ee8   0x0000003c   Data   RW         1545    .data               tasks.o
    0x2000009c   0x00002f24   0x00000014   Data   RW         1887    .data               timers.o


    Execution Region ER_ZI (Exec base: 0x200000b0, Load base: 0x00002f38, Size: 0x00002be8, Max: 0xffffffff, ABSOLUTE)

    Exec Addr    Load Addr    Size         Type   Attr      Idx    E Section Name        Object

    0x200000b0        -       0x000003f8   Zero   RW          358    .bss                cmsis_os2.o
    0x200004a8        -       0x00002000   Zero   RW         1115    .bss                heap_4.o
    0x200024a8        -       0x000004c4   Zero   RW         1544    .bss                tasks.o
    0x2000296c        -       0x000000c8   Zero   RW         1886    .bss                timers.o
    0x20002a34        -       0x00000060   Zero   RW         2089    .bss                c_w.l(libspace.o)
    0x20002a94   0x00002f38   0x00000004   PAD
    0x20002a98        -       0x00000000   Zero   RW          843    HEAP                startup_tm4c123.o
    0x20002a98        -       0x00000200   Zero   RW          842    STACK               startup_tm4c123.o


==============================================================================

Image component sizes


      Code (inc. data)   RO Data    RW Data    ZI Data      Debug   Object Name

       120          4          0          1          0       8216   clib_arm.o
       674         46          0          4       1016      40034   cmsis_os2.o
         0          0          0          0          0      17364   event_groups.o
       392         20          0         24          0       4022   hal_gpio.o
       316         38          0         32          0       1571   hal_uart.o
       508         62          0         24       8192       4207   heap_4.o
       148          0          0          0          0      11954   list.o
       202         48          0          0          0      39951   main.o
       488         56          0          4          0       9712   port.o
      1924         18          0          0          0      18564   queue.o
       276         24        620          0        512       5420   startup_tm4c123.o
       152         40          0          4          0        779   system_tm4c123.o
      2654        374          0         60       1220      32975   tasks.o
      1030        116          0         20        200       9599   timers.o

    ----------------------------------------------------------------------
      8908        846        652        176      11140     204368   Object Totals
         0          0         32          0          0          0   (incl. Generated)
        24          0          0          3          0          0   (incl. Padding)

    ----------------------------------------------------------------------

      Code (inc. data)   RO Data    RW Data    ZI Data      Debug   Library Member Name

         8          0          0          0          0         68   __main.o
         0          0          0          0          0          0   __rtentry.o
        20          0          0          0          0          0   __rtentry2.o
         6          0          0          0          0          0   __rtentry4.o
        52          8          0          0          0          0   __scatter.o
        26          0          0          0          0          0   __scatter_copy.o
        28          0          0          0          0          0   __scatter_zi.o
        16          0          0          0          0         68   aeabi_memset.o
        18          0          0          0          0         80   exit.o
         6          0          0          0          0        152   heapauxi.o
         0          0          0          0          0          0   indicate_semi.o
         2          0          0          0          0          0   libinit.o
         6          0          0          0          0          0   libinit2.o
         2          0          0          0          0          0   libshutdown.o
         2          0          0          0          0          0   libshutdown2.o
         8          4          0          0         96         68   libspace.o
        68          0          0          0          0         68   rt_memclr.o
        78          0          0          0          0         80   rt_memclr_w.o
       138          0          0          0          0         68   rt_memcpy_v6.o
       100          0          0          0          0         80   rt_memcpy_w.o
         2          0          0          0          0          0   rtexit.o
        10          0          0          0          0          0   rtexit2.o
        12          4          0          0          0         68   sys_exit.o
        74          0          0          0          0         80   sys_stackheap_outer.o
         2          0          0          0          0         68   use_no_semi.o
       804         16          0          0          0        368   daddsub_clz.o
        90          4          0          0          0        140   dfixu.o
        38          0          0          0          0        116   dflt_clz.o
       340         12          0          0          0        152   dmul.o
       156          4          0          0          0        140   dnaninf.o
        12          0          0          0          0        116   dretinf.o
        10          0          0          0          0        116   fpinit.o
         0          0          0          0          0          0   usenofp.o
       208          6          0          0          0        152   modf.o

    ----------------------------------------------------------------------
      2352         58          0          0        100       2248   Library Totals
        10          0          0          0          4          0   (incl. Padding)

    ----------------------------------------------------------------------

      Code (inc. data)   RO Data    RW Data    ZI Data      Debug   Library Name

       684         16          0          0         96        948   c_w.l
      1450         36          0          0          0       1148   fz_wm.l
       208          6          0          0          0        152   m_wm.l

    ----------------------------------------------------------------------
      2352         58          0          0        100       2248   Library Totals

    ----------------------------------------------------------------------

==============================================================================


      Code (inc. data)   RO Data    RW Data    ZI Data      Debug   

     11260        904        652        176      11240     195100   Grand Totals
     11260        904        652        176      11240     195100   ELF Image Totals
     11260        904        652        176          0          0   ROM Totals

==============================================================================

    Total RO  Size (Code + RO Data)                11912 (  11.63kB)
    Total RW  Size (RW Data + ZI Data)             11416 (  11.15kB)
    Total ROM Size (Code + RO Data + RW Data)      12088 (  11.80kB)

==============================================================================

